../Core/Src/main.c:109:6:map	8	static
../Core/Src/main.c:122:7:map_f	24	static
../Core/Src/main.c:136:9:constrain	12	static
../Core/Src/main.c:158:7:constrain_f	16	static
../Core/Src/main.c:180:9:scroll_value	12	static
../Core/Src/main.c:205:7:scroll_value_f	16	static
../Core/Src/main.c:230:9:random_number	24	static
../Core/Src/main.c:253:7:adc_read	56	static
../Core/Src/main.c:328:9:encoder_managment	20	static
../Core/Src/main.c:370:7:encoder_managment_f	32	static
../Core/Src/main.c:412:6:oled_converter	40	static
../Core/Src/main.c:499:6:oled_solder_station	40	static
../Core/Src/main.c:576:6:oled_hello	8	static
../Core/Src/main.c:587:6:oled_debug	32	static
../Core/Src/main.c:603:6:interface_task	48	static
../Core/Src/main.c:923:6:SystemClock_Config	80	static,ignoring_inline_asm
../Core/Src/main.c:840:5:main	120	static,ignoring_inline_asm
../Core/Src/main.c:1275:6:Error_Handler	0	static,ignoring_inline_asm
