../Core/Src/main.c:109:6:map	1
../Core/Src/main.c:122:7:map_f	1
../Core/Src/main.c:136:9:constrain	7
../Core/Src/main.c:158:7:constrain_f	3
../Core/Src/main.c:180:9:scroll_value	7
../Core/Src/main.c:205:7:scroll_value_f	3
../Core/Src/main.c:230:9:random_number	5
../Core/Src/main.c:253:7:adc_read	8
../Core/Src/main.c:328:9:encoder_managment	12
../Core/Src/main.c:370:7:encoder_managment_f	8
../Core/Src/main.c:412:6:oled_converter	5
../Core/Src/main.c:499:6:oled_solder_station	6
../Core/Src/main.c:576:6:oled_hello	1
../Core/Src/main.c:587:6:oled_debug	1
../Core/Src/main.c:603:6:interface_task	30
../Core/Src/main.c:923:6:SystemClock_Config	3
../Core/Src/main.c:840:5:main	14
../Core/Src/main.c:1275:6:Error_Handler	1
