Archive member included because of file (symbol)

c:/users/jacek/documents/mkclipse/avr toolchain/bin/../lib/gcc/avr/5.4.0/avr4\libgcc.a(_mulsi3.o)
                              Release/bme280.o (__mulsi3)
c:/users/jacek/documents/mkclipse/avr toolchain/bin/../lib/gcc/avr/5.4.0/avr4\libgcc.a(_udivmodhi4.o)
                              Release/main.o (__udivmodhi4)
c:/users/jacek/documents/mkclipse/avr toolchain/bin/../lib/gcc/avr/5.4.0/avr4\libgcc.a(_exit.o)
                              c:/users/jacek/documents/mkclipse/avr toolchain/bin/../lib/gcc/avr/5.4.0/../../../../avr/lib/avr4/crtatmega8.o (exit)
c:/users/jacek/documents/mkclipse/avr toolchain/bin/../lib/gcc/avr/5.4.0/avr4\libgcc.a(_copy_data.o)
                              Release/ftoa.o (__do_copy_data)
c:/users/jacek/documents/mkclipse/avr toolchain/bin/../lib/gcc/avr/5.4.0/avr4\libgcc.a(_clear_bss.o)
                              Release/bme280.o (__do_clear_bss)
c:/users/jacek/documents/mkclipse/avr toolchain/bin/../lib/gcc/avr/5.4.0/avr4\libgcc.a(_muluhisi3.o)
                              Release/bme280.o (__muluhisi3)
c:/users/jacek/documents/mkclipse/avr toolchain/bin/../lib/gcc/avr/5.4.0/avr4\libgcc.a(_mulshisi3.o)
                              Release/bme280.o (__mulshisi3)
c:/users/jacek/documents/mkclipse/avr toolchain/bin/../lib/gcc/avr/5.4.0/avr4\libgcc.a(_muldi3.o)
                              Release/bme280.o (__muldi3)
c:/users/jacek/documents/mkclipse/avr toolchain/bin/../lib/gcc/avr/5.4.0/avr4\libgcc.a(_muldi3_6.o)
                              c:/users/jacek/documents/mkclipse/avr toolchain/bin/../lib/gcc/avr/5.4.0/avr4\libgcc.a(_muldi3.o) (__muldi3_6)
c:/users/jacek/documents/mkclipse/avr toolchain/bin/../lib/gcc/avr/5.4.0/avr4\libgcc.a(_divdi3.o)
                              Release/bme280.o (__divdi3)
c:/users/jacek/documents/mkclipse/avr toolchain/bin/../lib/gcc/avr/5.4.0/avr4\libgcc.a(_udivdi3.o)
                              c:/users/jacek/documents/mkclipse/avr toolchain/bin/../lib/gcc/avr/5.4.0/avr4\libgcc.a(_divdi3.o) (__udivdi3_umoddi3)
c:/users/jacek/documents/mkclipse/avr toolchain/bin/../lib/gcc/avr/5.4.0/avr4\libgcc.a(_udivmod64.o)
                              c:/users/jacek/documents/mkclipse/avr toolchain/bin/../lib/gcc/avr/5.4.0/avr4\libgcc.a(_divdi3.o) (__udivmod64)
c:/users/jacek/documents/mkclipse/avr toolchain/bin/../lib/gcc/avr/5.4.0/avr4\libgcc.a(_negdi2.o)
                              c:/users/jacek/documents/mkclipse/avr toolchain/bin/../lib/gcc/avr/5.4.0/avr4\libgcc.a(_divdi3.o) (__negdi2)
c:/users/jacek/documents/mkclipse/avr toolchain/bin/../lib/gcc/avr/5.4.0/avr4\libgcc.a(_prologue.o)
                              c:/users/jacek/documents/mkclipse/avr toolchain/bin/../lib/gcc/avr/5.4.0/avr4\libgcc.a(_divdi3.o) (__prologue_saves__)
c:/users/jacek/documents/mkclipse/avr toolchain/bin/../lib/gcc/avr/5.4.0/avr4\libgcc.a(_epilogue.o)
                              c:/users/jacek/documents/mkclipse/avr toolchain/bin/../lib/gcc/avr/5.4.0/avr4\libgcc.a(_divdi3.o) (__epilogue_restores__)
c:/users/jacek/documents/mkclipse/avr toolchain/bin/../lib/gcc/avr/5.4.0/avr4\libgcc.a(_ashldi3.o)
                              Release/bme280.o (__ashldi3)
c:/users/jacek/documents/mkclipse/avr toolchain/bin/../lib/gcc/avr/5.4.0/avr4\libgcc.a(_ashrdi3.o)
                              Release/bme280.o (__ashrdi3)
c:/users/jacek/documents/mkclipse/avr toolchain/bin/../lib/gcc/avr/5.4.0/avr4\libgcc.a(_adddi3.o)
                              Release/bme280.o (__adddi3)
c:/users/jacek/documents/mkclipse/avr toolchain/bin/../lib/gcc/avr/5.4.0/avr4\libgcc.a(_adddi3_s8.o)
                              Release/main.o (__adddi3_s8)
c:/users/jacek/documents/mkclipse/avr toolchain/bin/../lib/gcc/avr/5.4.0/avr4\libgcc.a(_subdi3.o)
                              Release/bme280.o (__subdi3)
c:/users/jacek/documents/mkclipse/avr toolchain/bin/../lib/gcc/avr/5.4.0/avr4\libgcc.a(_cmpdi2_s8.o)
                              Release/bme280.o (__cmpdi2_s8)
c:/users/jacek/documents/mkclipse/avr toolchain/bin/../lib/gcc/avr/5.4.0/avr4\libgcc.a(_umulhisi3.o)
                              c:/users/jacek/documents/mkclipse/avr toolchain/bin/../lib/gcc/avr/5.4.0/avr4\libgcc.a(_muluhisi3.o) (__umulhisi3)
c:/users/jacek/documents/mkclipse/avr toolchain/bin/../lib/gcc/avr/5.4.0/../../../../avr/lib/avr4\libm.a(addsf3.o)
                              Release/bme280.o (__subsf3)
c:/users/jacek/documents/mkclipse/avr toolchain/bin/../lib/gcc/avr/5.4.0/../../../../avr/lib/avr4\libm.a(addsf3x.o)
                              c:/users/jacek/documents/mkclipse/avr toolchain/bin/../lib/gcc/avr/5.4.0/../../../../avr/lib/avr4\libm.a(addsf3.o) (__addsf3x)
c:/users/jacek/documents/mkclipse/avr toolchain/bin/../lib/gcc/avr/5.4.0/../../../../avr/lib/avr4\libm.a(divsf3.o)
                              Release/bme280.o (__divsf3)
c:/users/jacek/documents/mkclipse/avr toolchain/bin/../lib/gcc/avr/5.4.0/../../../../avr/lib/avr4\libm.a(divsf3x.o)
                              c:/users/jacek/documents/mkclipse/avr toolchain/bin/../lib/gcc/avr/5.4.0/../../../../avr/lib/avr4\libm.a(divsf3.o) (__divsf3x)
c:/users/jacek/documents/mkclipse/avr toolchain/bin/../lib/gcc/avr/5.4.0/../../../../avr/lib/avr4\libm.a(fixsfsi.o)
                              Release/ftoa.o (__fixsfsi)
c:/users/jacek/documents/mkclipse/avr toolchain/bin/../lib/gcc/avr/5.4.0/../../../../avr/lib/avr4\libm.a(fixunssfsi.o)
                              Release/main.o (__fixunssfsi)
c:/users/jacek/documents/mkclipse/avr toolchain/bin/../lib/gcc/avr/5.4.0/../../../../avr/lib/avr4\libm.a(floatdisf.o)
                              Release/bme280.o (__floatdisf)
c:/users/jacek/documents/mkclipse/avr toolchain/bin/../lib/gcc/avr/5.4.0/../../../../avr/lib/avr4\libm.a(floatsisf.o)
                              Release/bme280.o (__floatunsisf)
c:/users/jacek/documents/mkclipse/avr toolchain/bin/../lib/gcc/avr/5.4.0/../../../../avr/lib/avr4\libm.a(floatundisf.o)
                              c:/users/jacek/documents/mkclipse/avr toolchain/bin/../lib/gcc/avr/5.4.0/../../../../avr/lib/avr4\libm.a(floatdisf.o) (__fp_di2sf)
c:/users/jacek/documents/mkclipse/avr toolchain/bin/../lib/gcc/avr/5.4.0/../../../../avr/lib/avr4\libm.a(fp_inf.o)
                              c:/users/jacek/documents/mkclipse/avr toolchain/bin/../lib/gcc/avr/5.4.0/../../../../avr/lib/avr4\libm.a(addsf3x.o) (__fp_inf)
c:/users/jacek/documents/mkclipse/avr toolchain/bin/../lib/gcc/avr/5.4.0/../../../../avr/lib/avr4\libm.a(fp_nan.o)
                              c:/users/jacek/documents/mkclipse/avr toolchain/bin/../lib/gcc/avr/5.4.0/../../../../avr/lib/avr4\libm.a(addsf3x.o) (__fp_nan)
c:/users/jacek/documents/mkclipse/avr toolchain/bin/../lib/gcc/avr/5.4.0/../../../../avr/lib/avr4\libm.a(fp_negdi.o)
                              c:/users/jacek/documents/mkclipse/avr toolchain/bin/../lib/gcc/avr/5.4.0/../../../../avr/lib/avr4\libm.a(floatdisf.o) (__fp_negdi)
c:/users/jacek/documents/mkclipse/avr toolchain/bin/../lib/gcc/avr/5.4.0/../../../../avr/lib/avr4\libm.a(fp_pscA.o)
                              c:/users/jacek/documents/mkclipse/avr toolchain/bin/../lib/gcc/avr/5.4.0/../../../../avr/lib/avr4\libm.a(addsf3x.o) (__fp_pscA)
c:/users/jacek/documents/mkclipse/avr toolchain/bin/../lib/gcc/avr/5.4.0/../../../../avr/lib/avr4\libm.a(fp_pscB.o)
                              c:/users/jacek/documents/mkclipse/avr toolchain/bin/../lib/gcc/avr/5.4.0/../../../../avr/lib/avr4\libm.a(addsf3x.o) (__fp_pscB)
c:/users/jacek/documents/mkclipse/avr toolchain/bin/../lib/gcc/avr/5.4.0/../../../../avr/lib/avr4\libm.a(fp_round.o)
                              c:/users/jacek/documents/mkclipse/avr toolchain/bin/../lib/gcc/avr/5.4.0/../../../../avr/lib/avr4\libm.a(addsf3.o) (__fp_round)
c:/users/jacek/documents/mkclipse/avr toolchain/bin/../lib/gcc/avr/5.4.0/../../../../avr/lib/avr4\libm.a(fp_split3.o)
                              c:/users/jacek/documents/mkclipse/avr toolchain/bin/../lib/gcc/avr/5.4.0/../../../../avr/lib/avr4\libm.a(addsf3x.o) (__fp_split3)
c:/users/jacek/documents/mkclipse/avr toolchain/bin/../lib/gcc/avr/5.4.0/../../../../avr/lib/avr4\libm.a(fp_zero.o)
                              c:/users/jacek/documents/mkclipse/avr toolchain/bin/../lib/gcc/avr/5.4.0/../../../../avr/lib/avr4\libm.a(addsf3x.o) (__fp_zero)
c:/users/jacek/documents/mkclipse/avr toolchain/bin/../lib/gcc/avr/5.4.0/../../../../avr/lib/avr4\libm.a(mulsf3.o)
                              Release/bme280.o (__mulsf3)
c:/users/jacek/documents/mkclipse/avr toolchain/bin/../lib/gcc/avr/5.4.0/../../../../avr/lib/avr4\libm.a(mulsf3x.o)
                              c:/users/jacek/documents/mkclipse/avr toolchain/bin/../lib/gcc/avr/5.4.0/../../../../avr/lib/avr4\libm.a(mulsf3.o) (__mulsf3x)
c:/users/jacek/documents/mkclipse/avr toolchain/bin/../lib/gcc/avr/5.4.0/../../../../avr/lib/avr4\libm.a(pow.o)
                              Release/bme280.o (pow)
c:/users/jacek/documents/mkclipse/avr toolchain/bin/../lib/gcc/avr/5.4.0/../../../../avr/lib/avr4\libm.a(exp.o)
                              c:/users/jacek/documents/mkclipse/avr toolchain/bin/../lib/gcc/avr/5.4.0/../../../../avr/lib/avr4\libm.a(pow.o) (exp)
c:/users/jacek/documents/mkclipse/avr toolchain/bin/../lib/gcc/avr/5.4.0/../../../../avr/lib/avr4\libm.a(fp_powser.o)
                              c:/users/jacek/documents/mkclipse/avr toolchain/bin/../lib/gcc/avr/5.4.0/../../../../avr/lib/avr4\libm.a(exp.o) (__fp_powser)
c:/users/jacek/documents/mkclipse/avr toolchain/bin/../lib/gcc/avr/5.4.0/../../../../avr/lib/avr4\libm.a(inverse.o)
                              c:/users/jacek/documents/mkclipse/avr toolchain/bin/../lib/gcc/avr/5.4.0/../../../../avr/lib/avr4\libm.a(exp.o) (inverse)
c:/users/jacek/documents/mkclipse/avr toolchain/bin/../lib/gcc/avr/5.4.0/../../../../avr/lib/avr4\libm.a(ldexp.o)
                              c:/users/jacek/documents/mkclipse/avr toolchain/bin/../lib/gcc/avr/5.4.0/../../../../avr/lib/avr4\libm.a(exp.o) (ldexp)
c:/users/jacek/documents/mkclipse/avr toolchain/bin/../lib/gcc/avr/5.4.0/../../../../avr/lib/avr4\libm.a(log.o)
                              c:/users/jacek/documents/mkclipse/avr toolchain/bin/../lib/gcc/avr/5.4.0/../../../../avr/lib/avr4\libm.a(pow.o) (log)
c:/users/jacek/documents/mkclipse/avr toolchain/bin/../lib/gcc/avr/5.4.0/../../../../avr/lib/avr4\libm.a(modf.o)
                              c:/users/jacek/documents/mkclipse/avr toolchain/bin/../lib/gcc/avr/5.4.0/../../../../avr/lib/avr4\libm.a(exp.o) (modf)
c:/users/jacek/documents/mkclipse/avr toolchain/bin/../lib/gcc/avr/5.4.0/../../../../avr/lib/avr4\libm.a(fp_mpack.o)
                              c:/users/jacek/documents/mkclipse/avr toolchain/bin/../lib/gcc/avr/5.4.0/../../../../avr/lib/avr4\libm.a(ldexp.o) (__fp_mpack)
c:/users/jacek/documents/mkclipse/avr toolchain/bin/../lib/gcc/avr/5.4.0/../../../../avr/lib/avr4\libc.a(strlen_P.o)
                              Release/rfm69x.o (__strlen_P)
c:/users/jacek/documents/mkclipse/avr toolchain/bin/../lib/gcc/avr/5.4.0/../../../../avr/lib/avr4\libc.a(itoa_ncheck.o)
                              Release/ftoa.o (__itoa_ncheck)
c:/users/jacek/documents/mkclipse/avr toolchain/bin/../lib/gcc/avr/5.4.0/../../../../avr/lib/avr4\libc.a(utoa_ncheck.o)
                              c:/users/jacek/documents/mkclipse/avr toolchain/bin/../lib/gcc/avr/5.4.0/../../../../avr/lib/avr4\libc.a(itoa_ncheck.o) (__utoa_common)
c:/users/jacek/documents/mkclipse/avr toolchain/bin/../lib/gcc/avr/5.4.0/../../../../avr/lib/avr4\libc.a(strrev.o)
                              c:/users/jacek/documents/mkclipse/avr toolchain/bin/../lib/gcc/avr/5.4.0/../../../../avr/lib/avr4\libc.a(utoa_ncheck.o) (strrev)

Allocating common symbols
Common symbol       size              file

I2C_ErrorCode       0x1               Release/i2c.o
addr_filter_bytes   0x1               Release/rfm69x.o
RX_flag             0x1               Release/rfm69x.o
out_buf             0x6               Release/main.o
_bme280_calib       0x21              Release/bme280.o
t_fine              0x4               Release/bme280.o

Discarded input sections

 .data          0x00000000        0x0 c:/users/jacek/documents/mkclipse/avr toolchain/bin/../lib/gcc/avr/5.4.0/../../../../avr/lib/avr4/crtatmega8.o
 .bss           0x00000000        0x0 c:/users/jacek/documents/mkclipse/avr toolchain/bin/../lib/gcc/avr/5.4.0/../../../../avr/lib/avr4/crtatmega8.o
 .text          0x00000000        0x0 Release/bme280.o
 .data          0x00000000        0x0 Release/bme280.o
 .bss           0x00000000        0x0 Release/bme280.o
 .text.bme280_readAltitude
                0x00000000       0x4c Release/bme280.o
 .text.Adafruit_bme280_readPressure
                0x00000000      0x602 Release/bme280.o
 .text.readS16  0x00000000        0x2 Release/bme280.o
 .text.readS16_LE
                0x00000000        0x2 Release/bme280.o
 .text          0x00000000        0x0 Release/ftoa.o
 .data          0x00000000        0x0 Release/ftoa.o
 .bss           0x00000000        0x0 Release/ftoa.o
 .rodata        0x00000000       0x24 Release/ftoa.o
 .text.ftoa     0x00000000       0xfa Release/ftoa.o
 .comment       0x00000000       0x31 Release/ftoa.o
 .text          0x00000000        0x0 Release/i2c.o
 .data          0x00000000        0x0 Release/i2c.o
 .bss           0x00000000        0x0 Release/i2c.o
 .text.i2c_init
                0x00000000        0xc Release/i2c.o
 .text          0x00000000        0x0 Release/main.o
 .data          0x00000000        0x0 Release/main.o
 .bss           0x00000000        0x0 Release/main.o
 .text.map      0x00000000       0x32 Release/main.o
 .text          0x00000000        0x0 Release/rfm69x.o
 .data          0x00000000        0x0 Release/rfm69x.o
 .bss           0x00000000        0x0 Release/rfm69x.o
 .text.rfm69_rx_event_callback
                0x00000000        0xa Release/rfm69x.o
 .text.rfm69_SetModeAndModulation
                0x00000000       0x20 Release/rfm69x.o
 .text.rfm69_receive
                0x00000000       0x80 Release/rfm69x.o
 .text.rfm69_receiving
                0x00000000       0x14 Release/rfm69x.o
 .text.RFM69_RX_EVENT
                0x00000000       0x3e Release/rfm69x.o
 .text.rfm69_status
                0x00000000       0x2c Release/rfm69x.o
 .bss.rfm69_rx_callback
                0x00000000        0x2 Release/rfm69x.o
 .text          0x00000000        0x0 c:/users/jacek/documents/mkclipse/avr toolchain/bin/../lib/gcc/avr/5.4.0/avr4\libgcc.a(_mulsi3.o)
 .data          0x00000000        0x0 c:/users/jacek/documents/mkclipse/avr toolchain/bin/../lib/gcc/avr/5.4.0/avr4\libgcc.a(_mulsi3.o)
 .bss           0x00000000        0x0 c:/users/jacek/documents/mkclipse/avr toolchain/bin/../lib/gcc/avr/5.4.0/avr4\libgcc.a(_mulsi3.o)
 .text.libgcc.div
                0x00000000        0x0 c:/users/jacek/documents/mkclipse/avr toolchain/bin/../lib/gcc/avr/5.4.0/avr4\libgcc.a(_mulsi3.o)
 .text.libgcc   0x00000000        0x0 c:/users/jacek/documents/mkclipse/avr toolchain/bin/../lib/gcc/avr/5.4.0/avr4\libgcc.a(_mulsi3.o)
 .text.libgcc.prologue
                0x00000000        0x0 c:/users/jacek/documents/mkclipse/avr toolchain/bin/../lib/gcc/avr/5.4.0/avr4\libgcc.a(_mulsi3.o)
 .text.libgcc.builtins
                0x00000000        0x0 c:/users/jacek/documents/mkclipse/avr toolchain/bin/../lib/gcc/avr/5.4.0/avr4\libgcc.a(_mulsi3.o)
 .text.libgcc.fmul
                0x00000000        0x0 c:/users/jacek/documents/mkclipse/avr toolchain/bin/../lib/gcc/avr/5.4.0/avr4\libgcc.a(_mulsi3.o)
 .text.libgcc.fixed
                0x00000000        0x0 c:/users/jacek/documents/mkclipse/avr toolchain/bin/../lib/gcc/avr/5.4.0/avr4\libgcc.a(_mulsi3.o)
 .text          0x00000000        0x0 c:/users/jacek/documents/mkclipse/avr toolchain/bin/../lib/gcc/avr/5.4.0/avr4\libgcc.a(_udivmodhi4.o)
 .data          0x00000000        0x0 c:/users/jacek/documents/mkclipse/avr toolchain/bin/../lib/gcc/avr/5.4.0/avr4\libgcc.a(_udivmodhi4.o)
 .bss           0x00000000        0x0 c:/users/jacek/documents/mkclipse/avr toolchain/bin/../lib/gcc/avr/5.4.0/avr4\libgcc.a(_udivmodhi4.o)
 .text.libgcc.mul
                0x00000000        0x0 c:/users/jacek/documents/mkclipse/avr toolchain/bin/../lib/gcc/avr/5.4.0/avr4\libgcc.a(_udivmodhi4.o)
 .text.libgcc.div
                0x00000000       0x28 c:/users/jacek/documents/mkclipse/avr toolchain/bin/../lib/gcc/avr/5.4.0/avr4\libgcc.a(_udivmodhi4.o)
 .text.libgcc   0x00000000        0x0 c:/users/jacek/documents/mkclipse/avr toolchain/bin/../lib/gcc/avr/5.4.0/avr4\libgcc.a(_udivmodhi4.o)
 .text.libgcc.prologue
                0x00000000        0x0 c:/users/jacek/documents/mkclipse/avr toolchain/bin/../lib/gcc/avr/5.4.0/avr4\libgcc.a(_udivmodhi4.o)
 .text.libgcc.builtins
                0x00000000        0x0 c:/users/jacek/documents/mkclipse/avr toolchain/bin/../lib/gcc/avr/5.4.0/avr4\libgcc.a(_udivmodhi4.o)
 .text.libgcc.fmul
                0x00000000        0x0 c:/users/jacek/documents/mkclipse/avr toolchain/bin/../lib/gcc/avr/5.4.0/avr4\libgcc.a(_udivmodhi4.o)
 .text.libgcc.fixed
                0x00000000        0x0 c:/users/jacek/documents/mkclipse/avr toolchain/bin/../lib/gcc/avr/5.4.0/avr4\libgcc.a(_udivmodhi4.o)
 .text          0x00000000        0x0 c:/users/jacek/documents/mkclipse/avr toolchain/bin/../lib/gcc/avr/5.4.0/avr4\libgcc.a(_exit.o)
 .data          0x00000000        0x0 c:/users/jacek/documents/mkclipse/avr toolchain/bin/../lib/gcc/avr/5.4.0/avr4\libgcc.a(_exit.o)
 .bss           0x00000000        0x0 c:/users/jacek/documents/mkclipse/avr toolchain/bin/../lib/gcc/avr/5.4.0/avr4\libgcc.a(_exit.o)
 .text.libgcc.mul
                0x00000000        0x0 c:/users/jacek/documents/mkclipse/avr toolchain/bin/../lib/gcc/avr/5.4.0/avr4\libgcc.a(_exit.o)
 .text.libgcc.div
                0x00000000        0x0 c:/users/jacek/documents/mkclipse/avr toolchain/bin/../lib/gcc/avr/5.4.0/avr4\libgcc.a(_exit.o)
 .text.libgcc   0x00000000        0x0 c:/users/jacek/documents/mkclipse/avr toolchain/bin/../lib/gcc/avr/5.4.0/avr4\libgcc.a(_exit.o)
 .text.libgcc.prologue
                0x00000000        0x0 c:/users/jacek/documents/mkclipse/avr toolchain/bin/../lib/gcc/avr/5.4.0/avr4\libgcc.a(_exit.o)
 .text.libgcc.builtins
                0x00000000        0x0 c:/users/jacek/documents/mkclipse/avr toolchain/bin/../lib/gcc/avr/5.4.0/avr4\libgcc.a(_exit.o)
 .text.libgcc.fmul
                0x00000000        0x0 c:/users/jacek/documents/mkclipse/avr toolchain/bin/../lib/gcc/avr/5.4.0/avr4\libgcc.a(_exit.o)
 .text.libgcc.fixed
                0x00000000        0x0 c:/users/jacek/documents/mkclipse/avr toolchain/bin/../lib/gcc/avr/5.4.0/avr4\libgcc.a(_exit.o)
 .text          0x00000000        0x0 c:/users/jacek/documents/mkclipse/avr toolchain/bin/../lib/gcc/avr/5.4.0/avr4\libgcc.a(_copy_data.o)
 .data          0x00000000        0x0 c:/users/jacek/documents/mkclipse/avr toolchain/bin/../lib/gcc/avr/5.4.0/avr4\libgcc.a(_copy_data.o)
 .bss           0x00000000        0x0 c:/users/jacek/documents/mkclipse/avr toolchain/bin/../lib/gcc/avr/5.4.0/avr4\libgcc.a(_copy_data.o)
 .text.libgcc.mul
                0x00000000        0x0 c:/users/jacek/documents/mkclipse/avr toolchain/bin/../lib/gcc/avr/5.4.0/avr4\libgcc.a(_copy_data.o)
 .text.libgcc.div
                0x00000000        0x0 c:/users/jacek/documents/mkclipse/avr toolchain/bin/../lib/gcc/avr/5.4.0/avr4\libgcc.a(_copy_data.o)
 .text.libgcc   0x00000000        0x0 c:/users/jacek/documents/mkclipse/avr toolchain/bin/../lib/gcc/avr/5.4.0/avr4\libgcc.a(_copy_data.o)
 .text.libgcc.prologue
                0x00000000        0x0 c:/users/jacek/documents/mkclipse/avr toolchain/bin/../lib/gcc/avr/5.4.0/avr4\libgcc.a(_copy_data.o)
 .text.libgcc.builtins
                0x00000000        0x0 c:/users/jacek/documents/mkclipse/avr toolchain/bin/../lib/gcc/avr/5.4.0/avr4\libgcc.a(_copy_data.o)
 .text.libgcc.fmul
                0x00000000        0x0 c:/users/jacek/documents/mkclipse/avr toolchain/bin/../lib/gcc/avr/5.4.0/avr4\libgcc.a(_copy_data.o)
 .text.libgcc.fixed
                0x00000000        0x0 c:/users/jacek/documents/mkclipse/avr toolchain/bin/../lib/gcc/avr/5.4.0/avr4\libgcc.a(_copy_data.o)
 .text          0x00000000        0x0 c:/users/jacek/documents/mkclipse/avr toolchain/bin/../lib/gcc/avr/5.4.0/avr4\libgcc.a(_clear_bss.o)
 .data          0x00000000        0x0 c:/users/jacek/documents/mkclipse/avr toolchain/bin/../lib/gcc/avr/5.4.0/avr4\libgcc.a(_clear_bss.o)
 .bss           0x00000000        0x0 c:/users/jacek/documents/mkclipse/avr toolchain/bin/../lib/gcc/avr/5.4.0/avr4\libgcc.a(_clear_bss.o)
 .text.libgcc.mul
                0x00000000        0x0 c:/users/jacek/documents/mkclipse/avr toolchain/bin/../lib/gcc/avr/5.4.0/avr4\libgcc.a(_clear_bss.o)
 .text.libgcc.div
                0x00000000        0x0 c:/users/jacek/documents/mkclipse/avr toolchain/bin/../lib/gcc/avr/5.4.0/avr4\libgcc.a(_clear_bss.o)
 .text.libgcc   0x00000000        0x0 c:/users/jacek/documents/mkclipse/avr toolchain/bin/../lib/gcc/avr/5.4.0/avr4\libgcc.a(_clear_bss.o)
 .text.libgcc.prologue
                0x00000000        0x0 c:/users/jacek/documents/mkclipse/avr toolchain/bin/../lib/gcc/avr/5.4.0/avr4\libgcc.a(_clear_bss.o)
 .text.libgcc.builtins
                0x00000000        0x0 c:/users/jacek/documents/mkclipse/avr toolchain/bin/../lib/gcc/avr/5.4.0/avr4\libgcc.a(_clear_bss.o)
 .text.libgcc.fmul
                0x00000000        0x0 c:/users/jacek/documents/mkclipse/avr toolchain/bin/../lib/gcc/avr/5.4.0/avr4\libgcc.a(_clear_bss.o)
 .text.libgcc.fixed
                0x00000000        0x0 c:/users/jacek/documents/mkclipse/avr toolchain/bin/../lib/gcc/avr/5.4.0/avr4\libgcc.a(_clear_bss.o)
 .text          0x00000000        0x0 c:/users/jacek/documents/mkclipse/avr toolchain/bin/../lib/gcc/avr/5.4.0/avr4\libgcc.a(_muluhisi3.o)
 .data          0x00000000        0x0 c:/users/jacek/documents/mkclipse/avr toolchain/bin/../lib/gcc/avr/5.4.0/avr4\libgcc.a(_muluhisi3.o)
 .bss           0x00000000        0x0 c:/users/jacek/documents/mkclipse/avr toolchain/bin/../lib/gcc/avr/5.4.0/avr4\libgcc.a(_muluhisi3.o)
 .text.libgcc.div
                0x00000000        0x0 c:/users/jacek/documents/mkclipse/avr toolchain/bin/../lib/gcc/avr/5.4.0/avr4\libgcc.a(_muluhisi3.o)
 .text.libgcc   0x00000000        0x0 c:/users/jacek/documents/mkclipse/avr toolchain/bin/../lib/gcc/avr/5.4.0/avr4\libgcc.a(_muluhisi3.o)
 .text.libgcc.prologue
                0x00000000        0x0 c:/users/jacek/documents/mkclipse/avr toolchain/bin/../lib/gcc/avr/5.4.0/avr4\libgcc.a(_muluhisi3.o)
 .text.libgcc.builtins
                0x00000000        0x0 c:/users/jacek/documents/mkclipse/avr toolchain/bin/../lib/gcc/avr/5.4.0/avr4\libgcc.a(_muluhisi3.o)
 .text.libgcc.fmul
                0x00000000        0x0 c:/users/jacek/documents/mkclipse/avr toolchain/bin/../lib/gcc/avr/5.4.0/avr4\libgcc.a(_muluhisi3.o)
 .text.libgcc.fixed
                0x00000000        0x0 c:/users/jacek/documents/mkclipse/avr toolchain/bin/../lib/gcc/avr/5.4.0/avr4\libgcc.a(_muluhisi3.o)
 .text          0x00000000        0x0 c:/users/jacek/documents/mkclipse/avr toolchain/bin/../lib/gcc/avr/5.4.0/avr4\libgcc.a(_mulshisi3.o)
 .data          0x00000000        0x0 c:/users/jacek/documents/mkclipse/avr toolchain/bin/../lib/gcc/avr/5.4.0/avr4\libgcc.a(_mulshisi3.o)
 .bss           0x00000000        0x0 c:/users/jacek/documents/mkclipse/avr toolchain/bin/../lib/gcc/avr/5.4.0/avr4\libgcc.a(_mulshisi3.o)
 .text.libgcc.div
                0x00000000        0x0 c:/users/jacek/documents/mkclipse/avr toolchain/bin/../lib/gcc/avr/5.4.0/avr4\libgcc.a(_mulshisi3.o)
 .text.libgcc   0x00000000        0x0 c:/users/jacek/documents/mkclipse/avr toolchain/bin/../lib/gcc/avr/5.4.0/avr4\libgcc.a(_mulshisi3.o)
 .text.libgcc.prologue
                0x00000000        0x0 c:/users/jacek/documents/mkclipse/avr toolchain/bin/../lib/gcc/avr/5.4.0/avr4\libgcc.a(_mulshisi3.o)
 .text.libgcc.builtins
                0x00000000        0x0 c:/users/jacek/documents/mkclipse/avr toolchain/bin/../lib/gcc/avr/5.4.0/avr4\libgcc.a(_mulshisi3.o)
 .text.libgcc.fmul
                0x00000000        0x0 c:/users/jacek/documents/mkclipse/avr toolchain/bin/../lib/gcc/avr/5.4.0/avr4\libgcc.a(_mulshisi3.o)
 .text.libgcc.fixed
                0x00000000        0x0 c:/users/jacek/documents/mkclipse/avr toolchain/bin/../lib/gcc/avr/5.4.0/avr4\libgcc.a(_mulshisi3.o)
 .text          0x00000000        0x0 c:/users/jacek/documents/mkclipse/avr toolchain/bin/../lib/gcc/avr/5.4.0/avr4\libgcc.a(_muldi3.o)
 .data          0x00000000        0x0 c:/users/jacek/documents/mkclipse/avr toolchain/bin/../lib/gcc/avr/5.4.0/avr4\libgcc.a(_muldi3.o)
 .bss           0x00000000        0x0 c:/users/jacek/documents/mkclipse/avr toolchain/bin/../lib/gcc/avr/5.4.0/avr4\libgcc.a(_muldi3.o)
 .text.libgcc.div
                0x00000000        0x0 c:/users/jacek/documents/mkclipse/avr toolchain/bin/../lib/gcc/avr/5.4.0/avr4\libgcc.a(_muldi3.o)
 .text.libgcc   0x00000000        0x0 c:/users/jacek/documents/mkclipse/avr toolchain/bin/../lib/gcc/avr/5.4.0/avr4\libgcc.a(_muldi3.o)
 .text.libgcc.prologue
                0x00000000        0x0 c:/users/jacek/documents/mkclipse/avr toolchain/bin/../lib/gcc/avr/5.4.0/avr4\libgcc.a(_muldi3.o)
 .text.libgcc.builtins
                0x00000000        0x0 c:/users/jacek/documents/mkclipse/avr toolchain/bin/../lib/gcc/avr/5.4.0/avr4\libgcc.a(_muldi3.o)
 .text.libgcc.fmul
                0x00000000        0x0 c:/users/jacek/documents/mkclipse/avr toolchain/bin/../lib/gcc/avr/5.4.0/avr4\libgcc.a(_muldi3.o)
 .text.libgcc.fixed
                0x00000000        0x0 c:/users/jacek/documents/mkclipse/avr toolchain/bin/../lib/gcc/avr/5.4.0/avr4\libgcc.a(_muldi3.o)
 .text          0x00000000        0x0 c:/users/jacek/documents/mkclipse/avr toolchain/bin/../lib/gcc/avr/5.4.0/avr4\libgcc.a(_muldi3_6.o)
 .data          0x00000000        0x0 c:/users/jacek/documents/mkclipse/avr toolchain/bin/../lib/gcc/avr/5.4.0/avr4\libgcc.a(_muldi3_6.o)
 .bss           0x00000000        0x0 c:/users/jacek/documents/mkclipse/avr toolchain/bin/../lib/gcc/avr/5.4.0/avr4\libgcc.a(_muldi3_6.o)
 .text.libgcc.div
                0x00000000        0x0 c:/users/jacek/documents/mkclipse/avr toolchain/bin/../lib/gcc/avr/5.4.0/avr4\libgcc.a(_muldi3_6.o)
 .text.libgcc   0x00000000        0x0 c:/users/jacek/documents/mkclipse/avr toolchain/bin/../lib/gcc/avr/5.4.0/avr4\libgcc.a(_muldi3_6.o)
 .text.libgcc.prologue
                0x00000000        0x0 c:/users/jacek/documents/mkclipse/avr toolchain/bin/../lib/gcc/avr/5.4.0/avr4\libgcc.a(_muldi3_6.o)
 .text.libgcc.builtins
                0x00000000        0x0 c:/users/jacek/documents/mkclipse/avr toolchain/bin/../lib/gcc/avr/5.4.0/avr4\libgcc.a(_muldi3_6.o)
 .text.libgcc.fmul
                0x00000000        0x0 c:/users/jacek/documents/mkclipse/avr toolchain/bin/../lib/gcc/avr/5.4.0/avr4\libgcc.a(_muldi3_6.o)
 .text.libgcc.fixed
                0x00000000        0x0 c:/users/jacek/documents/mkclipse/avr toolchain/bin/../lib/gcc/avr/5.4.0/avr4\libgcc.a(_muldi3_6.o)
 .text          0x00000000        0x0 c:/users/jacek/documents/mkclipse/avr toolchain/bin/../lib/gcc/avr/5.4.0/avr4\libgcc.a(_divdi3.o)
 .data          0x00000000        0x0 c:/users/jacek/documents/mkclipse/avr toolchain/bin/../lib/gcc/avr/5.4.0/avr4\libgcc.a(_divdi3.o)
 .bss           0x00000000        0x0 c:/users/jacek/documents/mkclipse/avr toolchain/bin/../lib/gcc/avr/5.4.0/avr4\libgcc.a(_divdi3.o)
 .text.libgcc.mul
                0x00000000        0x0 c:/users/jacek/documents/mkclipse/avr toolchain/bin/../lib/gcc/avr/5.4.0/avr4\libgcc.a(_divdi3.o)
 .text.libgcc   0x00000000        0x0 c:/users/jacek/documents/mkclipse/avr toolchain/bin/../lib/gcc/avr/5.4.0/avr4\libgcc.a(_divdi3.o)
 .text.libgcc.prologue
                0x00000000        0x0 c:/users/jacek/documents/mkclipse/avr toolchain/bin/../lib/gcc/avr/5.4.0/avr4\libgcc.a(_divdi3.o)
 .text.libgcc.builtins
                0x00000000        0x0 c:/users/jacek/documents/mkclipse/avr toolchain/bin/../lib/gcc/avr/5.4.0/avr4\libgcc.a(_divdi3.o)
 .text.libgcc.fmul
                0x00000000        0x0 c:/users/jacek/documents/mkclipse/avr toolchain/bin/../lib/gcc/avr/5.4.0/avr4\libgcc.a(_divdi3.o)
 .text.libgcc.fixed
                0x00000000        0x0 c:/users/jacek/documents/mkclipse/avr toolchain/bin/../lib/gcc/avr/5.4.0/avr4\libgcc.a(_divdi3.o)
 .text          0x00000000        0x0 c:/users/jacek/documents/mkclipse/avr toolchain/bin/../lib/gcc/avr/5.4.0/avr4\libgcc.a(_udivdi3.o)
 .data          0x00000000        0x0 c:/users/jacek/documents/mkclipse/avr toolchain/bin/../lib/gcc/avr/5.4.0/avr4\libgcc.a(_udivdi3.o)
 .bss           0x00000000        0x0 c:/users/jacek/documents/mkclipse/avr toolchain/bin/../lib/gcc/avr/5.4.0/avr4\libgcc.a(_udivdi3.o)
 .text.libgcc.mul
                0x00000000        0x0 c:/users/jacek/documents/mkclipse/avr toolchain/bin/../lib/gcc/avr/5.4.0/avr4\libgcc.a(_udivdi3.o)
 .text.libgcc   0x00000000        0x0 c:/users/jacek/documents/mkclipse/avr toolchain/bin/../lib/gcc/avr/5.4.0/avr4\libgcc.a(_udivdi3.o)
 .text.libgcc.prologue
                0x00000000        0x0 c:/users/jacek/documents/mkclipse/avr toolchain/bin/../lib/gcc/avr/5.4.0/avr4\libgcc.a(_udivdi3.o)
 .text.libgcc.builtins
                0x00000000        0x0 c:/users/jacek/documents/mkclipse/avr toolchain/bin/../lib/gcc/avr/5.4.0/avr4\libgcc.a(_udivdi3.o)
 .text.libgcc.fmul
                0x00000000        0x0 c:/users/jacek/documents/mkclipse/avr toolchain/bin/../lib/gcc/avr/5.4.0/avr4\libgcc.a(_udivdi3.o)
 .text.libgcc.fixed
                0x00000000        0x0 c:/users/jacek/documents/mkclipse/avr toolchain/bin/../lib/gcc/avr/5.4.0/avr4\libgcc.a(_udivdi3.o)
 .text          0x00000000        0x0 c:/users/jacek/documents/mkclipse/avr toolchain/bin/../lib/gcc/avr/5.4.0/avr4\libgcc.a(_udivmod64.o)
 .data          0x00000000        0x0 c:/users/jacek/documents/mkclipse/avr toolchain/bin/../lib/gcc/avr/5.4.0/avr4\libgcc.a(_udivmod64.o)
 .bss           0x00000000        0x0 c:/users/jacek/documents/mkclipse/avr toolchain/bin/../lib/gcc/avr/5.4.0/avr4\libgcc.a(_udivmod64.o)
 .text.libgcc.mul
                0x00000000        0x0 c:/users/jacek/documents/mkclipse/avr toolchain/bin/../lib/gcc/avr/5.4.0/avr4\libgcc.a(_udivmod64.o)
 .text.libgcc   0x00000000        0x0 c:/users/jacek/documents/mkclipse/avr toolchain/bin/../lib/gcc/avr/5.4.0/avr4\libgcc.a(_udivmod64.o)
 .text.libgcc.prologue
                0x00000000        0x0 c:/users/jacek/documents/mkclipse/avr toolchain/bin/../lib/gcc/avr/5.4.0/avr4\libgcc.a(_udivmod64.o)
 .text.libgcc.builtins
                0x00000000        0x0 c:/users/jacek/documents/mkclipse/avr toolchain/bin/../lib/gcc/avr/5.4.0/avr4\libgcc.a(_udivmod64.o)
 .text.libgcc.fmul
                0x00000000        0x0 c:/users/jacek/documents/mkclipse/avr toolchain/bin/../lib/gcc/avr/5.4.0/avr4\libgcc.a(_udivmod64.o)
 .text.libgcc.fixed
                0x00000000        0x0 c:/users/jacek/documents/mkclipse/avr toolchain/bin/../lib/gcc/avr/5.4.0/avr4\libgcc.a(_udivmod64.o)
 .text          0x00000000        0x0 c:/users/jacek/documents/mkclipse/avr toolchain/bin/../lib/gcc/avr/5.4.0/avr4\libgcc.a(_negdi2.o)
 .data          0x00000000        0x0 c:/users/jacek/documents/mkclipse/avr toolchain/bin/../lib/gcc/avr/5.4.0/avr4\libgcc.a(_negdi2.o)
 .bss           0x00000000        0x0 c:/users/jacek/documents/mkclipse/avr toolchain/bin/../lib/gcc/avr/5.4.0/avr4\libgcc.a(_negdi2.o)
 .text.libgcc.mul
                0x00000000        0x0 c:/users/jacek/documents/mkclipse/avr toolchain/bin/../lib/gcc/avr/5.4.0/avr4\libgcc.a(_negdi2.o)
 .text.libgcc.div
                0x00000000        0x0 c:/users/jacek/documents/mkclipse/avr toolchain/bin/../lib/gcc/avr/5.4.0/avr4\libgcc.a(_negdi2.o)
 .text.libgcc.prologue
                0x00000000        0x0 c:/users/jacek/documents/mkclipse/avr toolchain/bin/../lib/gcc/avr/5.4.0/avr4\libgcc.a(_negdi2.o)
 .text.libgcc.builtins
                0x00000000        0x0 c:/users/jacek/documents/mkclipse/avr toolchain/bin/../lib/gcc/avr/5.4.0/avr4\libgcc.a(_negdi2.o)
 .text.libgcc.fmul
                0x00000000        0x0 c:/users/jacek/documents/mkclipse/avr toolchain/bin/../lib/gcc/avr/5.4.0/avr4\libgcc.a(_negdi2.o)
 .text.libgcc.fixed
                0x00000000        0x0 c:/users/jacek/documents/mkclipse/avr toolchain/bin/../lib/gcc/avr/5.4.0/avr4\libgcc.a(_negdi2.o)
 .text          0x00000000        0x0 c:/users/jacek/documents/mkclipse/avr toolchain/bin/../lib/gcc/avr/5.4.0/avr4\libgcc.a(_prologue.o)
 .data          0x00000000        0x0 c:/users/jacek/documents/mkclipse/avr toolchain/bin/../lib/gcc/avr/5.4.0/avr4\libgcc.a(_prologue.o)
 .bss           0x00000000        0x0 c:/users/jacek/documents/mkclipse/avr toolchain/bin/../lib/gcc/avr/5.4.0/avr4\libgcc.a(_prologue.o)
 .text.libgcc.mul
                0x00000000        0x0 c:/users/jacek/documents/mkclipse/avr toolchain/bin/../lib/gcc/avr/5.4.0/avr4\libgcc.a(_prologue.o)
 .text.libgcc.div
                0x00000000        0x0 c:/users/jacek/documents/mkclipse/avr toolchain/bin/../lib/gcc/avr/5.4.0/avr4\libgcc.a(_prologue.o)
 .text.libgcc   0x00000000        0x0 c:/users/jacek/documents/mkclipse/avr toolchain/bin/../lib/gcc/avr/5.4.0/avr4\libgcc.a(_prologue.o)
 .text.libgcc.builtins
                0x00000000        0x0 c:/users/jacek/documents/mkclipse/avr toolchain/bin/../lib/gcc/avr/5.4.0/avr4\libgcc.a(_prologue.o)
 .text.libgcc.fmul
                0x00000000        0x0 c:/users/jacek/documents/mkclipse/avr toolchain/bin/../lib/gcc/avr/5.4.0/avr4\libgcc.a(_prologue.o)
 .text.libgcc.fixed
                0x00000000        0x0 c:/users/jacek/documents/mkclipse/avr toolchain/bin/../lib/gcc/avr/5.4.0/avr4\libgcc.a(_prologue.o)
 .text          0x00000000        0x0 c:/users/jacek/documents/mkclipse/avr toolchain/bin/../lib/gcc/avr/5.4.0/avr4\libgcc.a(_epilogue.o)
 .data          0x00000000        0x0 c:/users/jacek/documents/mkclipse/avr toolchain/bin/../lib/gcc/avr/5.4.0/avr4\libgcc.a(_epilogue.o)
 .bss           0x00000000        0x0 c:/users/jacek/documents/mkclipse/avr toolchain/bin/../lib/gcc/avr/5.4.0/avr4\libgcc.a(_epilogue.o)
 .text.libgcc.mul
                0x00000000        0x0 c:/users/jacek/documents/mkclipse/avr toolchain/bin/../lib/gcc/avr/5.4.0/avr4\libgcc.a(_epilogue.o)
 .text.libgcc.div
                0x00000000        0x0 c:/users/jacek/documents/mkclipse/avr toolchain/bin/../lib/gcc/avr/5.4.0/avr4\libgcc.a(_epilogue.o)
 .text.libgcc   0x00000000        0x0 c:/users/jacek/documents/mkclipse/avr toolchain/bin/../lib/gcc/avr/5.4.0/avr4\libgcc.a(_epilogue.o)
 .text.libgcc.builtins
                0x00000000        0x0 c:/users/jacek/documents/mkclipse/avr toolchain/bin/../lib/gcc/avr/5.4.0/avr4\libgcc.a(_epilogue.o)
 .text.libgcc.fmul
                0x00000000        0x0 c:/users/jacek/documents/mkclipse/avr toolchain/bin/../lib/gcc/avr/5.4.0/avr4\libgcc.a(_epilogue.o)
 .text.libgcc.fixed
                0x00000000        0x0 c:/users/jacek/documents/mkclipse/avr toolchain/bin/../lib/gcc/avr/5.4.0/avr4\libgcc.a(_epilogue.o)
 .text          0x00000000        0x0 c:/users/jacek/documents/mkclipse/avr toolchain/bin/../lib/gcc/avr/5.4.0/avr4\libgcc.a(_ashldi3.o)
 .data          0x00000000        0x0 c:/users/jacek/documents/mkclipse/avr toolchain/bin/../lib/gcc/avr/5.4.0/avr4\libgcc.a(_ashldi3.o)
 .bss           0x00000000        0x0 c:/users/jacek/documents/mkclipse/avr toolchain/bin/../lib/gcc/avr/5.4.0/avr4\libgcc.a(_ashldi3.o)
 .text.libgcc.mul
                0x00000000        0x0 c:/users/jacek/documents/mkclipse/avr toolchain/bin/../lib/gcc/avr/5.4.0/avr4\libgcc.a(_ashldi3.o)
 .text.libgcc.div
                0x00000000        0x0 c:/users/jacek/documents/mkclipse/avr toolchain/bin/../lib/gcc/avr/5.4.0/avr4\libgcc.a(_ashldi3.o)
 .text.libgcc   0x00000000        0x0 c:/users/jacek/documents/mkclipse/avr toolchain/bin/../lib/gcc/avr/5.4.0/avr4\libgcc.a(_ashldi3.o)
 .text.libgcc.prologue
                0x00000000        0x0 c:/users/jacek/documents/mkclipse/avr toolchain/bin/../lib/gcc/avr/5.4.0/avr4\libgcc.a(_ashldi3.o)
 .text.libgcc.fmul
                0x00000000        0x0 c:/users/jacek/documents/mkclipse/avr toolchain/bin/../lib/gcc/avr/5.4.0/avr4\libgcc.a(_ashldi3.o)
 .text.libgcc.fixed
                0x00000000        0x0 c:/users/jacek/documents/mkclipse/avr toolchain/bin/../lib/gcc/avr/5.4.0/avr4\libgcc.a(_ashldi3.o)
 .text          0x00000000        0x0 c:/users/jacek/documents/mkclipse/avr toolchain/bin/../lib/gcc/avr/5.4.0/avr4\libgcc.a(_ashrdi3.o)
 .data          0x00000000        0x0 c:/users/jacek/documents/mkclipse/avr toolchain/bin/../lib/gcc/avr/5.4.0/avr4\libgcc.a(_ashrdi3.o)
 .bss           0x00000000        0x0 c:/users/jacek/documents/mkclipse/avr toolchain/bin/../lib/gcc/avr/5.4.0/avr4\libgcc.a(_ashrdi3.o)
 .text.libgcc.mul
                0x00000000        0x0 c:/users/jacek/documents/mkclipse/avr toolchain/bin/../lib/gcc/avr/5.4.0/avr4\libgcc.a(_ashrdi3.o)
 .text.libgcc.div
                0x00000000        0x0 c:/users/jacek/documents/mkclipse/avr toolchain/bin/../lib/gcc/avr/5.4.0/avr4\libgcc.a(_ashrdi3.o)
 .text.libgcc   0x00000000        0x0 c:/users/jacek/documents/mkclipse/avr toolchain/bin/../lib/gcc/avr/5.4.0/avr4\libgcc.a(_ashrdi3.o)
 .text.libgcc.prologue
                0x00000000        0x0 c:/users/jacek/documents/mkclipse/avr toolchain/bin/../lib/gcc/avr/5.4.0/avr4\libgcc.a(_ashrdi3.o)
 .text.libgcc.fmul
                0x00000000        0x0 c:/users/jacek/documents/mkclipse/avr toolchain/bin/../lib/gcc/avr/5.4.0/avr4\libgcc.a(_ashrdi3.o)
 .text.libgcc.fixed
                0x00000000        0x0 c:/users/jacek/documents/mkclipse/avr toolchain/bin/../lib/gcc/avr/5.4.0/avr4\libgcc.a(_ashrdi3.o)
 .text          0x00000000        0x0 c:/users/jacek/documents/mkclipse/avr toolchain/bin/../lib/gcc/avr/5.4.0/avr4\libgcc.a(_adddi3.o)
 .data          0x00000000        0x0 c:/users/jacek/documents/mkclipse/avr toolchain/bin/../lib/gcc/avr/5.4.0/avr4\libgcc.a(_adddi3.o)
 .bss           0x00000000        0x0 c:/users/jacek/documents/mkclipse/avr toolchain/bin/../lib/gcc/avr/5.4.0/avr4\libgcc.a(_adddi3.o)
 .text.libgcc.mul
                0x00000000        0x0 c:/users/jacek/documents/mkclipse/avr toolchain/bin/../lib/gcc/avr/5.4.0/avr4\libgcc.a(_adddi3.o)
 .text.libgcc.div
                0x00000000        0x0 c:/users/jacek/documents/mkclipse/avr toolchain/bin/../lib/gcc/avr/5.4.0/avr4\libgcc.a(_adddi3.o)
 .text.libgcc.prologue
                0x00000000        0x0 c:/users/jacek/documents/mkclipse/avr toolchain/bin/../lib/gcc/avr/5.4.0/avr4\libgcc.a(_adddi3.o)
 .text.libgcc.builtins
                0x00000000        0x0 c:/users/jacek/documents/mkclipse/avr toolchain/bin/../lib/gcc/avr/5.4.0/avr4\libgcc.a(_adddi3.o)
 .text.libgcc.fmul
                0x00000000        0x0 c:/users/jacek/documents/mkclipse/avr toolchain/bin/../lib/gcc/avr/5.4.0/avr4\libgcc.a(_adddi3.o)
 .text.libgcc.fixed
                0x00000000        0x0 c:/users/jacek/documents/mkclipse/avr toolchain/bin/../lib/gcc/avr/5.4.0/avr4\libgcc.a(_adddi3.o)
 .text          0x00000000        0x0 c:/users/jacek/documents/mkclipse/avr toolchain/bin/../lib/gcc/avr/5.4.0/avr4\libgcc.a(_adddi3_s8.o)
 .data          0x00000000        0x0 c:/users/jacek/documents/mkclipse/avr toolchain/bin/../lib/gcc/avr/5.4.0/avr4\libgcc.a(_adddi3_s8.o)
 .bss           0x00000000        0x0 c:/users/jacek/documents/mkclipse/avr toolchain/bin/../lib/gcc/avr/5.4.0/avr4\libgcc.a(_adddi3_s8.o)
 .text.libgcc.mul
                0x00000000        0x0 c:/users/jacek/documents/mkclipse/avr toolchain/bin/../lib/gcc/avr/5.4.0/avr4\libgcc.a(_adddi3_s8.o)
 .text.libgcc.div
                0x00000000        0x0 c:/users/jacek/documents/mkclipse/avr toolchain/bin/../lib/gcc/avr/5.4.0/avr4\libgcc.a(_adddi3_s8.o)
 .text.libgcc.prologue
                0x00000000        0x0 c:/users/jacek/documents/mkclipse/avr toolchain/bin/../lib/gcc/avr/5.4.0/avr4\libgcc.a(_adddi3_s8.o)
 .text.libgcc.builtins
                0x00000000        0x0 c:/users/jacek/documents/mkclipse/avr toolchain/bin/../lib/gcc/avr/5.4.0/avr4\libgcc.a(_adddi3_s8.o)
 .text.libgcc.fmul
                0x00000000        0x0 c:/users/jacek/documents/mkclipse/avr toolchain/bin/../lib/gcc/avr/5.4.0/avr4\libgcc.a(_adddi3_s8.o)
 .text.libgcc.fixed
                0x00000000        0x0 c:/users/jacek/documents/mkclipse/avr toolchain/bin/../lib/gcc/avr/5.4.0/avr4\libgcc.a(_adddi3_s8.o)
 .text          0x00000000        0x0 c:/users/jacek/documents/mkclipse/avr toolchain/bin/../lib/gcc/avr/5.4.0/avr4\libgcc.a(_subdi3.o)
 .data          0x00000000        0x0 c:/users/jacek/documents/mkclipse/avr toolchain/bin/../lib/gcc/avr/5.4.0/avr4\libgcc.a(_subdi3.o)
 .bss           0x00000000        0x0 c:/users/jacek/documents/mkclipse/avr toolchain/bin/../lib/gcc/avr/5.4.0/avr4\libgcc.a(_subdi3.o)
 .text.libgcc.mul
                0x00000000        0x0 c:/users/jacek/documents/mkclipse/avr toolchain/bin/../lib/gcc/avr/5.4.0/avr4\libgcc.a(_subdi3.o)
 .text.libgcc.div
                0x00000000        0x0 c:/users/jacek/documents/mkclipse/avr toolchain/bin/../lib/gcc/avr/5.4.0/avr4\libgcc.a(_subdi3.o)
 .text.libgcc.prologue
                0x00000000        0x0 c:/users/jacek/documents/mkclipse/avr toolchain/bin/../lib/gcc/avr/5.4.0/avr4\libgcc.a(_subdi3.o)
 .text.libgcc.builtins
                0x00000000        0x0 c:/users/jacek/documents/mkclipse/avr toolchain/bin/../lib/gcc/avr/5.4.0/avr4\libgcc.a(_subdi3.o)
 .text.libgcc.fmul
                0x00000000        0x0 c:/users/jacek/documents/mkclipse/avr toolchain/bin/../lib/gcc/avr/5.4.0/avr4\libgcc.a(_subdi3.o)
 .text.libgcc.fixed
                0x00000000        0x0 c:/users/jacek/documents/mkclipse/avr toolchain/bin/../lib/gcc/avr/5.4.0/avr4\libgcc.a(_subdi3.o)
 .text          0x00000000        0x0 c:/users/jacek/documents/mkclipse/avr toolchain/bin/../lib/gcc/avr/5.4.0/avr4\libgcc.a(_cmpdi2_s8.o)
 .data          0x00000000        0x0 c:/users/jacek/documents/mkclipse/avr toolchain/bin/../lib/gcc/avr/5.4.0/avr4\libgcc.a(_cmpdi2_s8.o)
 .bss           0x00000000        0x0 c:/users/jacek/documents/mkclipse/avr toolchain/bin/../lib/gcc/avr/5.4.0/avr4\libgcc.a(_cmpdi2_s8.o)
 .text.libgcc.mul
                0x00000000        0x0 c:/users/jacek/documents/mkclipse/avr toolchain/bin/../lib/gcc/avr/5.4.0/avr4\libgcc.a(_cmpdi2_s8.o)
 .text.libgcc.div
                0x00000000        0x0 c:/users/jacek/documents/mkclipse/avr toolchain/bin/../lib/gcc/avr/5.4.0/avr4\libgcc.a(_cmpdi2_s8.o)
 .text.libgcc.prologue
                0x00000000        0x0 c:/users/jacek/documents/mkclipse/avr toolchain/bin/../lib/gcc/avr/5.4.0/avr4\libgcc.a(_cmpdi2_s8.o)
 .text.libgcc.builtins
                0x00000000        0x0 c:/users/jacek/documents/mkclipse/avr toolchain/bin/../lib/gcc/avr/5.4.0/avr4\libgcc.a(_cmpdi2_s8.o)
 .text.libgcc.fmul
                0x00000000        0x0 c:/users/jacek/documents/mkclipse/avr toolchain/bin/../lib/gcc/avr/5.4.0/avr4\libgcc.a(_cmpdi2_s8.o)
 .text.libgcc.fixed
                0x00000000        0x0 c:/users/jacek/documents/mkclipse/avr toolchain/bin/../lib/gcc/avr/5.4.0/avr4\libgcc.a(_cmpdi2_s8.o)
 .text          0x00000000        0x0 c:/users/jacek/documents/mkclipse/avr toolchain/bin/../lib/gcc/avr/5.4.0/avr4\libgcc.a(_umulhisi3.o)
 .data          0x00000000        0x0 c:/users/jacek/documents/mkclipse/avr toolchain/bin/../lib/gcc/avr/5.4.0/avr4\libgcc.a(_umulhisi3.o)
 .bss           0x00000000        0x0 c:/users/jacek/documents/mkclipse/avr toolchain/bin/../lib/gcc/avr/5.4.0/avr4\libgcc.a(_umulhisi3.o)
 .text.libgcc.div
                0x00000000        0x0 c:/users/jacek/documents/mkclipse/avr toolchain/bin/../lib/gcc/avr/5.4.0/avr4\libgcc.a(_umulhisi3.o)
 .text.libgcc   0x00000000        0x0 c:/users/jacek/documents/mkclipse/avr toolchain/bin/../lib/gcc/avr/5.4.0/avr4\libgcc.a(_umulhisi3.o)
 .text.libgcc.prologue
                0x00000000        0x0 c:/users/jacek/documents/mkclipse/avr toolchain/bin/../lib/gcc/avr/5.4.0/avr4\libgcc.a(_umulhisi3.o)
 .text.libgcc.builtins
                0x00000000        0x0 c:/users/jacek/documents/mkclipse/avr toolchain/bin/../lib/gcc/avr/5.4.0/avr4\libgcc.a(_umulhisi3.o)
 .text.libgcc.fmul
                0x00000000        0x0 c:/users/jacek/documents/mkclipse/avr toolchain/bin/../lib/gcc/avr/5.4.0/avr4\libgcc.a(_umulhisi3.o)
 .text.libgcc.fixed
                0x00000000        0x0 c:/users/jacek/documents/mkclipse/avr toolchain/bin/../lib/gcc/avr/5.4.0/avr4\libgcc.a(_umulhisi3.o)
 .text          0x00000000        0x0 c:/users/jacek/documents/mkclipse/avr toolchain/bin/../lib/gcc/avr/5.4.0/../../../../avr/lib/avr4\libm.a(addsf3.o)
 .data          0x00000000        0x0 c:/users/jacek/documents/mkclipse/avr toolchain/bin/../lib/gcc/avr/5.4.0/../../../../avr/lib/avr4\libm.a(addsf3.o)
 .bss           0x00000000        0x0 c:/users/jacek/documents/mkclipse/avr toolchain/bin/../lib/gcc/avr/5.4.0/../../../../avr/lib/avr4\libm.a(addsf3.o)
 .text          0x00000000        0x0 c:/users/jacek/documents/mkclipse/avr toolchain/bin/../lib/gcc/avr/5.4.0/../../../../avr/lib/avr4\libm.a(addsf3x.o)
 .data          0x00000000        0x0 c:/users/jacek/documents/mkclipse/avr toolchain/bin/../lib/gcc/avr/5.4.0/../../../../avr/lib/avr4\libm.a(addsf3x.o)
 .bss           0x00000000        0x0 c:/users/jacek/documents/mkclipse/avr toolchain/bin/../lib/gcc/avr/5.4.0/../../../../avr/lib/avr4\libm.a(addsf3x.o)
 .text          0x00000000        0x0 c:/users/jacek/documents/mkclipse/avr toolchain/bin/../lib/gcc/avr/5.4.0/../../../../avr/lib/avr4\libm.a(divsf3.o)
 .data          0x00000000        0x0 c:/users/jacek/documents/mkclipse/avr toolchain/bin/../lib/gcc/avr/5.4.0/../../../../avr/lib/avr4\libm.a(divsf3.o)
 .bss           0x00000000        0x0 c:/users/jacek/documents/mkclipse/avr toolchain/bin/../lib/gcc/avr/5.4.0/../../../../avr/lib/avr4\libm.a(divsf3.o)
 .text          0x00000000        0x0 c:/users/jacek/documents/mkclipse/avr toolchain/bin/../lib/gcc/avr/5.4.0/../../../../avr/lib/avr4\libm.a(divsf3x.o)
 .data          0x00000000        0x0 c:/users/jacek/documents/mkclipse/avr toolchain/bin/../lib/gcc/avr/5.4.0/../../../../avr/lib/avr4\libm.a(divsf3x.o)
 .bss           0x00000000        0x0 c:/users/jacek/documents/mkclipse/avr toolchain/bin/../lib/gcc/avr/5.4.0/../../../../avr/lib/avr4\libm.a(divsf3x.o)
 .text          0x00000000        0x0 c:/users/jacek/documents/mkclipse/avr toolchain/bin/../lib/gcc/avr/5.4.0/../../../../avr/lib/avr4\libm.a(fixsfsi.o)
 .data          0x00000000        0x0 c:/users/jacek/documents/mkclipse/avr toolchain/bin/../lib/gcc/avr/5.4.0/../../../../avr/lib/avr4\libm.a(fixsfsi.o)
 .bss           0x00000000        0x0 c:/users/jacek/documents/mkclipse/avr toolchain/bin/../lib/gcc/avr/5.4.0/../../../../avr/lib/avr4\libm.a(fixsfsi.o)
 .text.avr-libc.fplib
                0x00000000        0xa c:/users/jacek/documents/mkclipse/avr toolchain/bin/../lib/gcc/avr/5.4.0/../../../../avr/lib/avr4\libm.a(fixsfsi.o)
 .text          0x00000000        0x0 c:/users/jacek/documents/mkclipse/avr toolchain/bin/../lib/gcc/avr/5.4.0/../../../../avr/lib/avr4\libm.a(fixunssfsi.o)
 .data          0x00000000        0x0 c:/users/jacek/documents/mkclipse/avr toolchain/bin/../lib/gcc/avr/5.4.0/../../../../avr/lib/avr4\libm.a(fixunssfsi.o)
 .bss           0x00000000        0x0 c:/users/jacek/documents/mkclipse/avr toolchain/bin/../lib/gcc/avr/5.4.0/../../../../avr/lib/avr4\libm.a(fixunssfsi.o)
 .text          0x00000000        0x0 c:/users/jacek/documents/mkclipse/avr toolchain/bin/../lib/gcc/avr/5.4.0/../../../../avr/lib/avr4\libm.a(floatdisf.o)
 .data          0x00000000        0x0 c:/users/jacek/documents/mkclipse/avr toolchain/bin/../lib/gcc/avr/5.4.0/../../../../avr/lib/avr4\libm.a(floatdisf.o)
 .bss           0x00000000        0x0 c:/users/jacek/documents/mkclipse/avr toolchain/bin/../lib/gcc/avr/5.4.0/../../../../avr/lib/avr4\libm.a(floatdisf.o)
 .text          0x00000000        0x0 c:/users/jacek/documents/mkclipse/avr toolchain/bin/../lib/gcc/avr/5.4.0/../../../../avr/lib/avr4\libm.a(floatsisf.o)
 .data          0x00000000        0x0 c:/users/jacek/documents/mkclipse/avr toolchain/bin/../lib/gcc/avr/5.4.0/../../../../avr/lib/avr4\libm.a(floatsisf.o)
 .bss           0x00000000        0x0 c:/users/jacek/documents/mkclipse/avr toolchain/bin/../lib/gcc/avr/5.4.0/../../../../avr/lib/avr4\libm.a(floatsisf.o)
 .text          0x00000000        0x0 c:/users/jacek/documents/mkclipse/avr toolchain/bin/../lib/gcc/avr/5.4.0/../../../../avr/lib/avr4\libm.a(floatundisf.o)
 .data          0x00000000        0x0 c:/users/jacek/documents/mkclipse/avr toolchain/bin/../lib/gcc/avr/5.4.0/../../../../avr/lib/avr4\libm.a(floatundisf.o)
 .bss           0x00000000        0x0 c:/users/jacek/documents/mkclipse/avr toolchain/bin/../lib/gcc/avr/5.4.0/../../../../avr/lib/avr4\libm.a(floatundisf.o)
 .text          0x00000000        0x0 c:/users/jacek/documents/mkclipse/avr toolchain/bin/../lib/gcc/avr/5.4.0/../../../../avr/lib/avr4\libm.a(fp_inf.o)
 .data          0x00000000        0x0 c:/users/jacek/documents/mkclipse/avr toolchain/bin/../lib/gcc/avr/5.4.0/../../../../avr/lib/avr4\libm.a(fp_inf.o)
 .bss           0x00000000        0x0 c:/users/jacek/documents/mkclipse/avr toolchain/bin/../lib/gcc/avr/5.4.0/../../../../avr/lib/avr4\libm.a(fp_inf.o)
 .text          0x00000000        0x0 c:/users/jacek/documents/mkclipse/avr toolchain/bin/../lib/gcc/avr/5.4.0/../../../../avr/lib/avr4\libm.a(fp_nan.o)
 .data          0x00000000        0x0 c:/users/jacek/documents/mkclipse/avr toolchain/bin/../lib/gcc/avr/5.4.0/../../../../avr/lib/avr4\libm.a(fp_nan.o)
 .bss           0x00000000        0x0 c:/users/jacek/documents/mkclipse/avr toolchain/bin/../lib/gcc/avr/5.4.0/../../../../avr/lib/avr4\libm.a(fp_nan.o)
 .text          0x00000000        0x0 c:/users/jacek/documents/mkclipse/avr toolchain/bin/../lib/gcc/avr/5.4.0/../../../../avr/lib/avr4\libm.a(fp_negdi.o)
 .data          0x00000000        0x0 c:/users/jacek/documents/mkclipse/avr toolchain/bin/../lib/gcc/avr/5.4.0/../../../../avr/lib/avr4\libm.a(fp_negdi.o)
 .bss           0x00000000        0x0 c:/users/jacek/documents/mkclipse/avr toolchain/bin/../lib/gcc/avr/5.4.0/../../../../avr/lib/avr4\libm.a(fp_negdi.o)
 .text          0x00000000        0x0 c:/users/jacek/documents/mkclipse/avr toolchain/bin/../lib/gcc/avr/5.4.0/../../../../avr/lib/avr4\libm.a(fp_pscA.o)
 .data          0x00000000        0x0 c:/users/jacek/documents/mkclipse/avr toolchain/bin/../lib/gcc/avr/5.4.0/../../../../avr/lib/avr4\libm.a(fp_pscA.o)
 .bss           0x00000000        0x0 c:/users/jacek/documents/mkclipse/avr toolchain/bin/../lib/gcc/avr/5.4.0/../../../../avr/lib/avr4\libm.a(fp_pscA.o)
 .text          0x00000000        0x0 c:/users/jacek/documents/mkclipse/avr toolchain/bin/../lib/gcc/avr/5.4.0/../../../../avr/lib/avr4\libm.a(fp_pscB.o)
 .data          0x00000000        0x0 c:/users/jacek/documents/mkclipse/avr toolchain/bin/../lib/gcc/avr/5.4.0/../../../../avr/lib/avr4\libm.a(fp_pscB.o)
 .bss           0x00000000        0x0 c:/users/jacek/documents/mkclipse/avr toolchain/bin/../lib/gcc/avr/5.4.0/../../../../avr/lib/avr4\libm.a(fp_pscB.o)
 .text          0x00000000        0x0 c:/users/jacek/documents/mkclipse/avr toolchain/bin/../lib/gcc/avr/5.4.0/../../../../avr/lib/avr4\libm.a(fp_round.o)
 .data          0x00000000        0x0 c:/users/jacek/documents/mkclipse/avr toolchain/bin/../lib/gcc/avr/5.4.0/../../../../avr/lib/avr4\libm.a(fp_round.o)
 .bss           0x00000000        0x0 c:/users/jacek/documents/mkclipse/avr toolchain/bin/../lib/gcc/avr/5.4.0/../../../../avr/lib/avr4\libm.a(fp_round.o)
 .text          0x00000000        0x0 c:/users/jacek/documents/mkclipse/avr toolchain/bin/../lib/gcc/avr/5.4.0/../../../../avr/lib/avr4\libm.a(fp_split3.o)
 .data          0x00000000        0x0 c:/users/jacek/documents/mkclipse/avr toolchain/bin/../lib/gcc/avr/5.4.0/../../../../avr/lib/avr4\libm.a(fp_split3.o)
 .bss           0x00000000        0x0 c:/users/jacek/documents/mkclipse/avr toolchain/bin/../lib/gcc/avr/5.4.0/../../../../avr/lib/avr4\libm.a(fp_split3.o)
 .text          0x00000000        0x0 c:/users/jacek/documents/mkclipse/avr toolchain/bin/../lib/gcc/avr/5.4.0/../../../../avr/lib/avr4\libm.a(fp_zero.o)
 .data          0x00000000        0x0 c:/users/jacek/documents/mkclipse/avr toolchain/bin/../lib/gcc/avr/5.4.0/../../../../avr/lib/avr4\libm.a(fp_zero.o)
 .bss           0x00000000        0x0 c:/users/jacek/documents/mkclipse/avr toolchain/bin/../lib/gcc/avr/5.4.0/../../../../avr/lib/avr4\libm.a(fp_zero.o)
 .text          0x00000000        0x0 c:/users/jacek/documents/mkclipse/avr toolchain/bin/../lib/gcc/avr/5.4.0/../../../../avr/lib/avr4\libm.a(mulsf3.o)
 .data          0x00000000        0x0 c:/users/jacek/documents/mkclipse/avr toolchain/bin/../lib/gcc/avr/5.4.0/../../../../avr/lib/avr4\libm.a(mulsf3.o)
 .bss           0x00000000        0x0 c:/users/jacek/documents/mkclipse/avr toolchain/bin/../lib/gcc/avr/5.4.0/../../../../avr/lib/avr4\libm.a(mulsf3.o)
 .text          0x00000000        0x0 c:/users/jacek/documents/mkclipse/avr toolchain/bin/../lib/gcc/avr/5.4.0/../../../../avr/lib/avr4\libm.a(mulsf3x.o)
 .data          0x00000000        0x0 c:/users/jacek/documents/mkclipse/avr toolchain/bin/../lib/gcc/avr/5.4.0/../../../../avr/lib/avr4\libm.a(mulsf3x.o)
 .bss           0x00000000        0x0 c:/users/jacek/documents/mkclipse/avr toolchain/bin/../lib/gcc/avr/5.4.0/../../../../avr/lib/avr4\libm.a(mulsf3x.o)
 .text          0x00000000        0x0 c:/users/jacek/documents/mkclipse/avr toolchain/bin/../lib/gcc/avr/5.4.0/../../../../avr/lib/avr4\libm.a(pow.o)
 .data          0x00000000        0x0 c:/users/jacek/documents/mkclipse/avr toolchain/bin/../lib/gcc/avr/5.4.0/../../../../avr/lib/avr4\libm.a(pow.o)
 .bss           0x00000000        0x0 c:/users/jacek/documents/mkclipse/avr toolchain/bin/../lib/gcc/avr/5.4.0/../../../../avr/lib/avr4\libm.a(pow.o)
 .text.avr-libc.fplib
                0x00000000       0x98 c:/users/jacek/documents/mkclipse/avr toolchain/bin/../lib/gcc/avr/5.4.0/../../../../avr/lib/avr4\libm.a(pow.o)
 .text          0x00000000        0x0 c:/users/jacek/documents/mkclipse/avr toolchain/bin/../lib/gcc/avr/5.4.0/../../../../avr/lib/avr4\libm.a(exp.o)
 .data          0x00000000        0x0 c:/users/jacek/documents/mkclipse/avr toolchain/bin/../lib/gcc/avr/5.4.0/../../../../avr/lib/avr4\libm.a(exp.o)
 .bss           0x00000000        0x0 c:/users/jacek/documents/mkclipse/avr toolchain/bin/../lib/gcc/avr/5.4.0/../../../../avr/lib/avr4\libm.a(exp.o)
 .text.avr-libc.fplib
                0x00000000       0x62 c:/users/jacek/documents/mkclipse/avr toolchain/bin/../lib/gcc/avr/5.4.0/../../../../avr/lib/avr4\libm.a(exp.o)
 .progmem.gcc_fplib
                0x00000000       0x28 c:/users/jacek/documents/mkclipse/avr toolchain/bin/../lib/gcc/avr/5.4.0/../../../../avr/lib/avr4\libm.a(exp.o)
 .text          0x00000000        0x0 c:/users/jacek/documents/mkclipse/avr toolchain/bin/../lib/gcc/avr/5.4.0/../../../../avr/lib/avr4\libm.a(fp_powser.o)
 .data          0x00000000        0x0 c:/users/jacek/documents/mkclipse/avr toolchain/bin/../lib/gcc/avr/5.4.0/../../../../avr/lib/avr4\libm.a(fp_powser.o)
 .bss           0x00000000        0x0 c:/users/jacek/documents/mkclipse/avr toolchain/bin/../lib/gcc/avr/5.4.0/../../../../avr/lib/avr4\libm.a(fp_powser.o)
 .text.avr-libc.fplib
                0x00000000       0x4a c:/users/jacek/documents/mkclipse/avr toolchain/bin/../lib/gcc/avr/5.4.0/../../../../avr/lib/avr4\libm.a(fp_powser.o)
 .text          0x00000000        0x0 c:/users/jacek/documents/mkclipse/avr toolchain/bin/../lib/gcc/avr/5.4.0/../../../../avr/lib/avr4\libm.a(inverse.o)
 .data          0x00000000        0x0 c:/users/jacek/documents/mkclipse/avr toolchain/bin/../lib/gcc/avr/5.4.0/../../../../avr/lib/avr4\libm.a(inverse.o)
 .bss           0x00000000        0x0 c:/users/jacek/documents/mkclipse/avr toolchain/bin/../lib/gcc/avr/5.4.0/../../../../avr/lib/avr4\libm.a(inverse.o)
 .text.avr-libc.fplib
                0x00000000        0xe c:/users/jacek/documents/mkclipse/avr toolchain/bin/../lib/gcc/avr/5.4.0/../../../../avr/lib/avr4\libm.a(inverse.o)
 .text          0x00000000        0x0 c:/users/jacek/documents/mkclipse/avr toolchain/bin/../lib/gcc/avr/5.4.0/../../../../avr/lib/avr4\libm.a(ldexp.o)
 .data          0x00000000        0x0 c:/users/jacek/documents/mkclipse/avr toolchain/bin/../lib/gcc/avr/5.4.0/../../../../avr/lib/avr4\libm.a(ldexp.o)
 .bss           0x00000000        0x0 c:/users/jacek/documents/mkclipse/avr toolchain/bin/../lib/gcc/avr/5.4.0/../../../../avr/lib/avr4\libm.a(ldexp.o)
 .text.avr-libc.fplib
                0x00000000       0x6c c:/users/jacek/documents/mkclipse/avr toolchain/bin/../lib/gcc/avr/5.4.0/../../../../avr/lib/avr4\libm.a(ldexp.o)
 .text          0x00000000        0x0 c:/users/jacek/documents/mkclipse/avr toolchain/bin/../lib/gcc/avr/5.4.0/../../../../avr/lib/avr4\libm.a(log.o)
 .data          0x00000000        0x0 c:/users/jacek/documents/mkclipse/avr toolchain/bin/../lib/gcc/avr/5.4.0/../../../../avr/lib/avr4\libm.a(log.o)
 .bss           0x00000000        0x0 c:/users/jacek/documents/mkclipse/avr toolchain/bin/../lib/gcc/avr/5.4.0/../../../../avr/lib/avr4\libm.a(log.o)
 .text.avr-libc.fplib
                0x00000000       0x8a c:/users/jacek/documents/mkclipse/avr toolchain/bin/../lib/gcc/avr/5.4.0/../../../../avr/lib/avr4\libm.a(log.o)
 .progmem.gcc_fplib
                0x00000000       0x5a c:/users/jacek/documents/mkclipse/avr toolchain/bin/../lib/gcc/avr/5.4.0/../../../../avr/lib/avr4\libm.a(log.o)
 .text          0x00000000        0x0 c:/users/jacek/documents/mkclipse/avr toolchain/bin/../lib/gcc/avr/5.4.0/../../../../avr/lib/avr4\libm.a(modf.o)
 .data          0x00000000        0x0 c:/users/jacek/documents/mkclipse/avr toolchain/bin/../lib/gcc/avr/5.4.0/../../../../avr/lib/avr4\libm.a(modf.o)
 .bss           0x00000000        0x0 c:/users/jacek/documents/mkclipse/avr toolchain/bin/../lib/gcc/avr/5.4.0/../../../../avr/lib/avr4\libm.a(modf.o)
 .text.avr-libc.fplib
                0x00000000       0x66 c:/users/jacek/documents/mkclipse/avr toolchain/bin/../lib/gcc/avr/5.4.0/../../../../avr/lib/avr4\libm.a(modf.o)
 .text          0x00000000        0x0 c:/users/jacek/documents/mkclipse/avr toolchain/bin/../lib/gcc/avr/5.4.0/../../../../avr/lib/avr4\libm.a(fp_mpack.o)
 .data          0x00000000        0x0 c:/users/jacek/documents/mkclipse/avr toolchain/bin/../lib/gcc/avr/5.4.0/../../../../avr/lib/avr4\libm.a(fp_mpack.o)
 .bss           0x00000000        0x0 c:/users/jacek/documents/mkclipse/avr toolchain/bin/../lib/gcc/avr/5.4.0/../../../../avr/lib/avr4\libm.a(fp_mpack.o)
 .text.avr-libc.fplib
                0x00000000       0x1c c:/users/jacek/documents/mkclipse/avr toolchain/bin/../lib/gcc/avr/5.4.0/../../../../avr/lib/avr4\libm.a(fp_mpack.o)
 .text          0x00000000        0x0 c:/users/jacek/documents/mkclipse/avr toolchain/bin/../lib/gcc/avr/5.4.0/../../../../avr/lib/avr4\libc.a(strlen_P.o)
 .data          0x00000000        0x0 c:/users/jacek/documents/mkclipse/avr toolchain/bin/../lib/gcc/avr/5.4.0/../../../../avr/lib/avr4\libc.a(strlen_P.o)
 .bss           0x00000000        0x0 c:/users/jacek/documents/mkclipse/avr toolchain/bin/../lib/gcc/avr/5.4.0/../../../../avr/lib/avr4\libc.a(strlen_P.o)
 .text          0x00000000        0x0 c:/users/jacek/documents/mkclipse/avr toolchain/bin/../lib/gcc/avr/5.4.0/../../../../avr/lib/avr4\libc.a(itoa_ncheck.o)
 .data          0x00000000        0x0 c:/users/jacek/documents/mkclipse/avr toolchain/bin/../lib/gcc/avr/5.4.0/../../../../avr/lib/avr4\libc.a(itoa_ncheck.o)
 .bss           0x00000000        0x0 c:/users/jacek/documents/mkclipse/avr toolchain/bin/../lib/gcc/avr/5.4.0/../../../../avr/lib/avr4\libc.a(itoa_ncheck.o)
 .text.avr-libc
                0x00000000       0x14 c:/users/jacek/documents/mkclipse/avr toolchain/bin/../lib/gcc/avr/5.4.0/../../../../avr/lib/avr4\libc.a(itoa_ncheck.o)
 .text          0x00000000        0x0 c:/users/jacek/documents/mkclipse/avr toolchain/bin/../lib/gcc/avr/5.4.0/../../../../avr/lib/avr4\libc.a(utoa_ncheck.o)
 .data          0x00000000        0x0 c:/users/jacek/documents/mkclipse/avr toolchain/bin/../lib/gcc/avr/5.4.0/../../../../avr/lib/avr4\libc.a(utoa_ncheck.o)
 .bss           0x00000000        0x0 c:/users/jacek/documents/mkclipse/avr toolchain/bin/../lib/gcc/avr/5.4.0/../../../../avr/lib/avr4\libc.a(utoa_ncheck.o)
 .text.avr-libc
                0x00000000       0x32 c:/users/jacek/documents/mkclipse/avr toolchain/bin/../lib/gcc/avr/5.4.0/../../../../avr/lib/avr4\libc.a(utoa_ncheck.o)
 .text          0x00000000        0x0 c:/users/jacek/documents/mkclipse/avr toolchain/bin/../lib/gcc/avr/5.4.0/../../../../avr/lib/avr4\libc.a(strrev.o)
 .data          0x00000000        0x0 c:/users/jacek/documents/mkclipse/avr toolchain/bin/../lib/gcc/avr/5.4.0/../../../../avr/lib/avr4\libc.a(strrev.o)
 .bss           0x00000000        0x0 c:/users/jacek/documents/mkclipse/avr toolchain/bin/../lib/gcc/avr/5.4.0/../../../../avr/lib/avr4\libc.a(strrev.o)
 .text.avr-libc
                0x00000000       0x20 c:/users/jacek/documents/mkclipse/avr toolchain/bin/../lib/gcc/avr/5.4.0/../../../../avr/lib/avr4\libc.a(strrev.o)

Memory Configuration

Name             Origin             Length             Attributes
text             0x00000000         0x00002000         xr
data             0x00800060         0x0000ffa0         rw !x
eeprom           0x00810000         0x00010000         rw !x
fuse             0x00820000         0x00000400         rw !x
lock             0x00830000         0x00000400         rw !x
signature        0x00840000         0x00000400         rw !x
user_signatures  0x00850000         0x00000400         rw !x
*default*        0x00000000         0xffffffff

Linker script and memory map

LOAD c:/users/jacek/documents/mkclipse/avr toolchain/bin/../lib/gcc/avr/5.4.0/../../../../avr/lib/avr4/crtatmega8.o
Address of section .text set to 0x0
LOAD Release/bme280.o
LOAD Release/ftoa.o
LOAD Release/i2c.o
LOAD Release/main.o
LOAD Release/rfm69x.o
START GROUP
LOAD c:/users/jacek/documents/mkclipse/avr toolchain/bin/../lib/gcc/avr/5.4.0/avr4\libgcc.a
LOAD c:/users/jacek/documents/mkclipse/avr toolchain/bin/../lib/gcc/avr/5.4.0/../../../../avr/lib/avr4\libm.a
LOAD c:/users/jacek/documents/mkclipse/avr toolchain/bin/../lib/gcc/avr/5.4.0/../../../../avr/lib/avr4\libc.a
LOAD c:/users/jacek/documents/mkclipse/avr toolchain/bin/../lib/gcc/avr/5.4.0/../../../../avr/lib/avr4\libatmega8.a
END GROUP

.hash
 *(.hash)

.dynsym
 *(.dynsym)

.dynstr
 *(.dynstr)

.gnu.version
 *(.gnu.version)

.gnu.version_d
 *(.gnu.version_d)

.gnu.version_r
 *(.gnu.version_r)

.rel.init
 *(.rel.init)

.rela.init
 *(.rela.init)

.rel.text
 *(.rel.text)
 *(.rel.text.*)
 *(.rel.gnu.linkonce.t*)

.rela.text
 *(.rela.text)
 *(.rela.text.*)
 *(.rela.gnu.linkonce.t*)

.rel.fini
 *(.rel.fini)

.rela.fini
 *(.rela.fini)

.rel.rodata
 *(.rel.rodata)
 *(.rel.rodata.*)
 *(.rel.gnu.linkonce.r*)

.rela.rodata
 *(.rela.rodata)
 *(.rela.rodata.*)
 *(.rela.gnu.linkonce.r*)

.rel.data
 *(.rel.data)
 *(.rel.data.*)
 *(.rel.gnu.linkonce.d*)

.rela.data
 *(.rela.data)
 *(.rela.data.*)
 *(.rela.gnu.linkonce.d*)

.rel.ctors
 *(.rel.ctors)

.rela.ctors
 *(.rela.ctors)

.rel.dtors
 *(.rel.dtors)

.rela.dtors
 *(.rela.dtors)

.rel.got
 *(.rel.got)

.rela.got
 *(.rela.got)

.rel.bss
 *(.rel.bss)

.rela.bss
 *(.rela.bss)

.rel.plt
 *(.rel.plt)

.rela.plt
 *(.rela.plt)

.text           0x00000000     0x1b72
 *(.vectors)
 .vectors       0x00000000       0x26 c:/users/jacek/documents/mkclipse/avr toolchain/bin/../lib/gcc/avr/5.4.0/../../../../avr/lib/avr4/crtatmega8.o
                0x00000000                __vector_default
                0x00000000                __vectors
 *(.vectors)
 *(.progmem.gcc*)
                0x00000026                . = ALIGN (0x2)
                0x00000026                __trampolines_start = .
 *(.trampolines)
 .trampolines   0x00000026        0x0 linker stubs
 *(.trampolines*)
                0x00000026                __trampolines_end = .
 *(.progmem*)
                0x00000026                . = ALIGN (0x2)
 *(.jumptables)
 *(.jumptables*)
 *(.lowtext)
 *(.lowtext*)
                0x00000026                __ctors_start = .
 *(.ctors)
                0x00000026                __ctors_end = .
                0x00000026                __dtors_start = .
 *(.dtors)
                0x00000026                __dtors_end = .
 SORT(*)(.ctors)
 SORT(*)(.dtors)
 *(.init0)
 .init0         0x00000026        0x0 c:/users/jacek/documents/mkclipse/avr toolchain/bin/../lib/gcc/avr/5.4.0/../../../../avr/lib/avr4/crtatmega8.o
                0x00000026                __init
 *(.init0)
 *(.init1)
 *(.init1)
 *(.init2)
 .init2         0x00000026        0xc c:/users/jacek/documents/mkclipse/avr toolchain/bin/../lib/gcc/avr/5.4.0/../../../../avr/lib/avr4/crtatmega8.o
 *(.init2)
 *(.init3)
 *(.init3)
 *(.init4)
 .init4         0x00000032       0x16 c:/users/jacek/documents/mkclipse/avr toolchain/bin/../lib/gcc/avr/5.4.0/avr4\libgcc.a(_copy_data.o)
                0x00000032                __do_copy_data
 .init4         0x00000048       0x10 c:/users/jacek/documents/mkclipse/avr toolchain/bin/../lib/gcc/avr/5.4.0/avr4\libgcc.a(_clear_bss.o)
                0x00000048                __do_clear_bss
 *(.init4)
 *(.init5)
 *(.init5)
 *(.init6)
 *(.init6)
 *(.init7)
 *(.init7)
 *(.init8)
 *(.init8)
 *(.init9)
 .init9         0x00000058        0x4 c:/users/jacek/documents/mkclipse/avr toolchain/bin/../lib/gcc/avr/5.4.0/../../../../avr/lib/avr4/crtatmega8.o
 *(.init9)
 *(.text)
 .text          0x0000005c        0x2 c:/users/jacek/documents/mkclipse/avr toolchain/bin/../lib/gcc/avr/5.4.0/../../../../avr/lib/avr4/crtatmega8.o
                0x0000005c                __vector_1
                0x0000005c                __vector_12
                0x0000005c                __bad_interrupt
                0x0000005c                __vector_6
                0x0000005c                __vector_11
                0x0000005c                __vector_13
                0x0000005c                __vector_17
                0x0000005c                __vector_7
                0x0000005c                __vector_5
                0x0000005c                __vector_4
                0x0000005c                __vector_9
                0x0000005c                __vector_2
                0x0000005c                __vector_15
                0x0000005c                __vector_8
                0x0000005c                __vector_14
                0x0000005c                __vector_10
                0x0000005c                __vector_16
                0x0000005c                __vector_18
                0x0000005e                . = ALIGN (0x2)
 *(.text.*)
 .text.bme280_read1Byte
                0x0000005e       0x36 Release/bme280.o
                0x0000005e                bme280_read1Byte
 .text.bme280_read2Byte
                0x00000094       0x40 Release/bme280.o
                0x00000094                bme280_read2Byte
 .text.bme280_read3Byte
                0x000000d4       0x62 Release/bme280.o
                0x000000d4                bme280_read3Byte
 .text.bme280_readTemperature
                0x00000136      0x176 Release/bme280.o
                0x00000136                bme280_readTemperature
 .text.bme280_readHumidity
                0x000002ac      0x21a Release/bme280.o
                0x000002ac                bme280_readHumidity
 .text.bme280_readPressure
                0x000004c6      0x418 Release/bme280.o
                0x000004c6                bme280_readPressure
 .text.read16_LE
                0x000008de        0xa Release/bme280.o
                0x000008de                read16_LE
 .text.bme280_readCoefficients
                0x000008e8      0x136 Release/bme280.o
                0x000008e8                bme280_readCoefficients
 .text.bme280_init
                0x00000a1e       0xb4 Release/bme280.o
                0x00000a1e                bme280_init
 .text.i2c_start
                0x00000ad2       0x3e Release/i2c.o
                0x00000ad2                i2c_start
 .text.i2c_stop
                0x00000b10        0x6 Release/i2c.o
                0x00000b10                i2c_stop
 .text.i2c_byte
                0x00000b16       0x22 Release/i2c.o
                0x00000b16                i2c_byte
 .text.i2c_readAck
                0x00000b38       0x24 Release/i2c.o
                0x00000b38                i2c_readAck
 .text.i2c_readNAck
                0x00000b5c       0x24 Release/i2c.o
                0x00000b5c                i2c_readNAck
 .text.adc_init
                0x00000b80        0xe Release/main.o
                0x00000b80                adc_init
 .text.adc_read_0
                0x00000b8e       0x16 Release/main.o
                0x00000b8e                adc_read_0
 .text.adc_read_1
                0x00000ba4       0x1a Release/main.o
                0x00000ba4                adc_read_1
 .text.read_and_transmit_3
                0x00000bbe       0xce Release/main.o
                0x00000bbe                read_and_transmit_3
 .text.int_timer_2_1
                0x00000c8c       0x1c Release/main.o
                0x00000c8c                int_timer_2_1
 .text.sleep_active
                0x00000ca8       0x14 Release/main.o
                0x00000ca8                sleep_active
 .text.startup.main
                0x00000cbc       0xd8 Release/main.o
                0x00000cbc                main
 .text.__vector_3
                0x00000d94       0x86 Release/main.o
                0x00000d94                __vector_3
 .text.rfm69_spi_transfer
                0x00000e1a       0x1c Release/rfm69x.o
 .text.rfm69_cmd
                0x00000e36       0x2c Release/rfm69x.o
                0x00000e36                rfm69_cmd
 .text.rfm69_fifo_clear
                0x00000e62        0x8 Release/rfm69x.o
                0x00000e62                rfm69_fifo_clear
 .text.rfm69_fifo_transfer
                0x00000e6a       0x6e Release/rfm69x.o
                0x00000e6a                rfm69_fifo_transfer
 .text.rfm69_SetBitrate
                0x00000ed8       0x76 Release/rfm69x.o
                0x00000ed8                rfm69_SetBitrate
 .text.rfm69_SetOverCurrent
                0x00000f4e       0x28 Release/rfm69x.o
                0x00000f4e                rfm69_SetOverCurrent
 .text.rfm69_SetPowerOut
                0x00000f76       0x36 Release/rfm69x.o
                0x00000f76                rfm69_SetPowerOut
 .text.rfm69_PacketConfig
                0x00000fac       0x26 Release/rfm69x.o
                0x00000fac                rfm69_PacketConfig
 .text.rfm69_SetNodeAddress
                0x00000fd2        0x8 Release/rfm69x.o
                0x00000fd2                rfm69_SetNodeAddress
 .text.rfm69_SetBroadcastAddress
                0x00000fda        0x8 Release/rfm69x.o
                0x00000fda                rfm69_SetBroadcastAddress
 .text.set_net_id
                0x00000fe2       0x6c Release/rfm69x.o
                0x00000fe2                set_net_id
 .text.rfm69_txon
                0x0000104e       0x46 Release/rfm69x.o
                0x0000104e                rfm69_txon
 .text.rfm69_rxon
                0x00001094       0x46 Release/rfm69x.o
                0x00001094                rfm69_rxon
 .text.rfm69_init
                0x000010da      0x1c6 Release/rfm69x.o
                0x000010da                rfm69_init
 .text.rfm69_standby
                0x000012a0       0x2c Release/rfm69x.o
                0x000012a0                rfm69_standby
 .text.rfm69_sleep
                0x000012cc       0x2c Release/rfm69x.o
                0x000012cc                rfm69_sleep
 .text.rfm69_transmit
                0x000012f8       0xb6 Release/rfm69x.o
                0x000012f8                rfm69_transmit
 .text.libgcc.mul
                0x000013ae       0x1e c:/users/jacek/documents/mkclipse/avr toolchain/bin/../lib/gcc/avr/5.4.0/avr4\libgcc.a(_mulsi3.o)
                0x000013ae                __mulsi3
 .text.libgcc.mul
                0x000013cc       0x14 c:/users/jacek/documents/mkclipse/avr toolchain/bin/../lib/gcc/avr/5.4.0/avr4\libgcc.a(_muluhisi3.o)
                0x000013cc                __muluhisi3
 .text.libgcc.mul
                0x000013e0        0xc c:/users/jacek/documents/mkclipse/avr toolchain/bin/../lib/gcc/avr/5.4.0/avr4\libgcc.a(_mulshisi3.o)
                0x000013e0                __mulshisi3
                0x000013e4                __mulohisi3
 .text.libgcc.mul
                0x000013ec       0x92 c:/users/jacek/documents/mkclipse/avr toolchain/bin/../lib/gcc/avr/5.4.0/avr4\libgcc.a(_muldi3.o)
                0x000013ec                __muldi3
 .text.libgcc.mul
                0x0000147e       0x10 c:/users/jacek/documents/mkclipse/avr toolchain/bin/../lib/gcc/avr/5.4.0/avr4\libgcc.a(_muldi3_6.o)
                0x0000147e                __muldi3_6
 .text.libgcc.div
                0x0000148e       0x56 c:/users/jacek/documents/mkclipse/avr toolchain/bin/../lib/gcc/avr/5.4.0/avr4\libgcc.a(_divdi3.o)
                0x0000148e                __moddi3
                0x00001492                __divdi3
                0x00001494                __divdi3_moddi3
 .text.libgcc.div
                0x000014e4       0x1a c:/users/jacek/documents/mkclipse/avr toolchain/bin/../lib/gcc/avr/5.4.0/avr4\libgcc.a(_udivdi3.o)
                0x000014e4                __umoddi3
                0x000014e8                __udivdi3
                0x000014ea                __udivdi3_umoddi3
 .text.libgcc.div
                0x000014fe       0x7e c:/users/jacek/documents/mkclipse/avr toolchain/bin/../lib/gcc/avr/5.4.0/avr4\libgcc.a(_udivmod64.o)
                0x000014fe                __udivmod64
 .text.libgcc   0x0000157c       0x20 c:/users/jacek/documents/mkclipse/avr toolchain/bin/../lib/gcc/avr/5.4.0/avr4\libgcc.a(_negdi2.o)
                0x0000157c                __negdi2
 .text.libgcc.prologue
                0x0000159c       0x38 c:/users/jacek/documents/mkclipse/avr toolchain/bin/../lib/gcc/avr/5.4.0/avr4\libgcc.a(_prologue.o)
                0x0000159c                __prologue_saves__
 .text.libgcc.prologue
                0x000015d4       0x36 c:/users/jacek/documents/mkclipse/avr toolchain/bin/../lib/gcc/avr/5.4.0/avr4\libgcc.a(_epilogue.o)
                0x000015d4                __epilogue_restores__
 .text.libgcc.builtins
                0x0000160a       0x32 c:/users/jacek/documents/mkclipse/avr toolchain/bin/../lib/gcc/avr/5.4.0/avr4\libgcc.a(_ashldi3.o)
                0x0000160a                __ashldi3
 .text.libgcc.builtins
                0x0000163c       0x3c c:/users/jacek/documents/mkclipse/avr toolchain/bin/../lib/gcc/avr/5.4.0/avr4\libgcc.a(_ashrdi3.o)
                0x0000163c                __ashrdi3
                0x00001640                __lshrdi3
 .text.libgcc   0x00001678       0x12 c:/users/jacek/documents/mkclipse/avr toolchain/bin/../lib/gcc/avr/5.4.0/avr4\libgcc.a(_adddi3.o)
                0x00001678                __adddi3
 .text.libgcc   0x0000168a       0x18 c:/users/jacek/documents/mkclipse/avr toolchain/bin/../lib/gcc/avr/5.4.0/avr4\libgcc.a(_adddi3_s8.o)
                0x0000168a                __adddi3_s8
 .text.libgcc   0x000016a2       0x12 c:/users/jacek/documents/mkclipse/avr toolchain/bin/../lib/gcc/avr/5.4.0/avr4\libgcc.a(_subdi3.o)
                0x000016a2                __subdi3
 .text.libgcc   0x000016b4       0x18 c:/users/jacek/documents/mkclipse/avr toolchain/bin/../lib/gcc/avr/5.4.0/avr4\libgcc.a(_cmpdi2_s8.o)
                0x000016b4                __cmpdi2_s8
 .text.libgcc.mul
                0x000016cc       0x18 c:/users/jacek/documents/mkclipse/avr toolchain/bin/../lib/gcc/avr/5.4.0/avr4\libgcc.a(_umulhisi3.o)
                0x000016cc                __umulhisi3
 .text.avr-libc.fplib
                0x000016e4        0xa c:/users/jacek/documents/mkclipse/avr toolchain/bin/../lib/gcc/avr/5.4.0/../../../../avr/lib/avr4\libm.a(addsf3.o)
                0x000016e4                __subsf3
                0x000016e6                __addsf3
 .text.avr-libc.fplib
                0x000016ee       0xc0 c:/users/jacek/documents/mkclipse/avr toolchain/bin/../lib/gcc/avr/5.4.0/../../../../avr/lib/avr4\libm.a(addsf3x.o)
                0x00001708                __addsf3x
 .text.avr-libc.fplib
                0x000017ae        0x4 c:/users/jacek/documents/mkclipse/avr toolchain/bin/../lib/gcc/avr/5.4.0/../../../../avr/lib/avr4\libm.a(divsf3.o)
                0x000017ae                __divsf3
 .text.avr-libc.fplib
                0x000017b2       0xcc c:/users/jacek/documents/mkclipse/avr toolchain/bin/../lib/gcc/avr/5.4.0/../../../../avr/lib/avr4\libm.a(divsf3x.o)
                0x000017c8                __divsf3x
                0x000017cc                __divsf3_pse
 .text.avr-libc.fplib
                0x0000187e       0x58 c:/users/jacek/documents/mkclipse/avr toolchain/bin/../lib/gcc/avr/5.4.0/../../../../avr/lib/avr4\libm.a(fixunssfsi.o)
                0x0000187e                __fixunssfsi
 .text.avr-libc.fplib
                0x000018d6        0x8 c:/users/jacek/documents/mkclipse/avr toolchain/bin/../lib/gcc/avr/5.4.0/../../../../avr/lib/avr4\libm.a(floatdisf.o)
                0x000018d6                __floatdisf
 .text.avr-libc.fplib
                0x000018de       0x7a c:/users/jacek/documents/mkclipse/avr toolchain/bin/../lib/gcc/avr/5.4.0/../../../../avr/lib/avr4\libm.a(floatsisf.o)
                0x000018de                __floatunsisf
                0x000018e2                __floatsisf
 .text.avr-libc.fplib
                0x00001958       0x7c c:/users/jacek/documents/mkclipse/avr toolchain/bin/../lib/gcc/avr/5.4.0/../../../../avr/lib/avr4\libm.a(floatundisf.o)
                0x00001958                __floatundisf
                0x0000195a                __fp_di2sf
 .text.avr-libc.fplib
                0x000019d4        0xc c:/users/jacek/documents/mkclipse/avr toolchain/bin/../lib/gcc/avr/5.4.0/../../../../avr/lib/avr4\libm.a(fp_inf.o)
                0x000019d4                __fp_inf
 .text.avr-libc.fplib
                0x000019e0        0x6 c:/users/jacek/documents/mkclipse/avr toolchain/bin/../lib/gcc/avr/5.4.0/../../../../avr/lib/avr4\libm.a(fp_nan.o)
                0x000019e0                __fp_nan
 .text.avr-libc.fplib
                0x000019e6       0x20 c:/users/jacek/documents/mkclipse/avr toolchain/bin/../lib/gcc/avr/5.4.0/../../../../avr/lib/avr4\libm.a(fp_negdi.o)
                0x000019e6                __fp_negdi
 .text.avr-libc.fplib
                0x00001a06        0xe c:/users/jacek/documents/mkclipse/avr toolchain/bin/../lib/gcc/avr/5.4.0/../../../../avr/lib/avr4\libm.a(fp_pscA.o)
                0x00001a06                __fp_pscA
 .text.avr-libc.fplib
                0x00001a14        0xe c:/users/jacek/documents/mkclipse/avr toolchain/bin/../lib/gcc/avr/5.4.0/../../../../avr/lib/avr4\libm.a(fp_pscB.o)
                0x00001a14                __fp_pscB
 .text.avr-libc.fplib
                0x00001a22       0x22 c:/users/jacek/documents/mkclipse/avr toolchain/bin/../lib/gcc/avr/5.4.0/../../../../avr/lib/avr4\libm.a(fp_round.o)
                0x00001a22                __fp_round
 .text.avr-libc.fplib
                0x00001a44       0x44 c:/users/jacek/documents/mkclipse/avr toolchain/bin/../lib/gcc/avr/5.4.0/../../../../avr/lib/avr4\libm.a(fp_split3.o)
                0x00001a44                __fp_split3
                0x00001a54                __fp_splitA
 .text.avr-libc.fplib
                0x00001a88        0xe c:/users/jacek/documents/mkclipse/avr toolchain/bin/../lib/gcc/avr/5.4.0/../../../../avr/lib/avr4\libm.a(fp_zero.o)
                0x00001a88                __fp_zero
                0x00001a8a                __fp_szero
 .text.avr-libc.fplib
                0x00001a96        0x4 c:/users/jacek/documents/mkclipse/avr toolchain/bin/../lib/gcc/avr/5.4.0/../../../../avr/lib/avr4\libm.a(mulsf3.o)
                0x00001a96                __mulsf3
 .text.avr-libc.fplib
                0x00001a9a       0xc2 c:/users/jacek/documents/mkclipse/avr toolchain/bin/../lib/gcc/avr/5.4.0/../../../../avr/lib/avr4\libm.a(mulsf3x.o)
                0x00001aae                __mulsf3x
                0x00001ab2                __mulsf3_pse
 .text.avr-libc
                0x00001b5c       0x12 c:/users/jacek/documents/mkclipse/avr toolchain/bin/../lib/gcc/avr/5.4.0/../../../../avr/lib/avr4\libc.a(strlen_P.o)
                0x00001b5c                __strlen_P
                0x00001b6e                . = ALIGN (0x2)
 *(.fini9)
 .fini9         0x00001b6e        0x0 c:/users/jacek/documents/mkclipse/avr toolchain/bin/../lib/gcc/avr/5.4.0/avr4\libgcc.a(_exit.o)
                0x00001b6e                _exit
                0x00001b6e                exit
 *(.fini9)
 *(.fini8)
 *(.fini8)
 *(.fini7)
 *(.fini7)
 *(.fini6)
 *(.fini6)
 *(.fini5)
 *(.fini5)
 *(.fini4)
 *(.fini4)
 *(.fini3)
 *(.fini3)
 *(.fini2)
 *(.fini2)
 *(.fini1)
 *(.fini1)
 *(.fini0)
 .fini0         0x00001b6e        0x4 c:/users/jacek/documents/mkclipse/avr toolchain/bin/../lib/gcc/avr/5.4.0/avr4\libgcc.a(_exit.o)
 *(.fini0)
                0x00001b72                _etext = .

.data           0x00800060        0x2 load address 0x00001b72
                0x00800060                PROVIDE (__data_start, .)
 *(.data)
 *(.data*)
 .data.timer_int
                0x00800060        0x1 Release/main.o
                0x00800060                timer_int
 *(.rodata)
 *(.rodata*)
 *(.gnu.linkonce.d*)
                0x00800062                . = ALIGN (0x2)
 *fill*         0x00800061        0x1 
                0x00800062                _edata = .
                0x00800062                PROVIDE (__data_end, .)

.bss            0x00800062       0x36
                0x00800062                PROVIDE (__bss_start, .)
 *(.bss)
 *(.bss*)
 .bss.timer_wd  0x00800062        0x8 Release/main.o
                0x00800062                timer_wd
 *(COMMON)
 COMMON         0x0080006a       0x25 Release/bme280.o
                0x0080006a                _bme280_calib
                0x0080008b                t_fine
 COMMON         0x0080008f        0x1 Release/i2c.o
                0x0080008f                I2C_ErrorCode
 COMMON         0x00800090        0x6 Release/main.o
                0x00800090                out_buf
 COMMON         0x00800096        0x2 Release/rfm69x.o
                0x00800096                addr_filter_bytes
                0x00800097                RX_flag
                0x00800098                PROVIDE (__bss_end, .)
                0x00001b72                __data_load_start = LOADADDR (.data)
                0x00001b74                __data_load_end = (__data_load_start + SIZEOF (.data))

.noinit         0x00800098        0x0
                0x00800098                PROVIDE (__noinit_start, .)
 *(.noinit*)
                0x00800098                PROVIDE (__noinit_end, .)
                0x00800098                _end = .
                0x00800098                PROVIDE (__heap_start, .)

.eeprom         0x00810000        0x0
 *(.eeprom*)
                0x00810000                __eeprom_end = .

.fuse
 *(.fuse)
 *(.lfuse)
 *(.hfuse)
 *(.efuse)

.lock
 *(.lock*)

.signature
 *(.signature*)

.user_signatures
 *(.user_signatures*)

.stab
 *(.stab)

.stabstr
 *(.stabstr)

.stab.excl
 *(.stab.excl)

.stab.exclstr
 *(.stab.exclstr)

.stab.index
 *(.stab.index)

.stab.indexstr
 *(.stab.indexstr)

.comment        0x00000000       0x30
 *(.comment)
 .comment       0x00000000       0x30 Release/bme280.o
                                 0x31 (size before relaxing)
 .comment       0x00000000       0x31 Release/i2c.o
 .comment       0x00000000       0x31 Release/main.o
 .comment       0x00000000       0x31 Release/rfm69x.o

.note.gnu.avr.deviceinfo
                0x00000000       0x3c
 .note.gnu.avr.deviceinfo
                0x00000000       0x3c c:/users/jacek/documents/mkclipse/avr toolchain/bin/../lib/gcc/avr/5.4.0/../../../../avr/lib/avr4/crtatmega8.o

.note.gnu.build-id
 *(.note.gnu.build-id)

.debug
 *(.debug)

.line
 *(.line)

.debug_srcinfo
 *(.debug_srcinfo)

.debug_sfnames
 *(.debug_sfnames)

.debug_aranges
 *(.debug_aranges)

.debug_pubnames
 *(.debug_pubnames)

.debug_info     0x00000000      0x48c
 *(.debug_info .gnu.linkonce.wi.*)
 .debug_info    0x00000000      0x48c c:/users/jacek/documents/mkclipse/avr toolchain/bin/../lib/gcc/avr/5.4.0/../../../../avr/lib/avr4/crtatmega8.o

.debug_abbrev   0x00000000      0x44e
 *(.debug_abbrev)
 .debug_abbrev  0x00000000      0x44e c:/users/jacek/documents/mkclipse/avr toolchain/bin/../lib/gcc/avr/5.4.0/../../../../avr/lib/avr4/crtatmega8.o

.debug_line     0x00000000       0x1a
 *(.debug_line .debug_line.* .debug_line_end)
 .debug_line    0x00000000       0x1a c:/users/jacek/documents/mkclipse/avr toolchain/bin/../lib/gcc/avr/5.4.0/../../../../avr/lib/avr4/crtatmega8.o

.debug_frame
 *(.debug_frame)

.debug_str      0x00000000      0x17a
 *(.debug_str)
 .debug_str     0x00000000      0x17a c:/users/jacek/documents/mkclipse/avr toolchain/bin/../lib/gcc/avr/5.4.0/../../../../avr/lib/avr4/crtatmega8.o

.debug_loc
 *(.debug_loc)

.debug_macinfo
 *(.debug_macinfo)

.debug_weaknames
 *(.debug_weaknames)

.debug_funcnames
 *(.debug_funcnames)

.debug_typenames
 *(.debug_typenames)

.debug_varnames
 *(.debug_varnames)

.debug_pubtypes
 *(.debug_pubtypes)

.debug_ranges
 *(.debug_ranges)

.debug_macro
 *(.debug_macro)
OUTPUT(Release/09-NADAJNIK_WORK_v2.elf elf32-avr)
LOAD linker stubs
