../Core/Src/main.c:87:6:map	8	static
../Core/Src/main.c:100:7:map_f	24	static
../Core/Src/main.c:114:9:constrain	12	static
../Core/Src/main.c:136:7:constrain_f	16	static
../Core/Src/main.c:158:9:scroll_value	12	static
../Core/Src/main.c:183:7:scroll_value_f	16	static
../Core/Src/main.c:208:9:random_number	24	static
../Core/Src/main.c:231:6:adc_read	32	static
../Core/Src/main.c:319:9:encoder_managment	20	static
../Core/Src/main.c:361:7:encoder_managment_f	32	static
../Core/Src/main.c:404:6:oled_converter	40	static
../Core/Src/main.c:506:6:oled_solder_station	40	static
../Core/Src/main.c:580:6:oled_hello	8	static
../Core/Src/main.c:593:6:oled_debug	32	static
../Core/Src/main.c:610:6:switch_manage	8	static
../Core/Src/main.c:645:6:screen_manage	32	static
../Core/Src/main.c:729:9:update_CC_mode	8	static
../Core/Src/main.c:800:8:getPWM	48	static
../Core/Src/main.c:816:6:work_task	40	static
../Core/Src/main.c:1117:6:SystemClock_Config	80	static,ignoring_inline_asm
../Core/Src/main.c:1040:5:main	16	static
../Core/Src/main.c:1160:6:HAL_ADC_ConvCpltCallback	0	static
../Core/Src/main.c:1170:6:Error_Handler	0	static,ignoring_inline_asm
