../Core/Src/main.c:87:6:map	1
../Core/Src/main.c:100:7:map_f	1
../Core/Src/main.c:114:9:constrain	7
../Core/Src/main.c:136:7:constrain_f	3
../Core/Src/main.c:158:9:scroll_value	7
../Core/Src/main.c:183:7:scroll_value_f	3
../Core/Src/main.c:208:9:random_number	5
../Core/Src/main.c:231:6:adc_read	9
../Core/Src/main.c:319:9:encoder_managment	12
../Core/Src/main.c:361:7:encoder_managment_f	8
../Core/Src/main.c:404:6:oled_converter	6
../Core/Src/main.c:506:6:oled_solder_station	6
../Core/Src/main.c:580:6:oled_hello	1
../Core/Src/main.c:593:6:oled_debug	1
../Core/Src/main.c:610:6:switch_manage	4
../Core/Src/main.c:645:6:screen_manage	14
../Core/Src/main.c:729:9:update_CC_mode	8
../Core/Src/main.c:800:8:getPWM	6
../Core/Src/main.c:816:6:work_task	34
../Core/Src/main.c:1117:6:SystemClock_Config	3
../Core/Src/main.c:1040:5:main	2
../Core/Src/main.c:1160:6:HAL_ADC_ConvCpltCallback	1
../Core/Src/main.c:1170:6:Error_Handler	1
