../Core/Src/main.c:190:6:map	8	static
../Core/Src/main.c:202:7:map_f	24	static
../Core/Src/main.c:215:6:constrain	0	static
../Core/Src/main.c:232:7:constrain_f	16	static
../Core/Src/main.c:249:9:scroll_value	0	static
../Core/Src/main.c:270:7:scroll_value_f	16	static
../Core/Src/main.c:291:9:random_number	24	static
../Core/Src/main.c:314:6:draw_graph	120	static
../Core/Src/main.c:422:7:adc_signal_shifter	24	static
../Core/Src/main.c:436:7:final_offset_correction	8	static
../Core/Src/main.c:476:6:adc_read	40	static
../Core/Src/main.c:614:10:encoder_managment	20	static
../Core/Src/main.c:645:7:encoder_managment_f	24	static
../Core/Src/main.c:676:6:switch_managment	8	static
../Core/Src/main.c:748:6:wave_generator_managment	8	static
../Core/Src/main.c:761:6:converter_managment	48	static
../Core/Src/main.c:933:6:oled_wave_generator	24	static
../Core/Src/main.c:1014:6:oled_converter	32	static
../Core/Src/main.c:1066:6:oled_parameters	32	static
../Core/Src/main.c:1107:6:oled_hello	24	static
../Core/Src/main.c:1133:6:oled_indicator	32	static
../Core/Src/main.c:1235:6:oled_graph	112	static
../Core/Src/main.c:1271:6:oled_batt	24	static
../Core/Src/main.c:1308:6:oled_vcc_error	32	static
../Core/Src/main.c:1558:6:SystemClock_Config	88	static,ignoring_inline_asm
../Core/Src/main.c:1415:5:main	8	static
../Core/Src/main.c:1603:6:HAL_TIM_PeriodElapsedCallback	16	static
../Core/Src/main.c:1657:6:Error_Handler	0	static,ignoring_inline_asm
