../Core/Src/tim.c:32:6:MX_TIM2_Init	56	static
../Core/Src/tim.c:76:6:MX_TIM3_Init	64	static
../Core/Src/tim.c:173:6:HAL_TIM_Encoder_MspInit	32	static
../Core/Src/tim.c:204:6:HAL_TIM_Base_MspInit	16	static
../Core/Src/tim.c:224:6:HAL_TIM_PWM_MspInit	8	static
../Core/Src/tim.c:239:6:HAL_TIM_MspPostInit	32	static
../Core/Src/tim.c:129:6:MX_TIM4_Init	48	static
../Core/Src/tim.c:265:6:HAL_TIM_Encoder_MspDeInit	8	static
../Core/Src/tim.c:290:6:HAL_TIM_Base_MspDeInit	0	static
../Core/Src/tim.c:309:6:HAL_TIM_PWM_MspDeInit	0	static
