../Core/Src/main.c:167:6:map	8	static
../Core/Src/main.c:171:7:map_f	24	static
../Core/Src/main.c:176:6:constrain	0	static
../Core/Src/main.c:188:7:constrain_f	16	static
../Core/Src/main.c:200:6:adc_read	32	static
../Core/Src/main.c:254:6:USB_charger	32	static
../Core/Src/main.c:311:6:LED_work	16	static
../Core/Src/main.c:339:6:vcc_managment	16	static
../Core/Src/main.c:370:6:OLED_main	32	static
../Core/Src/main.c:421:6:diagnostic	16	static
../Core/Src/main.c:497:6:long_switch	8	static
../Core/Src/main.c:526:6:HAL_GPIO_EXTI_Falling_Callback	0	static
../Core/Src/main.c:535:6:HAL_TIM_PeriodElapsedCallback	0	static
../Core/Src/main.c:676:6:SystemClock_Config	80	static,ignoring_inline_asm
../Core/Src/main.c:548:5:main	16	static
../Core/Src/main.c:729:6:Error_Handler	0	static,ignoring_inline_asm
