../Core/Src/main.c:144:6:map	8	static
../Core/Src/main.c:148:7:map_f	24	static
../Core/Src/main.c:153:6:constrain	0	static
../Core/Src/main.c:165:7:constrain_f	16	static
../Core/Src/main.c:177:6:adc_read	32	static
../Core/Src/main.c:231:6:USB_charger	24	static
../Core/Src/main.c:275:6:LED_work	16	static
../Core/Src/main.c:303:6:vcc_managment	16	static
../Core/Src/main.c:330:6:OLED_main	32	static
../Core/Src/main.c:380:6:diagnostic	16	static
../Core/Src/main.c:461:6:HAL_GPIO_EXTI_Falling_Callback	0	static
../Core/Src/main.c:470:6:HAL_TIM_PeriodElapsedCallback	0	static
../Core/Src/main.c:609:6:SystemClock_Config	80	static,ignoring_inline_asm
../Core/Src/main.c:481:5:main	16	static
../Core/Src/main.c:662:6:Error_Handler	0	static,ignoring_inline_asm
