Archive member included to satisfy reference by file (symbol)

C:/ST/STM32CubeIDE_1.6.1/STM32CubeIDE/plugins/com.st.stm32cube.ide.mcu.externaltools.gnu-tools-for-stm32.12.3.rel1.win32_1.0.200.202406191623/tools/bin/../lib/gcc/arm-none-eabi/12.3.1/../../../../arm-none-eabi/lib/thumb/v7-m/nofp\libc_nano.a(libc_a-exit.o)
                              C:/ST/STM32CubeIDE_1.6.1/STM32CubeIDE/plugins/com.st.stm32cube.ide.mcu.externaltools.gnu-tools-for-stm32.12.3.rel1.win32_1.0.200.202406191623/tools/bin/../lib/gcc/arm-none-eabi/12.3.1/../../../../arm-none-eabi/lib/thumb/v7-m/nofp/crt0.o (exit)
C:/ST/STM32CubeIDE_1.6.1/STM32CubeIDE/plugins/com.st.stm32cube.ide.mcu.externaltools.gnu-tools-for-stm32.12.3.rel1.win32_1.0.200.202406191623/tools/bin/../lib/gcc/arm-none-eabi/12.3.1/../../../../arm-none-eabi/lib/thumb/v7-m/nofp\libc_nano.a(libc_a-itoa.o)
                              ./Core/Src/ftoa.o (itoa)
C:/ST/STM32CubeIDE_1.6.1/STM32CubeIDE/plugins/com.st.stm32cube.ide.mcu.externaltools.gnu-tools-for-stm32.12.3.rel1.win32_1.0.200.202406191623/tools/bin/../lib/gcc/arm-none-eabi/12.3.1/../../../../arm-none-eabi/lib/thumb/v7-m/nofp\libc_nano.a(libc_a-rand.o)
                              ./Core/Src/main.o (rand)
C:/ST/STM32CubeIDE_1.6.1/STM32CubeIDE/plugins/com.st.stm32cube.ide.mcu.externaltools.gnu-tools-for-stm32.12.3.rel1.win32_1.0.200.202406191623/tools/bin/../lib/gcc/arm-none-eabi/12.3.1/../../../../arm-none-eabi/lib/thumb/v7-m/nofp\libc_nano.a(libc_a-utoa.o)
                              C:/ST/STM32CubeIDE_1.6.1/STM32CubeIDE/plugins/com.st.stm32cube.ide.mcu.externaltools.gnu-tools-for-stm32.12.3.rel1.win32_1.0.200.202406191623/tools/bin/../lib/gcc/arm-none-eabi/12.3.1/../../../../arm-none-eabi/lib/thumb/v7-m/nofp\libc_nano.a(libc_a-itoa.o) (__utoa)
C:/ST/STM32CubeIDE_1.6.1/STM32CubeIDE/plugins/com.st.stm32cube.ide.mcu.externaltools.gnu-tools-for-stm32.12.3.rel1.win32_1.0.200.202406191623/tools/bin/../lib/gcc/arm-none-eabi/12.3.1/../../../../arm-none-eabi/lib/thumb/v7-m/nofp\libc_nano.a(libc_a-findfp.o)
                              C:/ST/STM32CubeIDE_1.6.1/STM32CubeIDE/plugins/com.st.stm32cube.ide.mcu.externaltools.gnu-tools-for-stm32.12.3.rel1.win32_1.0.200.202406191623/tools/bin/../lib/gcc/arm-none-eabi/12.3.1/../../../../arm-none-eabi/lib/thumb/v7-m/nofp\libc_nano.a(libc_a-exit.o) (__stdio_exit_handler)
C:/ST/STM32CubeIDE_1.6.1/STM32CubeIDE/plugins/com.st.stm32cube.ide.mcu.externaltools.gnu-tools-for-stm32.12.3.rel1.win32_1.0.200.202406191623/tools/bin/../lib/gcc/arm-none-eabi/12.3.1/../../../../arm-none-eabi/lib/thumb/v7-m/nofp\libc_nano.a(libc_a-fwalk.o)
                              C:/ST/STM32CubeIDE_1.6.1/STM32CubeIDE/plugins/com.st.stm32cube.ide.mcu.externaltools.gnu-tools-for-stm32.12.3.rel1.win32_1.0.200.202406191623/tools/bin/../lib/gcc/arm-none-eabi/12.3.1/../../../../arm-none-eabi/lib/thumb/v7-m/nofp\libc_nano.a(libc_a-findfp.o) (_fwalk_sglue)
C:/ST/STM32CubeIDE_1.6.1/STM32CubeIDE/plugins/com.st.stm32cube.ide.mcu.externaltools.gnu-tools-for-stm32.12.3.rel1.win32_1.0.200.202406191623/tools/bin/../lib/gcc/arm-none-eabi/12.3.1/../../../../arm-none-eabi/lib/thumb/v7-m/nofp\libc_nano.a(libc_a-stdio.o)
                              C:/ST/STM32CubeIDE_1.6.1/STM32CubeIDE/plugins/com.st.stm32cube.ide.mcu.externaltools.gnu-tools-for-stm32.12.3.rel1.win32_1.0.200.202406191623/tools/bin/../lib/gcc/arm-none-eabi/12.3.1/../../../../arm-none-eabi/lib/thumb/v7-m/nofp\libc_nano.a(libc_a-findfp.o) (__sread)
C:/ST/STM32CubeIDE_1.6.1/STM32CubeIDE/plugins/com.st.stm32cube.ide.mcu.externaltools.gnu-tools-for-stm32.12.3.rel1.win32_1.0.200.202406191623/tools/bin/../lib/gcc/arm-none-eabi/12.3.1/../../../../arm-none-eabi/lib/thumb/v7-m/nofp\libc_nano.a(libc_a-memset.o)
                              C:/ST/STM32CubeIDE_1.6.1/STM32CubeIDE/plugins/com.st.stm32cube.ide.mcu.externaltools.gnu-tools-for-stm32.12.3.rel1.win32_1.0.200.202406191623/tools/bin/../lib/gcc/arm-none-eabi/12.3.1/../../../../arm-none-eabi/lib/thumb/v7-m/nofp/crt0.o (memset)
C:/ST/STM32CubeIDE_1.6.1/STM32CubeIDE/plugins/com.st.stm32cube.ide.mcu.externaltools.gnu-tools-for-stm32.12.3.rel1.win32_1.0.200.202406191623/tools/bin/../lib/gcc/arm-none-eabi/12.3.1/../../../../arm-none-eabi/lib/thumb/v7-m/nofp\libc_nano.a(libc_a-closer.o)
                              C:/ST/STM32CubeIDE_1.6.1/STM32CubeIDE/plugins/com.st.stm32cube.ide.mcu.externaltools.gnu-tools-for-stm32.12.3.rel1.win32_1.0.200.202406191623/tools/bin/../lib/gcc/arm-none-eabi/12.3.1/../../../../arm-none-eabi/lib/thumb/v7-m/nofp\libc_nano.a(libc_a-stdio.o) (_close_r)
C:/ST/STM32CubeIDE_1.6.1/STM32CubeIDE/plugins/com.st.stm32cube.ide.mcu.externaltools.gnu-tools-for-stm32.12.3.rel1.win32_1.0.200.202406191623/tools/bin/../lib/gcc/arm-none-eabi/12.3.1/../../../../arm-none-eabi/lib/thumb/v7-m/nofp\libc_nano.a(libc_a-reent.o)
[...]
Memory Configuration

Name             Origin             Length             Attributes
RAM              0x20000000         0x00005000         xrw
FLASH            0x08000000         0x00010000         xr
*default*        0x00000000         0xffffffff

Linker script and memory map

LOAD C:/ST/STM32CubeIDE_1.6.1/STM32CubeIDE/plugins/com.st.stm32cube.ide.mcu.externaltools.gnu-tools-for-stm32.12.3.rel1.win32_1.0.200.202406191623/tools/bin/../lib/gcc/arm-none-eabi/12.3.1/thumb/v7-m/nofp/crti.o
LOAD C:/ST/STM32CubeIDE_1.6.1/STM32CubeIDE/plugins/com.st.stm32cube.ide.mcu.externaltools.gnu-tools-for-stm32.12.3.rel1.win32_1.0.200.202406191623/tools/bin/../lib/gcc/arm-none-eabi/12.3.1/thumb/v7-m/nofp/crtbegin.o
LOAD C:/ST/STM32CubeIDE_1.6.1/STM32CubeIDE/plugins/com.st.stm32cube.ide.mcu.externaltools.gnu-tools-for-stm32.12.3.rel1.win32_1.0.200.202406191623/tools/bin/../lib/gcc/arm-none-eabi/12.3.1/../../../../arm-none-eabi/lib/thumb/v7-m/nofp/crt0.o
LOAD ./Core/Src/AD9833.o
LOAD ./Core/Src/adc.o
LOAD ./Core/Src/dma.o
LOAD ./Core/Src/fonts.o
LOAD ./Core/Src/ftoa.o
LOAD ./Core/Src/gpio.o
LOAD ./Core/Src/i2c.o
LOAD ./Core/Src/main.o
LOAD ./Core/Src/moving_average.o
LOAD ./Core/Src/ssd1306.o
LOAD ./Core/Src/stm32f1xx_hal_msp.o
LOAD ./Core/Src/stm32f1xx_it.o
LOAD ./Core/Src/syscalls.o
LOAD ./Core/Src/sysmem.o
LOAD ./Core/Src/system_stm32f1xx.o
LOAD ./Core/Src/tim.o
LOAD ./Core/Startup/startup_stm32f103c8tx.o
LOAD ./Drivers/STM32F1xx_HAL_Driver/Src/stm32f1xx_hal.o
LOAD ./Drivers/STM32F1xx_HAL_Driver/Src/stm32f1xx_hal_adc.o
LOAD ./Drivers/STM32F1xx_HAL_Driver/Src/stm32f1xx_hal_adc_ex.o
LOAD ./Drivers/STM32F1xx_HAL_Driver/Src/stm32f1xx_hal_cortex.o
LOAD ./Drivers/STM32F1xx_HAL_Driver/Src/stm32f1xx_hal_dma.o
LOAD ./Drivers/STM32F1xx_HAL_Driver/Src/stm32f1xx_hal_exti.o
LOAD ./Drivers/STM32F1xx_HAL_Driver/Src/stm32f1xx_hal_flash.o
LOAD ./Drivers/STM32F1xx_HAL_Driver/Src/stm32f1xx_hal_flash_ex.o
LOAD ./Drivers/STM32F1xx_HAL_Driver/Src/stm32f1xx_hal_gpio.o
LOAD ./Drivers/STM32F1xx_HAL_Driver/Src/stm32f1xx_hal_gpio_ex.o
LOAD ./Drivers/STM32F1xx_HAL_Driver/Src/stm32f1xx_hal_i2c.o
LOAD ./Drivers/STM32F1xx_HAL_Driver/Src/stm32f1xx_hal_pwr.o
LOAD ./Drivers/STM32F1xx_HAL_Driver/Src/stm32f1xx_hal_rcc.o
LOAD ./Drivers/STM32F1xx_HAL_Driver/Src/stm32f1xx_hal_rcc_ex.o
LOAD ./Drivers/STM32F1xx_HAL_Driver/Src/stm32f1xx_hal_tim.o
LOAD ./Drivers/STM32F1xx_HAL_Driver/Src/stm32f1xx_hal_tim_ex.o
START GROUP
LOAD C:/ST/STM32CubeIDE_1.6.1/STM32CubeIDE/plugins/com.st.stm32cube.ide.mcu.externaltools.gnu-tools-for-stm32.12.3.rel1.win32_1.0.200.202406191623/tools/bin/../lib/gcc/arm-none-eabi/12.3.1/../../../../arm-none-eabi/lib/thumb/v7-m/nofp\libc_nano.a
LOAD C:/ST/STM32CubeIDE_1.6.1/STM32CubeIDE/plugins/com.st.stm32cube.ide.mcu.externaltools.gnu-tools-for-stm32.12.3.rel1.win32_1.0.200.202406191623/tools/bin/../lib/gcc/arm-none-eabi/12.3.1/../../../../arm-none-eabi/lib/thumb/v7-m/nofp\libm.a
END GROUP
START GROUP
LOAD C:/ST/STM32CubeIDE_1.6.1/STM32CubeIDE/plugins/com.st.stm32cube.ide.mcu.externaltools.gnu-tools-for-stm32.12.3.rel1.win32_1.0.200.202406191623/tools/bin/../lib/gcc/arm-none-eabi/12.3.1/thumb/v7-m/nofp\libgcc.a
LOAD C:/ST/STM32CubeIDE_1.6.1/STM32CubeIDE/plugins/com.st.stm32cube.ide.mcu.externaltools.gnu-tools-for-stm32.12.3.rel1.win32_1.0.200.202406191623/tools/bin/../lib/gcc/arm-none-eabi/12.3.1/../../../../arm-none-eabi/lib/thumb/v7-m/nofp\libc_nano.a
END GROUP
START GROUP
LOAD C:/ST/STM32CubeIDE_1.6.1/STM32CubeIDE/plugins/com.st.stm32cube.ide.mcu.externaltools.gnu-tools-for-stm32.12.3.rel1.win32_1.0.200.202406191623/tools/bin/../lib/gcc/arm-none-eabi/12.3.1/thumb/v7-m/nofp\libgcc.a
LOAD C:/ST/STM32CubeIDE_1.6.1/STM32CubeIDE/plugins/com.st.stm32cube.ide.mcu.externaltools.gnu-tools-for-stm32.12.3.rel1.win32_1.0.200.202406191623/tools/bin/../lib/gcc/arm-none-eabi/12.3.1/../../../../arm-none-eabi/lib/thumb/v7-m/nofp\libc_nano.a
LOAD C:/ST/STM32CubeIDE_1.6.1/STM32CubeIDE/plugins/com.st.stm32cube.ide.mcu.externaltools.gnu-tools-for-stm32.12.3.rel1.win32_1.0.200.202406191623/tools/bin/../lib/gcc/arm-none-eabi/12.3.1/../../../../arm-none-eabi/lib/thumb/v7-m/nofp\libnosys.a
END GROUP
START GROUP
LOAD C:/ST/STM32CubeIDE_1.6.1/STM32CubeIDE/plugins/com.st.stm32cube.ide.mcu.externaltools.gnu-tools-for-stm32.12.3.rel1.win32_1.0.200.202406191623/tools/bin/../lib/gcc/arm-none-eabi/12.3.1/thumb/v7-m/nofp\libgcc.a
LOAD C:/ST/STM32CubeIDE_1.6.1/STM32CubeIDE/plugins/com.st.stm32cube.ide.mcu.externaltools.gnu-tools-for-stm32.12.3.rel1.win32_1.0.200.202406191623/tools/bin/../lib/gcc/arm-none-eabi/12.3.1/../../../../arm-none-eabi/lib/thumb/v7-m/nofp\libc_nano.a
LOAD C:/ST/STM32CubeIDE_1.6.1/STM32CubeIDE/plugins/com.st.stm32cube.ide.mcu.externaltools.gnu-tools-for-stm32.12.3.rel1.win32_1.0.200.202406191623/tools/bin/../lib/gcc/arm-none-eabi/12.3.1/../../../../arm-none-eabi/lib/thumb/v7-m/nofp\libnosys.a
END GROUP
LOAD C:/ST/STM32CubeIDE_1.6.1/STM32CubeIDE/plugins/com.st.stm32cube.ide.mcu.externaltools.gnu-tools-for-stm32.12.3.rel1.win32_1.0.200.202406191623/tools/bin/../lib/gcc/arm-none-eabi/12.3.1/thumb/v7-m/nofp/crtend.o
LOAD C:/ST/STM32CubeIDE_1.6.1/STM32CubeIDE/plugins/com.st.stm32cube.ide.mcu.externaltools.gnu-tools-for-stm32.12.3.rel1.win32_1.0.200.202406191623/tools/bin/../lib/gcc/arm-none-eabi/12.3.1/thumb/v7-m/nofp/crtn.o
                0x20005000                        _estack = (ORIGIN (RAM) + LENGTH (RAM))
                0x00000200                        _Min_Heap_Size = 0x200
                0x00000400                        _Min_Stack_Size = 0x400

.isr_vector     0x08000000      0x10c
                0x08000000                        . = ALIGN (0x4)
 *(.isr_vector)
 .isr_vector    0x08000000      0x10c ./Core/Startup/startup_stm32f103c8tx.o
                0x08000000                g_pfnVectors
                0x0800010c                        . = ALIGN (0x4)

.text           0x08000110     0x7180
                0x08000110                        . = ALIGN (0x4)
 *(.text)
 .text          0x08000110       0x40 C:/ST/STM32CubeIDE_1.6.1/STM32CubeIDE/plugins/com.st.stm32cube.ide.mcu.externaltools.gnu-tools-for-stm32.12.3.rel1.win32_1.0.200.202406191623/tools/bin/../lib/gcc/arm-none-eabi/12.3.1/thumb/v7-m/nofp/crtbegin.o
 .text          0x08000150      0x378 C:/ST/STM32CubeIDE_1.6.1/STM32CubeIDE/plugins/com.st.stm32cube.ide.mcu.externaltools.gnu-tools-for-stm32.12.3.rel1.win32_1.0.200.202406191623/tools/bin/../lib/gcc/arm-none-eabi/12.3.1/thumb/v7-m/nofp\libgcc.a(_arm_addsubdf3.o)
                0x08000150                __aeabi_drsub
                0x08000158                __aeabi_dsub
                0x08000158                __subdf3
                0x0800015c                __aeabi_dadd
                0x0800015c                __adddf3
                0x080003d4                __floatunsidf
                0x080003d4                __aeabi_ui2d
                0x080003f4                __floatsidf
                0x080003f4                __aeabi_i2d
                0x08000418                __aeabi_f2d
                0x08000418                __extendsfdf2
                0x0800045c                __floatundidf
                0x0800045c                __aeabi_ul2d
                0x0800046c                __floatdidf
                0x0800046c                __aeabi_l2d
 .text          0x080004c8      0x424 C:/ST/STM32CubeIDE_1.6.1/STM32CubeIDE/plugins/com.st.stm32cube.ide.mcu.externaltools.gnu-tools-for-stm32.12.3.rel1.win32_1.0.200.202406191623/tools/bin/../lib/gcc/arm-none-eabi/12.3.1/thumb/v7-m/nofp\libgcc.a(_arm_muldivdf3.o)
                0x080004c8                __aeabi_dmul
                0x080004c8                __muldf3
                0x0800071c                __divdf3
                0x0800071c                __aeabi_ddiv
 .text          0x080008ec       0x50 C:/ST/STM32CubeIDE_1.6.1/STM32CubeIDE/plugins/com.st.stm32cube.ide.mcu.externaltools.gnu-tools-for-stm32.12.3.rel1.win32_1.0.200.202406191623/tools/bin/../lib/gcc/arm-none-eabi/12.3.1/thumb/v7-m/nofp\libgcc.a(_arm_fixdfsi.o)
                0x080008ec                __aeabi_d2iz
                0x080008ec                __fixdfsi
 .text          0x0800093c       0x40 C:/ST/STM32CubeIDE_1.6.1/STM32CubeIDE/plugins/com.st.stm32cube.ide.mcu.externaltools.gnu-tools-for-stm32.12.3.rel1.win32_1.0.200.202406191623/tools/bin/../lib/gcc/arm-none-eabi/12.3.1/thumb/v7-m/nofp\libgcc.a(_arm_fixunsdfsi.o)
                0x0800093c                __aeabi_d2uiz
                0x0800093c                __fixunsdfsi
 .text          0x0800097c       0xa0 C:/ST/STM32CubeIDE_1.6.1/STM32CubeIDE/plugins/com.st.stm32cube.ide.mcu.externaltools.gnu-tools-for-stm32.12.3.rel1.win32_1.0.200.202406191623/tools/bin/../lib/gcc/arm-none-eabi/12.3.1/thumb/v7-m/nofp\libgcc.a(_arm_truncdfsf2.o)
                0x0800097c                __truncdfsf2
                0x0800097c                __aeabi_d2f
 .text          0x08000a1c      0x21c C:/ST/STM32CubeIDE_1.6.1/STM32CubeIDE/plugins/com.st.stm32cube.ide.mcu.externaltools.gnu-tools-for-stm32.12.3.rel1.win32_1.0.200.202406191623/tools/bin/../lib/gcc/arm-none-eabi/12.3.1/thumb/v7-m/nofp\libgcc.a(_arm_addsubsf3.o)
                0x08000a1c                __aeabi_frsub
                0x08000a24                __subsf3
                0x08000a24                __aeabi_fsub
                0x08000a28                __aeabi_fadd
                0x08000a28                __addsf3
                0x08000b88                __aeabi_ui2f
                0x08000b88                __floatunsisf
                0x08000b90                __aeabi_i2f
                0x08000b90                __floatsisf
                0x08000bac                __aeabi_ul2f
                0x08000bac                __floatundisf
                0x08000bbc                __aeabi_l2f
                0x08000bbc                __floatdisf
 .text          0x08000c38      0x2a0 C:/ST/STM32CubeIDE_1.6.1/STM32CubeIDE/plugins/com.st.stm32cube.ide.mcu.externaltools.gnu-tools-for-stm32.12.3.rel1.win32_1.0.200.202406191623/tools/bin/../lib/gcc/arm-none-eabi/12.3.1/thumb/v7-m/nofp\libgcc.a(_arm_muldivsf3.o)
                0x08000c38                __mulsf3
                0x08000c38                __aeabi_fmul
                0x08000da0                __aeabi_fdiv
                0x08000da0                __divsf3
 .text          0x08000ed8       0xec C:/ST/STM32CubeIDE_1.6.1/STM32CubeIDE/plugins/com.st.stm32cube.ide.mcu.externaltools.gnu-tools-for-stm32.12.3.rel1.win32_1.0.200.202406191623/tools/bin/../lib/gcc/arm-none-eabi/12.3.1/thumb/v7-m/nofp\libgcc.a(_arm_cmpsf2.o)
                0x08000ed8                __gesf2
                0x08000ed8                __gtsf2
                0x08000ee0                __lesf2
                0x08000ee0                __ltsf2
                0x08000ee8                __nesf2
                0x08000ee8                __eqsf2
                0x08000ee8                __cmpsf2
                0x08000f48                __aeabi_cfrcmple
                0x08000f50                __aeabi_cfcmpeq
                0x08000f50                __aeabi_cfcmple
                0x08000f60                __aeabi_fcmpeq
                0x08000f74                __aeabi_fcmplt
                0x08000f88                __aeabi_fcmple
                0x08000f9c                __aeabi_fcmpge
                0x08000fb0                __aeabi_fcmpgt
 .text          0x08000fc4       0x4c C:/ST/STM32CubeIDE_1.6.1/STM32CubeIDE/plugins/com.st.stm32cube.ide.mcu.externaltools.gnu-tools-for-stm32.12.3.rel1.win32_1.0.200.202406191623/tools/bin/../lib/gcc/arm-none-eabi/12.3.1/thumb/v7-m/nofp\libgcc.a(_arm_fixsfsi.o)
                0x08000fc4                __aeabi_f2iz
                0x08000fc4                __fixsfsi
 .text          0x08001010       0x40 C:/ST/STM32CubeIDE_1.6.1/STM32CubeIDE/plugins/com.st.stm32cube.ide.mcu.externaltools.gnu-tools-for-stm32.12.3.rel1.win32_1.0.200.202406191623/tools/bin/../lib/gcc/arm-none-eabi/12.3.1/thumb/v7-m/nofp\libgcc.a(_arm_fixunssfsi.o)
                0x08001010                __fixunssfsi
                0x08001010                __aeabi_f2uiz
 .text          0x08001050       0xa0 C:/ST/STM32CubeIDE_1.6.1/STM32CubeIDE/plugins/com.st.stm32cube.ide.mcu.externaltools.gnu-tools-for-stm32.12.3.rel1.win32_1.0.200.202406191623/tools/bin/../lib/gcc/arm-none-eabi/12.3.1/thumb/v7-m/nofp\libgcc.a(_aeabi_ldivmod.o)
                0x08001050                __aeabi_ldivmod
 .text          0x080010f0      0x2b8 C:/ST/STM32CubeIDE_1.6.1/STM32CubeIDE/plugins/com.st.stm32cube.ide.mcu.externaltools.gnu-tools-for-stm32.12.3.rel1.win32_1.0.200.202406191623/tools/bin/../lib/gcc/arm-none-eabi/12.3.1/thumb/v7-m/nofp\libgcc.a(_udivmoddi4.o)
                0x080010f0                __udivmoddi4
 .text          0x080013a8        0x4 C:/ST/STM32CubeIDE_1.6.1/STM32CubeIDE/plugins/com.st.stm32cube.ide.mcu.externaltools.gnu-tools-for-stm32.12.3.rel1.win32_1.0.200.202406191623/tools/bin/../lib/gcc/arm-none-eabi/12.3.1/thumb/v7-m/nofp\libgcc.a(_dvmd_tls.o)
                0x080013a8                __aeabi_idiv0
                0x080013a8                __aeabi_ldiv0
 *(.text*)
 .text.writeSPI
                0x080013ac       0x50 ./Core/Src/AD9833.o
                0x080013ac                writeSPI
 .text.AD9833_SetWave
                0x080013fc       0x80 ./Core/Src/AD9833.o
                0x080013fc                AD9833_SetWave
 *fill*         0x0800147c        0x4 
 .text.AD9833_SetWaveData
                0x08001480      0x10c ./Core/Src/AD9833.o
                0x08001480                AD9833_SetWaveData
 .text.AD9833_Init
                0x0800158c       0x40 ./Core/Src/AD9833.o
                0x0800158c                AD9833_Init
 .text.MX_ADC1_Init
                0x080015cc       0xf8 ./Core/Src/adc.o
                0x080015cc                MX_ADC1_Init
 .text.HAL_ADC_MspInit
                0x080016c4       0xbc ./Core/Src/adc.o
                0x080016c4                HAL_ADC_MspInit
 .text.MX_DMA_Init
                0x08001780       0x30 ./Core/Src/dma.o
                0x08001780                MX_DMA_Init
 .text.ftoa     0x080017b0       0x90 ./Core/Src/ftoa.o
                0x080017b0                ftoa
 .text.MX_GPIO_Init
                0x08001840       0xb8 ./Core/Src/gpio.o
                0x08001840                MX_GPIO_Init
 .text.MX_I2C1_Init
                0x080018f8       0x3c ./Core/Src/i2c.o
                0x080018f8                MX_I2C1_Init
 .text.HAL_I2C_MspInit
                0x08001934       0x64 ./Core/Src/i2c.o
                0x08001934                HAL_I2C_MspInit
 .text.draw_graph
                0x08001998      0x424 ./Core/Src/main.o
                0x08001998                draw_graph
 *fill*         0x08001dbc        0x4 
 .text.final_offset_correction
                0x08001dc0      0x23c ./Core/Src/main.o
                0x08001dc0                final_offset_correction
 *fill*         0x08001ffc        0x4 
 .text.adc_read
                0x08002000      0x424 ./Core/Src/main.o
                0x08002000                adc_read
 .text.encoder_managment
                0x08002424       0x4c ./Core/Src/main.o
                0x08002424                encoder_managment
 .text.encoder_managment_f
                0x08002470       0x78 ./Core/Src/main.o
                0x08002470                encoder_managment_f
 .text.switch_managment
                0x080024e8      0x17c ./Core/Src/main.o
                0x080024e8                switch_managment
 .text.wave_generator_managment
                0x08002664       0x44 ./Core/Src/main.o
                0x08002664                wave_generator_managment
 .text.converter_managment
                0x080026a8      0x2a0 ./Core/Src/main.o
                0x080026a8                converter_managment
 .text.oled_wave_generator
                0x08002948      0x244 ./Core/Src/main.o
                0x08002948                oled_wave_generator
 .text.oled_converter
                0x08002b8c      0x1a0 ./Core/Src/main.o
                0x08002b8c                oled_converter
 .text.oled_parameters
                0x08002d2c      0x148 ./Core/Src/main.o
                0x08002d2c                oled_parameters
 .text.oled_hello
                0x08002e74       0x88 ./Core/Src/main.o
                0x08002e74                oled_hello
 .text.oled_indicator
                0x08002efc      0x1c0 ./Core/Src/main.o
                0x08002efc                oled_indicator
 *fill*         0x080030bc        0x4 
 .text.oled_graph
                0x080030c0      0x19c ./Core/Src/main.o
                0x080030c0                oled_graph
 .text.oled_batt
                0x0800325c       0xe8 ./Core/Src/main.o
                0x0800325c                oled_batt
 .text.oled_vcc_error
                0x08003344      0x110 ./Core/Src/main.o
                0x08003344                oled_vcc_error
 .text.SystemClock_Config
                0x08003454       0x82 ./Core/Src/main.o
                0x08003454                SystemClock_Config
 *fill*         0x080034d6        0x2 
 .text.startup.main
                0x080034d8      0x17c ./Core/Src/main.o
                0x080034d8                main
 .text.HAL_TIM_PeriodElapsedCallback
                0x08003654       0xc8 ./Core/Src/main.o
                0x08003654                HAL_TIM_PeriodElapsedCallback
 .text.Error_Handler
                0x0800371c        0x4 ./Core/Src/main.o
                0x0800371c                Error_Handler
 .text.Moving_Average_Init_0
                0x08003720        0xe ./Core/Src/moving_average.o
                0x08003720                Moving_Average_Init_0
 .text.Moving_Average_Init_1
                0x0800372e       0x12 ./Core/Src/moving_average.o
                0x0800372e                Moving_Average_Init_1
 .text.Moving_Average_Compute_0
                0x08003740       0x2a ./Core/Src/moving_average.o
                0x08003740                Moving_Average_Compute_0
 .text.Moving_Average_Compute_1
                0x0800376a       0x2a ./Core/Src/moving_average.o
                0x0800376a                Moving_Average_Compute_1
 .text.SSD1306_Fill
                0x08003794       0x18 ./Core/Src/ssd1306.o
                0x08003794                SSD1306_Fill
 .text.SSD1306_DrawPixel
                0x080037ac       0x48 ./Core/Src/ssd1306.o
                0x080037ac                SSD1306_DrawPixel
 .text.SSD1306_GotoXY
                0x080037f4        0xc ./Core/Src/ssd1306.o
                0x080037f4                SSD1306_GotoXY
 .text.SSD1306_Putc
                0x08003800       0x9c ./Core/Src/ssd1306.o
                0x08003800                SSD1306_Putc
 .text.SSD1306_Puts
                0x0800389c       0x20 ./Core/Src/ssd1306.o
                0x0800389c                SSD1306_Puts
 .text.SSD1306_DrawLine
                0x080038bc      0x11c ./Core/Src/ssd1306.o
                0x080038bc                SSD1306_DrawLine
 .text.SSD1306_DrawFilledRectangle
                0x080039d8       0x62 ./Core/Src/ssd1306.o
                0x080039d8                SSD1306_DrawFilledRectangle
 .text.SSD1306_DrawCircle
                0x08003a3a      0x128 ./Core/Src/ssd1306.o
                0x08003a3a                SSD1306_DrawCircle
 *fill*         0x08003b62        0x2 
 .text.ssd1306_I2C_WriteMulti
                0x08003b64       0x3c ./Core/Src/ssd1306.o
                0x08003b64                ssd1306_I2C_WriteMulti
 .text.ssd1306_I2C_Write
                0x08003ba0       0x24 ./Core/Src/ssd1306.o
                0x08003ba0                ssd1306_I2C_Write
 .text.SSD1306_UpdateScreen
                0x08003bc4       0x44 ./Core/Src/ssd1306.o
                0x08003bc4                SSD1306_UpdateScreen
 .text.SSD1306_Clear
                0x08003c08       0x10 ./Core/Src/ssd1306.o
                0x08003c08                SSD1306_Clear
 .text.SSD1306_Init
                0x08003c18      0x15c ./Core/Src/ssd1306.o
                0x08003c18                SSD1306_Init
 .text.HAL_MspInit
                0x08003d74       0x44 ./Core/Src/stm32f1xx_hal_msp.o
                0x08003d74                HAL_MspInit
 .text.NMI_Handler
                0x08003db8        0x2 ./Core/Src/stm32f1xx_it.o
                0x08003db8                NMI_Handler
 .text.HardFault_Handler
                0x08003dba        0x2 ./Core/Src/stm32f1xx_it.o
                0x08003dba                HardFault_Handler
 .text.MemManage_Handler
                0x08003dbc        0x2 ./Core/Src/stm32f1xx_it.o
                0x08003dbc                MemManage_Handler
 .text.BusFault_Handler
                0x08003dbe        0x2 ./Core/Src/stm32f1xx_it.o
                0x08003dbe                BusFault_Handler
 .text.UsageFault_Handler
                0x08003dc0        0x2 ./Core/Src/stm32f1xx_it.o
                0x08003dc0                UsageFault_Handler
 .text.SVC_Handler
                0x08003dc2        0x2 ./Core/Src/stm32f1xx_it.o
                0x08003dc2                SVC_Handler
 .text.DebugMon_Handler
                0x08003dc4        0x2 ./Core/Src/stm32f1xx_it.o
                0x08003dc4                DebugMon_Handler
 .text.PendSV_Handler
                0x08003dc6        0x2 ./Core/Src/stm32f1xx_it.o
                0x08003dc6                PendSV_Handler
 .text.SysTick_Handler
                0x08003dc8        0x4 ./Core/Src/stm32f1xx_it.o
                0x08003dc8                SysTick_Handler
 .text.DMA1_Channel1_IRQHandler
                0x08003dcc        0xc ./Core/Src/stm32f1xx_it.o
                0x08003dcc                DMA1_Channel1_IRQHandler
 .text.TIM2_IRQHandler
                0x08003dd8        0xc ./Core/Src/stm32f1xx_it.o
                0x08003dd8                TIM2_IRQHandler
 .text.TIM3_IRQHandler
                0x08003de4        0xc ./Core/Src/stm32f1xx_it.o
                0x08003de4                TIM3_IRQHandler
 .text._getpid  0x08003df0        0x4 ./Core/Src/syscalls.o
                0x08003df0                _getpid
 .text._kill    0x08003df4       0x10 ./Core/Src/syscalls.o
                0x08003df4                _kill
 .text._exit    0x08003e04        0xc ./Core/Src/syscalls.o
                0x08003e04                _exit
 .text._read    0x08003e10       0x1c ./Core/Src/syscalls.o
                0x08003e10                _read
 .text._write   0x08003e2c       0x1c ./Core/Src/syscalls.o
                0x08003e2c                _write
 .text._close   0x08003e48        0x6 ./Core/Src/syscalls.o
                0x08003e48                _close
 .text._fstat   0x08003e4e        0xa ./Core/Src/syscalls.o
                0x08003e4e                _fstat
 .text._isatty  0x08003e58        0x4 ./Core/Src/syscalls.o
                0x08003e58                _isatty
 .text._lseek   0x08003e5c        0x4 ./Core/Src/syscalls.o
                0x08003e5c                _lseek
 .text._sbrk    0x08003e60       0x40 ./Core/Src/sysmem.o
                0x08003e60                _sbrk
 .text.SystemInit
                0x08003ea0        0x2 ./Core/Src/system_stm32f1xx.o
                0x08003ea0                SystemInit
 *fill*         0x08003ea2        0x2 
 .text.MX_TIM2_Init
                0x08003ea4       0x60 ./Core/Src/tim.o
                0x08003ea4                MX_TIM2_Init
 .text.MX_TIM3_Init
                0x08003f04       0x9c ./Core/Src/tim.o
                0x08003f04                MX_TIM3_Init
 .text.HAL_TIM_Encoder_MspInit
                0x08003fa0       0x68 ./Core/Src/tim.o
                0x08003fa0                HAL_TIM_Encoder_MspInit
 .text.HAL_TIM_Base_MspInit
                0x08004008       0x40 ./Core/Src/tim.o
                0x08004008                HAL_TIM_Base_MspInit
 .text.HAL_TIM_PWM_MspInit
                0x08004048       0x28 ./Core/Src/tim.o
                0x08004048                HAL_TIM_PWM_MspInit
 .text.HAL_TIM_MspPostInit
                0x08004070       0x50 ./Core/Src/tim.o
                0x08004070                HAL_TIM_MspPostInit
 .text.MX_TIM4_Init
                0x080040c0       0x78 ./Core/Src/tim.o
                0x080040c0                MX_TIM4_Init
 .text.Reset_Handler
                0x08004138       0x48 ./Core/Startup/startup_stm32f103c8tx.o
                0x08004138                Reset_Handler
 .text.Default_Handler
                0x08004180        0x2 ./Core/Startup/startup_stm32f103c8tx.o
                0x08004180                RTC_Alarm_IRQHandler
                0x08004180                EXTI2_IRQHandler
                0x08004180                TIM1_CC_IRQHandler
                0x08004180                PVD_IRQHandler
                0x08004180                EXTI3_IRQHandler
                0x08004180                EXTI0_IRQHandler
                0x08004180                I2C2_EV_IRQHandler
                0x08004180                ADC1_2_IRQHandler
                0x08004180                SPI1_IRQHandler
                0x08004180                TAMPER_IRQHandler
                0x08004180                DMA1_Channel4_IRQHandler
                0x08004180                USART3_IRQHandler
                0x08004180                RTC_IRQHandler
                0x08004180                DMA1_Channel7_IRQHandler
                0x08004180                CAN1_RX1_IRQHandler
                0x08004180                TIM4_IRQHandler
                0x08004180                I2C1_EV_IRQHandler
                0x08004180                DMA1_Channel6_IRQHandler
                0x08004180                RCC_IRQHandler
                0x08004180                TIM1_TRG_COM_IRQHandler
                0x08004180                Default_Handler
                0x08004180                EXTI15_10_IRQHandler
                0x08004180                EXTI9_5_IRQHandler
                0x08004180                SPI2_IRQHandler
                0x08004180                DMA1_Channel5_IRQHandler
                0x08004180                EXTI4_IRQHandler
                0x08004180                USB_LP_CAN1_RX0_IRQHandler
                0x08004180                USB_HP_CAN1_TX_IRQHandler
                0x08004180                DMA1_Channel3_IRQHandler
                0x08004180                TIM1_UP_IRQHandler
                0x08004180                WWDG_IRQHandler
                0x08004180                TIM1_BRK_IRQHandler
                0x08004180                EXTI1_IRQHandler
                0x08004180                USART2_IRQHandler
                0x08004180                I2C2_ER_IRQHandler
                0x08004180                DMA1_Channel2_IRQHandler
                0x08004180                CAN1_SCE_IRQHandler
                0x08004180                FLASH_IRQHandler
                0x08004180                USART1_IRQHandler
                0x08004180                I2C1_ER_IRQHandler
                0x08004180                USBWakeUp_IRQHandler
 *fill*         0x08004182        0x2 
 .text.HAL_InitTick
                0x08004184       0x48 ./Drivers/STM32F1xx_HAL_Driver/Src/stm32f1xx_hal.o
                0x08004184                HAL_InitTick
 .text.HAL_Init
                0x080041cc       0x24 ./Drivers/STM32F1xx_HAL_Driver/Src/stm32f1xx_hal.o
                0x080041cc                HAL_Init
 .text.HAL_IncTick
                0x080041f0       0x18 ./Drivers/STM32F1xx_HAL_Driver/Src/stm32f1xx_hal.o
                0x080041f0                HAL_IncTick
 .text.HAL_GetTick
                0x08004208        0xc ./Drivers/STM32F1xx_HAL_Driver/Src/stm32f1xx_hal.o
                0x08004208                HAL_GetTick
 .text.HAL_Delay
                0x08004214       0x24 ./Drivers/STM32F1xx_HAL_Driver/Src/stm32f1xx_hal.o
                0x08004214                HAL_Delay
 .text.HAL_ADC_ConvCpltCallback
                0x08004238        0x2 ./Drivers/STM32F1xx_HAL_Driver/Src/stm32f1xx_hal_adc.o
                0x08004238                HAL_ADC_ConvCpltCallback
 .text.ADC_DMAConvCplt
                0x0800423a       0x4e ./Drivers/STM32F1xx_HAL_Driver/Src/stm32f1xx_hal_adc.o
                0x0800423a                ADC_DMAConvCplt
 .text.HAL_ADC_ConvHalfCpltCallback
                0x08004288        0x2 ./Drivers/STM32F1xx_HAL_Driver/Src/stm32f1xx_hal_adc.o
                0x08004288                HAL_ADC_ConvHalfCpltCallback
 .text.ADC_DMAHalfConvCplt
                0x0800428a        0xa ./Drivers/STM32F1xx_HAL_Driver/Src/stm32f1xx_hal_adc.o
                0x0800428a                ADC_DMAHalfConvCplt
 .text.HAL_ADC_ErrorCallback
                0x08004294        0x2 ./Drivers/STM32F1xx_HAL_Driver/Src/stm32f1xx_hal_adc.o
                0x08004294                HAL_ADC_ErrorCallback
 .text.ADC_DMAError
                0x08004296       0x1a ./Drivers/STM32F1xx_HAL_Driver/Src/stm32f1xx_hal_adc.o
                0x08004296                ADC_DMAError
 .text.HAL_ADC_ConfigChannel
                0x080042b0       0xfc ./Drivers/STM32F1xx_HAL_Driver/Src/stm32f1xx_hal_adc.o
                0x080042b0                HAL_ADC_ConfigChannel
 .text.ADC_Enable
                0x080043ac       0x78 ./Drivers/STM32F1xx_HAL_Driver/Src/stm32f1xx_hal_adc.o
                0x080043ac                ADC_Enable
 .text.HAL_ADC_Start_DMA
                0x08004424      0x11c ./Drivers/STM32F1xx_HAL_Driver/Src/stm32f1xx_hal_adc.o
                0x08004424                HAL_ADC_Start_DMA
 .text.ADC_ConversionStop_Disable
                0x08004540       0x4c ./Drivers/STM32F1xx_HAL_Driver/Src/stm32f1xx_hal_adc.o
                0x08004540                ADC_ConversionStop_Disable
 .text.HAL_ADC_Init
                0x0800458c       0xfc ./Drivers/STM32F1xx_HAL_Driver/Src/stm32f1xx_hal_adc.o
                0x0800458c                HAL_ADC_Init
 .text.HAL_ADCEx_Calibration_Start
                0x08004688       0xe0 ./Drivers/STM32F1xx_HAL_Driver/Src/stm32f1xx_hal_adc_ex.o
                0x08004688                HAL_ADCEx_Calibration_Start
 .text.HAL_NVIC_SetPriorityGrouping
                0x08004768       0x24 ./Drivers/STM32F1xx_HAL_Driver/Src/stm32f1xx_hal_cortex.o
                0x08004768                HAL_NVIC_SetPriorityGrouping
 .text.HAL_NVIC_SetPriority
                0x0800478c       0x60 ./Drivers/STM32F1xx_HAL_Driver/Src/stm32f1xx_hal_cortex.o
                0x0800478c                HAL_NVIC_SetPriority
 .text.HAL_NVIC_EnableIRQ
                0x080047ec       0x1c ./Drivers/STM32F1xx_HAL_Driver/Src/stm32f1xx_hal_cortex.o
                0x080047ec                HAL_NVIC_EnableIRQ
 .text.HAL_SYSTICK_Config
                0x08004808       0x28 ./Drivers/STM32F1xx_HAL_Driver/Src/stm32f1xx_hal_cortex.o
                0x08004808                HAL_SYSTICK_Config
 .text.HAL_DMA_Init
                0x08004830       0x64 ./Drivers/STM32F1xx_HAL_Driver/Src/stm32f1xx_hal_dma.o
                0x08004830                HAL_DMA_Init
 .text.HAL_DMA_Start_IT
                0x08004894       0x78 ./Drivers/STM32F1xx_HAL_Driver/Src/stm32f1xx_hal_dma.o
                0x08004894                HAL_DMA_Start_IT
 .text.HAL_DMA_IRQHandler
                0x0800490c      0x128 ./Drivers/STM32F1xx_HAL_Driver/Src/stm32f1xx_hal_dma.o
                0x0800490c                HAL_DMA_IRQHandler
 .text.HAL_GPIO_Init
                0x08004a34      0x1b0 ./Drivers/STM32F1xx_HAL_Driver/Src/stm32f1xx_hal_gpio.o
                0x08004a34                HAL_GPIO_Init
 .text.HAL_GPIO_ReadPin
                0x08004be4        0xc ./Drivers/STM32F1xx_HAL_Driver/Src/stm32f1xx_hal_gpio.o
                0x08004be4                HAL_GPIO_ReadPin
 .text.HAL_GPIO_WritePin
                0x08004bf0        0xa ./Drivers/STM32F1xx_HAL_Driver/Src/stm32f1xx_hal_gpio.o
                0x08004bf0                HAL_GPIO_WritePin
 .text.I2C_IsAcknowledgeFailed
                0x08004bfa       0x32 ./Drivers/STM32F1xx_HAL_Driver/Src/stm32f1xx_hal_i2c.o
 .text.I2C_WaitOnFlagUntilTimeout
                0x08004c2c       0x80 ./Drivers/STM32F1xx_HAL_Driver/Src/stm32f1xx_hal_i2c.o
 .text.I2C_WaitOnMasterAddressFlagUntilTimeout
                0x08004cac       0x84 ./Drivers/STM32F1xx_HAL_Driver/Src/stm32f1xx_hal_i2c.o
 .text.I2C_WaitOnTXEFlagUntilTimeout
                0x08004d30       0x54 ./Drivers/STM32F1xx_HAL_Driver/Src/stm32f1xx_hal_i2c.o
 .text.I2C_WaitOnBTFFlagUntilTimeout
                0x08004d84       0x54 ./Drivers/STM32F1xx_HAL_Driver/Src/stm32f1xx_hal_i2c.o
 .text.HAL_I2C_Init
                0x08004dd8      0x150 ./Drivers/STM32F1xx_HAL_Driver/Src/stm32f1xx_hal_i2c.o
                0x08004dd8                HAL_I2C_Init
 .text.HAL_I2C_Master_Transmit
                0x08004f28      0x1b4 ./Drivers/STM32F1xx_HAL_Driver/Src/stm32f1xx_hal_i2c.o
                0x08004f28                HAL_I2C_Master_Transmit
 .text.HAL_I2C_IsDeviceReady
                0x080050dc      0x160 ./Drivers/STM32F1xx_HAL_Driver/Src/stm32f1xx_hal_i2c.o
                0x080050dc                HAL_I2C_IsDeviceReady
 .text.HAL_RCC_OscConfig
                0x0800523c      0x338 ./Drivers/STM32F1xx_HAL_Driver/Src/stm32f1xx_hal_rcc.o
                0x0800523c                HAL_RCC_OscConfig
 .text.HAL_RCC_GetSysClockFreq
                0x08005574       0x4c ./Drivers/STM32F1xx_HAL_Driver/Src/stm32f1xx_hal_rcc.o
                0x08005574                HAL_RCC_GetSysClockFreq
 .text.HAL_RCC_ClockConfig
                0x080055c0      0x138 ./Drivers/STM32F1xx_HAL_Driver/Src/stm32f1xx_hal_rcc.o
                0x080055c0                HAL_RCC_ClockConfig
 .text.HAL_RCC_GetPCLK1Freq
                0x080056f8       0x20 ./Drivers/STM32F1xx_HAL_Driver/Src/stm32f1xx_hal_rcc.o
                0x080056f8                HAL_RCC_GetPCLK1Freq
 .text.HAL_RCC_GetPCLK2Freq
                0x08005718       0x20 ./Drivers/STM32F1xx_HAL_Driver/Src/stm32f1xx_hal_rcc.o
                0x08005718                HAL_RCC_GetPCLK2Freq
 .text.HAL_RCCEx_PeriphCLKConfig
                0x08005738       0xf4 ./Drivers/STM32F1xx_HAL_Driver/Src/stm32f1xx_hal_rcc_ex.o
                0x08005738                HAL_RCCEx_PeriphCLKConfig
 .text.HAL_RCCEx_GetPeriphCLKFreq
                0x0800582c       0xbc ./Drivers/STM32F1xx_HAL_Driver/Src/stm32f1xx_hal_rcc_ex.o
                0x0800582c                HAL_RCCEx_GetPeriphCLKFreq
 .text.TIM_OC1_SetConfig
                0x080058e8       0x50 ./Drivers/STM32F1xx_HAL_Driver/Src/stm32f1xx_hal_tim.o
 .text.TIM_OC3_SetConfig
                0x08005938       0x54 ./Drivers/STM32F1xx_HAL_Driver/Src/stm32f1xx_hal_tim.o
 .text.TIM_OC4_SetConfig
                0x0800598c       0x44 ./Drivers/STM32F1xx_HAL_Driver/Src/stm32f1xx_hal_tim.o
 .text.HAL_TIM_Base_Start_IT
                0x080059d0       0x54 ./Drivers/STM32F1xx_HAL_Driver/Src/stm32f1xx_hal_tim.o
                0x080059d0                HAL_TIM_Base_Start_IT
 .text.HAL_TIM_OC_MspInit
                0x08005a24        0x2 ./Drivers/STM32F1xx_HAL_Driver/Src/stm32f1xx_hal_tim.o
                0x08005a24                HAL_TIM_OC_MspInit
 .text.HAL_TIM_Encoder_Start
                0x08005a26       0xb2 ./Drivers/STM32F1xx_HAL_Driver/Src/stm32f1xx_hal_tim.o
                0x08005a26                HAL_TIM_Encoder_Start
 .text.HAL_TIM_OC_DelayElapsedCallback
                0x08005ad8        0x2 ./Drivers/STM32F1xx_HAL_Driver/Src/stm32f1xx_hal_tim.o
                0x08005ad8                HAL_TIM_OC_DelayElapsedCallback
 .text.HAL_TIM_IC_CaptureCallback
                0x08005ada        0x2 ./Drivers/STM32F1xx_HAL_Driver/Src/stm32f1xx_hal_tim.o
                0x08005ada                HAL_TIM_IC_CaptureCallback
 .text.HAL_TIM_PWM_PulseFinishedCallback
                0x08005adc        0x2 ./Drivers/STM32F1xx_HAL_Driver/Src/stm32f1xx_hal_tim.o
                0x08005adc                HAL_TIM_PWM_PulseFinishedCallback
 .text.HAL_TIM_TriggerCallback
                0x08005ade        0x2 ./Drivers/STM32F1xx_HAL_Driver/Src/stm32f1xx_hal_tim.o
                0x08005ade                HAL_TIM_TriggerCallback
 .text.HAL_TIM_IRQHandler
                0x08005ae0      0x128 ./Drivers/STM32F1xx_HAL_Driver/Src/stm32f1xx_hal_tim.o
                0x08005ae0                HAL_TIM_IRQHandler
 .text.TIM_Base_SetConfig
                0x08005c08       0x80 ./Drivers/STM32F1xx_HAL_Driver/Src/stm32f1xx_hal_tim.o
                0x08005c08                TIM_Base_SetConfig
 .text.HAL_TIM_Base_Init
                0x08005c88       0x58 ./Drivers/STM32F1xx_HAL_Driver/Src/stm32f1xx_hal_tim.o
                0x08005c88                HAL_TIM_Base_Init
 .text.HAL_TIM_OC_Init
                0x08005ce0       0x58 ./Drivers/STM32F1xx_HAL_Driver/Src/stm32f1xx_hal_tim.o
                0x08005ce0                HAL_TIM_OC_Init
 .text.HAL_TIM_PWM_Init
                0x08005d38       0x58 ./Drivers/STM32F1xx_HAL_Driver/Src/stm32f1xx_hal_tim.o
                0x08005d38                HAL_TIM_PWM_Init
 .text.HAL_TIM_Encoder_Init
                0x08005d90       0xa8 ./Drivers/STM32F1xx_HAL_Driver/Src/stm32f1xx_hal_tim.o
                0x08005d90                HAL_TIM_Encoder_Init
 .text.TIM_OC2_SetConfig
                0x08005e38       0x58 ./Drivers/STM32F1xx_HAL_Driver/Src/stm32f1xx_hal_tim.o
                0x08005e38                TIM_OC2_SetConfig
 .text.HAL_TIM_OC_ConfigChannel
                0x08005e90       0x4c ./Drivers/STM32F1xx_HAL_Driver/Src/stm32f1xx_hal_tim.o
                0x08005e90                HAL_TIM_OC_ConfigChannel
 .text.HAL_TIM_PWM_ConfigChannel
                0x08005edc       0xb0 ./Drivers/STM32F1xx_HAL_Driver/Src/stm32f1xx_hal_tim.o
                0x08005edc                HAL_TIM_PWM_ConfigChannel
 .text.TIM_ETR_SetConfig
                0x08005f8c       0x14 ./Drivers/STM32F1xx_HAL_Driver/Src/stm32f1xx_hal_tim.o
                0x08005f8c                TIM_ETR_SetConfig
 .text.HAL_TIM_ConfigClockSource
                0x08005fa0      0x132 ./Drivers/STM32F1xx_HAL_Driver/Src/stm32f1xx_hal_tim.o
                0x08005fa0                HAL_TIM_ConfigClockSource
 .text.TIM_CCxChannelCmd
                0x080060d2       0x1c ./Drivers/STM32F1xx_HAL_Driver/Src/stm32f1xx_hal_tim.o
                0x080060d2                TIM_CCxChannelCmd
 *fill*         0x080060ee        0x2 
 .text.HAL_TIM_OC_Start
                0x080060f0       0x9c ./Drivers/STM32F1xx_HAL_Driver/Src/stm32f1xx_hal_tim.o
                0x080060f0                HAL_TIM_OC_Start
 .text.HAL_TIM_PWM_Start
                0x0800618c        0x4 ./Drivers/STM32F1xx_HAL_Driver/Src/stm32f1xx_hal_tim.o
                0x0800618c                HAL_TIM_PWM_Start
 .text.HAL_TIMEx_MasterConfigSynchronization
                0x08006190       0x5c ./Drivers/STM32F1xx_HAL_Driver/Src/stm32f1xx_hal_tim_ex.o
                0x08006190                HAL_TIMEx_MasterConfigSynchronization
 .text.HAL_TIMEx_CommutCallback
                0x080061ec        0x2 ./Drivers/STM32F1xx_HAL_Driver/Src/stm32f1xx_hal_tim_ex.o
                0x080061ec                HAL_TIMEx_CommutCallback
 .text.HAL_TIMEx_BreakCallback
                0x080061ee        0x2 ./Drivers/STM32F1xx_HAL_Driver/Src/stm32f1xx_hal_tim_ex.o
                0x080061ee                HAL_TIMEx_BreakCallback
 .text.__itoa   0x080061f0       0x30 C:/ST/STM32CubeIDE_1.6.1/STM32CubeIDE/plugins/com.st.stm32cube.ide.mcu.externaltools.gnu-tools-for-stm32.12.3.rel1.win32_1.0.200.202406191623/tools/bin/../lib/gcc/arm-none-eabi/12.3.1/../../../../arm-none-eabi/lib/thumb/v7-m/nofp\libc_nano.a(libc_a-itoa.o)
                0x080061f0                __itoa
 .text.itoa     0x08006220        0x4 C:/ST/STM32CubeIDE_1.6.1/STM32CubeIDE/plugins/com.st.stm32cube.ide.mcu.externaltools.gnu-tools-for-stm32.12.3.rel1.win32_1.0.200.202406191623/tools/bin/../lib/gcc/arm-none-eabi/12.3.1/../../../../arm-none-eabi/lib/thumb/v7-m/nofp\libc_nano.a(libc_a-itoa.o)
                0x08006220                itoa
 .text.rand     0x08006224       0x7c C:/ST/STM32CubeIDE_1.6.1/STM32CubeIDE/plugins/com.st.stm32cube.ide.mcu.externaltools.gnu-tools-for-stm32.12.3.rel1.win32_1.0.200.202406191623/tools/bin/../lib/gcc/arm-none-eabi/12.3.1/../../../../arm-none-eabi/lib/thumb/v7-m/nofp\libc_nano.a(libc_a-rand.o)
                0x08006224                rand
 .text.__utoa   0x080062a0       0x84 C:/ST/STM32CubeIDE_1.6.1/STM32CubeIDE/plugins/com.st.stm32cube.ide.mcu.externaltools.gnu-tools-for-stm32.12.3.rel1.win32_1.0.200.202406191623/tools/bin/../lib/gcc/arm-none-eabi/12.3.1/../../../../arm-none-eabi/lib/thumb/v7-m/nofp\libc_nano.a(libc_a-utoa.o)
                0x080062a0                __utoa
 .text.std      0x08006324       0x6c C:/ST/STM32CubeIDE_1.6.1/STM32CubeIDE/plugins/com.st.stm32cube.ide.mcu.externaltools.gnu-tools-for-stm32.12.3.rel1.win32_1.0.200.202406191623/tools/bin/../lib/gcc/arm-none-eabi/12.3.1/../../../../arm-none-eabi/lib/thumb/v7-m/nofp\libc_nano.a(libc_a-findfp.o)
 .text.stdio_exit_handler
                0x08006390       0x18 C:/ST/STM32CubeIDE_1.6.1/STM32CubeIDE/plugins/com.st.stm32cube.ide.mcu.externaltools.gnu-tools-for-stm32.12.3.rel1.win32_1.0.200.202406191623/tools/bin/../lib/gcc/arm-none-eabi/12.3.1/../../../../arm-none-eabi/lib/thumb/v7-m/nofp\libc_nano.a(libc_a-findfp.o)
 .text.cleanup_stdio
                0x080063a8       0x40 C:/ST/STM32CubeIDE_1.6.1/STM32CubeIDE/plugins/com.st.stm32cube.ide.mcu.externaltools.gnu-tools-for-stm32.12.3.rel1.win32_1.0.200.202406191623/tools/bin/../lib/gcc/arm-none-eabi/12.3.1/../../../../arm-none-eabi/lib/thumb/v7-m/nofp\libc_nano.a(libc_a-findfp.o)
 .text.global_stdio_init.part.0
                0x080063e8       0x3c C:/ST/STM32CubeIDE_1.6.1/STM32CubeIDE/plugins/com.st.stm32cube.ide.mcu.externaltools.gnu-tools-for-stm32.12.3.rel1.win32_1.0.200.202406191623/tools/bin/../lib/gcc/arm-none-eabi/12.3.1/../../../../arm-none-eabi/lib/thumb/v7-m/nofp\libc_nano.a(libc_a-findfp.o)
 .text.__sfp_lock_acquire
                0x08006424        0xc C:/ST/STM32CubeIDE_1.6.1/STM32CubeIDE/plugins/com.st.stm32cube.ide.mcu.externaltools.gnu-tools-for-stm32.12.3.rel1.win32_1.0.200.202406191623/tools/bin/../lib/gcc/arm-none-eabi/12.3.1/../../../../arm-none-eabi/lib/thumb/v7-m/nofp\libc_nano.a(libc_a-findfp.o)
                0x08006424                __sfp_lock_acquire
 .text.__sfp_lock_release
                0x08006430        0xc C:/ST/STM32CubeIDE_1.6.1/STM32CubeIDE/plugins/com.st.stm32cube.ide.mcu.externaltools.gnu-tools-for-stm32.12.3.rel1.win32_1.0.200.202406191623/tools/bin/../lib/gcc/arm-none-eabi/12.3.1/../../../../arm-none-eabi/lib/thumb/v7-m/nofp\libc_nano.a(libc_a-findfp.o)
                0x08006430                __sfp_lock_release
 .text.__sinit  0x0800643c       0x30 C:/ST/STM32CubeIDE_1.6.1/STM32CubeIDE/plugins/com.st.stm32cube.ide.mcu.externaltools.gnu-tools-for-stm32.12.3.rel1.win32_1.0.200.202406191623/tools/bin/../lib/gcc/arm-none-eabi/12.3.1/../../../../arm-none-eabi/lib/thumb/v7-m/nofp\libc_nano.a(libc_a-findfp.o)
                0x0800643c                __sinit
 .text._fwalk_sglue
                0x0800646c       0x3c C:/ST/STM32CubeIDE_1.6.1/STM32CubeIDE/plugins/com.st.stm32cube.ide.mcu.externaltools.gnu-tools-for-stm32.12.3.rel1.win32_1.0.200.202406191623/tools/bin/../lib/gcc/arm-none-eabi/12.3.1/../../../../arm-none-eabi/lib/thumb/v7-m/nofp\libc_nano.a(libc_a-fwalk.o)
                0x0800646c                _fwalk_sglue
 .text.__sread  0x080064a8       0x22 C:/ST/STM32CubeIDE_1.6.1/STM32CubeIDE/plugins/com.st.stm32cube.ide.mcu.externaltools.gnu-tools-for-stm32.12.3.rel1.win32_1.0.200.202406191623/tools/bin/../lib/gcc/arm-none-eabi/12.3.1/../../../../arm-none-eabi/lib/thumb/v7-m/nofp\libc_nano.a(libc_a-stdio.o)
                0x080064a8                __sread
 .text.__swrite
                0x080064ca       0x38 C:/ST/STM32CubeIDE_1.6.1/STM32CubeIDE/plugins/com.st.stm32cube.ide.mcu.externaltools.gnu-tools-for-stm32.12.3.rel1.win32_1.0.200.202406191623/tools/bin/../lib/gcc/arm-none-eabi/12.3.1/../../../../arm-none-eabi/lib/thumb/v7-m/nofp\libc_nano.a(libc_a-stdio.o)
                0x080064ca                __swrite
 .text.__sseek  0x08006502       0x24 C:/ST/STM32CubeIDE_1.6.1/STM32CubeIDE/plugins/com.st.stm32cube.ide.mcu.externaltools.gnu-tools-for-stm32.12.3.rel1.win32_1.0.200.202406191623/tools/bin/../lib/gcc/arm-none-eabi/12.3.1/../../../../arm-none-eabi/lib/thumb/v7-m/nofp\libc_nano.a(libc_a-stdio.o)
                0x08006502                __sseek
 .text.__sclose
                0x08006526        0x8 C:/ST/STM32CubeIDE_1.6.1/STM32CubeIDE/plugins/com.st.stm32cube.ide.mcu.externaltools.gnu-tools-for-stm32.12.3.rel1.win32_1.0.200.202406191623/tools/bin/../lib/gcc/arm-none-eabi/12.3.1/../../../../arm-none-eabi/lib/thumb/v7-m/nofp\libc_nano.a(libc_a-stdio.o)
                0x08006526                __sclose
 .text.memset   0x0800652e       0x10 C:/ST/STM32CubeIDE_1.6.1/STM32CubeIDE/plugins/com.st.stm32cube.ide.mcu.externaltools.gnu-tools-for-stm32.12.3.rel1.win32_1.0.200.202406191623/tools/bin/../lib/gcc/arm-none-eabi/12.3.1/../../../../arm-none-eabi/lib/thumb/v7-m/nofp\libc_nano.a(libc_a-memset.o)
                0x0800652e                memset
 *fill*         0x0800653e        0x2 
 .text._close_r
                0x08006540       0x20 C:/ST/STM32CubeIDE_1.6.1/STM32CubeIDE/plugins/com.st.stm32cube.ide.mcu.externaltools.gnu-tools-for-stm32.12.3.rel1.win32_1.0.200.202406191623/tools/bin/../lib/gcc/arm-none-eabi/12.3.1/../../../../arm-none-eabi/lib/thumb/v7-m/nofp\libc_nano.a(libc_a-closer.o)
                0x08006540                _close_r
 .text._lseek_r
                0x08006560       0x24 C:/ST/STM32CubeIDE_1.6.1/STM32CubeIDE/plugins/com.st.stm32cube.ide.mcu.externaltools.gnu-tools-for-stm32.12.3.rel1.win32_1.0.200.202406191623/tools/bin/../lib/gcc/arm-none-eabi/12.3.1/../../../../arm-none-eabi/lib/thumb/v7-m/nofp\libc_nano.a(libc_a-lseekr.o)
                0x08006560                _lseek_r
 .text._read_r  0x08006584       0x24 C:/ST/STM32CubeIDE_1.6.1/STM32CubeIDE/plugins/com.st.stm32cube.ide.mcu.externaltools.gnu-tools-for-stm32.12.3.rel1.win32_1.0.200.202406191623/tools/bin/../lib/gcc/arm-none-eabi/12.3.1/../../../../arm-none-eabi/lib/thumb/v7-m/nofp\libc_nano.a(libc_a-readr.o)
                0x08006584                _read_r
 .text._write_r
                0x080065a8       0x24 C:/ST/STM32CubeIDE_1.6.1/STM32CubeIDE/plugins/com.st.stm32cube.ide.mcu.externaltools.gnu-tools-for-stm32.12.3.rel1.win32_1.0.200.202406191623/tools/bin/../lib/gcc/arm-none-eabi/12.3.1/../../../../arm-none-eabi/lib/thumb/v7-m/nofp\libc_nano.a(libc_a-writer.o)
                0x080065a8                _write_r
 .text.__errno  0x080065cc        0xc C:/ST/STM32CubeIDE_1.6.1/STM32CubeIDE/plugins/com.st.stm32cube.ide.mcu.externaltools.gnu-tools-for-stm32.12.3.rel1.win32_1.0.200.202406191623/tools/bin/../lib/gcc/arm-none-eabi/12.3.1/../../../../arm-none-eabi/lib/thumb/v7-m/nofp\libc_nano.a(libc_a-errno.o)
                0x080065cc                __errno
 .text.__libc_init_array
                0x080065d8       0x48 C:/ST/STM32CubeIDE_1.6.1/STM32CubeIDE/plugins/com.st.stm32cube.ide.mcu.externaltools.gnu-tools-for-stm32.12.3.rel1.win32_1.0.200.202406191623/tools/bin/../lib/gcc/arm-none-eabi/12.3.1/../../../../arm-none-eabi/lib/thumb/v7-m/nofp\libc_nano.a(libc_a-init.o)
                0x080065d8                __libc_init_array
 .text.__retarget_lock_init_recursive
                0x08006620        0x2 C:/ST/STM32CubeIDE_1.6.1/STM32CubeIDE/plugins/com.st.stm32cube.ide.mcu.externaltools.gnu-tools-for-stm32.12.3.rel1.win32_1.0.200.202406191623/tools/bin/../lib/gcc/arm-none-eabi/12.3.1/../../../../arm-none-eabi/lib/thumb/v7-m/nofp\libc_nano.a(libc_a-lock.o)
                0x08006620                __retarget_lock_init_recursive
 .text.__retarget_lock_acquire_recursive
                0x08006622        0x2 C:/ST/STM32CubeIDE_1.6.1/STM32CubeIDE/plugins/com.st.stm32cube.ide.mcu.externaltools.gnu-tools-for-stm32.12.3.rel1.win32_1.0.200.202406191623/tools/bin/../lib/gcc/arm-none-eabi/12.3.1/../../../../arm-none-eabi/lib/thumb/v7-m/nofp\libc_nano.a(libc_a-lock.o)
                0x08006622                __retarget_lock_acquire_recursive
 .text.__retarget_lock_release_recursive
                0x08006624        0x2 C:/ST/STM32CubeIDE_1.6.1/STM32CubeIDE/plugins/com.st.stm32cube.ide.mcu.externaltools.gnu-tools-for-stm32.12.3.rel1.win32_1.0.200.202406191623/tools/bin/../lib/gcc/arm-none-eabi/12.3.1/../../../../arm-none-eabi/lib/thumb/v7-m/nofp\libc_nano.a(libc_a-lock.o)
                0x08006624                __retarget_lock_release_recursive
 *fill*         0x08006626        0x2 
 .text.__assert_func
                0x08006628       0x3c C:/ST/STM32CubeIDE_1.6.1/STM32CubeIDE/plugins/com.st.stm32cube.ide.mcu.externaltools.gnu-tools-for-stm32.12.3.rel1.win32_1.0.200.202406191623/tools/bin/../lib/gcc/arm-none-eabi/12.3.1/../../../../arm-none-eabi/lib/thumb/v7-m/nofp\libc_nano.a(libc_a-assert.o)
                0x08006628                __assert_func
 .text._free_r  0x08006664       0x90 C:/ST/STM32CubeIDE_1.6.1/STM32CubeIDE/plugins/com.st.stm32cube.ide.mcu.externaltools.gnu-tools-for-stm32.12.3.rel1.win32_1.0.200.202406191623/tools/bin/../lib/gcc/arm-none-eabi/12.3.1/../../../../arm-none-eabi/lib/thumb/v7-m/nofp\libc_nano.a(libc_a-freer.o)
                0x08006664                _free_r
 .text.malloc   0x080066f4       0x10 C:/ST/STM32CubeIDE_1.6.1/STM32CubeIDE/plugins/com.st.stm32cube.ide.mcu.externaltools.gnu-tools-for-stm32.12.3.rel1.win32_1.0.200.202406191623/tools/bin/../lib/gcc/arm-none-eabi/12.3.1/../../../../arm-none-eabi/lib/thumb/v7-m/nofp\libc_nano.a(libc_a-malloc.o)
                0x080066f4                malloc
 .text.sbrk_aligned
                0x08006704       0x44 C:/ST/STM32CubeIDE_1.6.1/STM32CubeIDE/plugins/com.st.stm32cube.ide.mcu.externaltools.gnu-tools-for-stm32.12.3.rel1.win32_1.0.200.202406191623/tools/bin/../lib/gcc/arm-none-eabi/12.3.1/../../../../arm-none-eabi/lib/thumb/v7-m/nofp\libc_nano.a(libc_a-mallocr.o)
 .text._malloc_r
                0x08006748      0x100 C:/ST/STM32CubeIDE_1.6.1/STM32CubeIDE/plugins/com.st.stm32cube.ide.mcu.externaltools.gnu-tools-for-stm32.12.3.rel1.win32_1.0.200.202406191623/tools/bin/../lib/gcc/arm-none-eabi/12.3.1/../../../../arm-none-eabi/lib/thumb/v7-m/nofp\libc_nano.a(libc_a-mallocr.o)
                0x08006748                _malloc_r
 .text.__malloc_lock
                0x08006848        0xc C:/ST/STM32CubeIDE_1.6.1/STM32CubeIDE/plugins/com.st.stm32cube.ide.mcu.externaltools.gnu-tools-for-stm32.12.3.rel1.win32_1.0.200.202406191623/tools/bin/../lib/gcc/arm-none-eabi/12.3.1/../../../../arm-none-eabi/lib/thumb/v7-m/nofp\libc_nano.a(libc_a-mlock.o)
                0x08006848                __malloc_lock
 .text.__malloc_unlock
                0x08006854        0xc C:/ST/STM32CubeIDE_1.6.1/STM32CubeIDE/plugins/com.st.stm32cube.ide.mcu.externaltools.gnu-tools-for-stm32.12.3.rel1.win32_1.0.200.202406191623/tools/bin/../lib/gcc/arm-none-eabi/12.3.1/../../../../arm-none-eabi/lib/thumb/v7-m/nofp\libc_nano.a(libc_a-mlock.o)
                0x08006854                __malloc_unlock
 .text.__sflush_r
                0x08006860      0x100 C:/ST/STM32CubeIDE_1.6.1/STM32CubeIDE/plugins/com.st.stm32cube.ide.mcu.externaltools.gnu-tools-for-stm32.12.3.rel1.win32_1.0.200.202406191623/tools/bin/../lib/gcc/arm-none-eabi/12.3.1/../../../../arm-none-eabi/lib/thumb/v7-m/nofp\libc_nano.a(libc_a-fflush.o)
                0x08006860                __sflush_r
 .text._fflush_r
                0x08006960       0x50 C:/ST/STM32CubeIDE_1.6.1/STM32CubeIDE/plugins/com.st.stm32cube.ide.mcu.externaltools.gnu-tools-for-stm32.12.3.rel1.win32_1.0.200.202406191623/tools/bin/../lib/gcc/arm-none-eabi/12.3.1/../../../../arm-none-eabi/lib/thumb/v7-m/nofp\libc_nano.a(libc_a-fflush.o)
                0x08006960                _fflush_r
 .text.fprintf  0x080069b0       0x24 C:/ST/STM32CubeIDE_1.6.1/STM32CubeIDE/plugins/com.st.stm32cube.ide.mcu.externaltools.gnu-tools-for-stm32.12.3.rel1.win32_1.0.200.202406191623/tools/bin/../lib/gcc/arm-none-eabi/12.3.1/../../../../arm-none-eabi/lib/thumb/v7-m/nofp\libc_nano.a(libc_a-fprintf.o)
                0x080069b0                fiprintf
                0x080069b0                fprintf
 .text._sbrk_r  0x080069d4       0x20 C:/ST/STM32CubeIDE_1.6.1/STM32CubeIDE/plugins/com.st.stm32cube.ide.mcu.externaltools.gnu-tools-for-stm32.12.3.rel1.win32_1.0.200.202406191623/tools/bin/../lib/gcc/arm-none-eabi/12.3.1/../../../../arm-none-eabi/lib/thumb/v7-m/nofp\libc_nano.a(libc_a-sbrkr.o)
                0x080069d4                _sbrk_r
 .text.abort    0x080069f4        0xe C:/ST/STM32CubeIDE_1.6.1/STM32CubeIDE/plugins/com.st.stm32cube.ide.mcu.externaltools.gnu-tools-for-stm32.12.3.rel1.win32_1.0.200.202406191623/tools/bin/../lib/gcc/arm-none-eabi/12.3.1/../../../../arm-none-eabi/lib/thumb/v7-m/nofp\libc_nano.a(libc_a-abort.o)
                0x080069f4                abort
 .text.__sfputc_r
                0x08006a02       0x2a C:/ST/STM32CubeIDE_1.6.1/STM32CubeIDE/plugins/com.st.stm32cube.ide.mcu.externaltools.gnu-tools-for-stm32.12.3.rel1.win32_1.0.200.202406191623/tools/bin/../lib/gcc/arm-none-eabi/12.3.1/../../../../arm-none-eabi/lib/thumb/v7-m/nofp\libc_nano.a(libc_a-nano-vfprintf.o)
 .text.__sfputs_r
                0x08006a2c       0x24 C:/ST/STM32CubeIDE_1.6.1/STM32CubeIDE/plugins/com.st.stm32cube.ide.mcu.externaltools.gnu-tools-for-stm32.12.3.rel1.win32_1.0.200.202406191623/tools/bin/../lib/gcc/arm-none-eabi/12.3.1/../../../../arm-none-eabi/lib/thumb/v7-m/nofp\libc_nano.a(libc_a-nano-vfprintf.o)
                0x08006a2c                __sfputs_r
 .text._vfprintf_r
                0x08006a50      0x230 C:/ST/STM32CubeIDE_1.6.1/STM32CubeIDE/plugins/com.st.stm32cube.ide.mcu.externaltools.gnu-tools-for-stm32.12.3.rel1.win32_1.0.200.202406191623/tools/bin/../lib/gcc/arm-none-eabi/12.3.1/../../../../arm-none-eabi/lib/thumb/v7-m/nofp\libc_nano.a(libc_a-nano-vfprintf.o)
                0x08006a50                _vfprintf_r
                0x08006a50                _vfiprintf_r
 .text._printf_common
                0x08006c80       0xe4 C:/ST/STM32CubeIDE_1.6.1/STM32CubeIDE/plugins/com.st.stm32cube.ide.mcu.externaltools.gnu-tools-for-stm32.12.3.rel1.win32_1.0.200.202406191623/tools/bin/../lib/gcc/arm-none-eabi/12.3.1/../../../../arm-none-eabi/lib/thumb/v7-m/nofp\libc_nano.a(libc_a-nano-vfprintf_i.o)
                0x08006c80                _printf_common
 .text._printf_i
                0x08006d64      0x240 C:/ST/STM32CubeIDE_1.6.1/STM32CubeIDE/plugins/com.st.stm32cube.ide.mcu.externaltools.gnu-tools-for-stm32.12.3.rel1.win32_1.0.200.202406191623/tools/bin/../lib/gcc/arm-none-eabi/12.3.1/../../../../arm-none-eabi/lib/thumb/v7-m/nofp\libc_nano.a(libc_a-nano-vfprintf_i.o)
                0x08006d64                _printf_i
 .text.__swbuf_r
                0x08006fa4       0x7c C:/ST/STM32CubeIDE_1.6.1/STM32CubeIDE/plugins/com.st.stm32cube.ide.mcu.externaltools.gnu-tools-for-stm32.12.3.rel1.win32_1.0.200.202406191623/tools/bin/../lib/gcc/arm-none-eabi/12.3.1/../../../../arm-none-eabi/lib/thumb/v7-m/nofp\libc_nano.a(libc_a-wbuf.o)
                0x08006fa4                __swbuf_r
 .text.__swsetup_r
                0x08007020       0xac C:/ST/STM32CubeIDE_1.6.1/STM32CubeIDE/plugins/com.st.stm32cube.ide.mcu.externaltools.gnu-tools-for-stm32.12.3.rel1.win32_1.0.200.202406191623/tools/bin/../lib/gcc/arm-none-eabi/12.3.1/../../../../arm-none-eabi/lib/thumb/v7-m/nofp\libc_nano.a(libc_a-wsetup.o)
                0x08007020                __swsetup_r
 .text._raise_r
                0x080070cc       0x50 C:/ST/STM32CubeIDE_1.6.1/STM32CubeIDE/plugins/com.st.stm32cube.ide.mcu.externaltools.gnu-tools-for-stm32.12.3.rel1.win32_1.0.200.202406191623/tools/bin/../lib/gcc/arm-none-eabi/12.3.1/../../../../arm-none-eabi/lib/thumb/v7-m/nofp\libc_nano.a(libc_a-signal.o)
                0x080070cc                _raise_r
 .text.raise    0x0800711c       0x10 C:/ST/STM32CubeIDE_1.6.1/STM32CubeIDE/plugins/com.st.stm32cube.ide.mcu.externaltools.gnu-tools-for-stm32.12.3.rel1.win32_1.0.200.202406191623/tools/bin/../lib/gcc/arm-none-eabi/12.3.1/../../../../arm-none-eabi/lib/thumb/v7-m/nofp\libc_nano.a(libc_a-signal.o)
                0x0800711c                raise
 .text._kill_r  0x0800712c       0x24 C:/ST/STM32CubeIDE_1.6.1/STM32CubeIDE/plugins/com.st.stm32cube.ide.mcu.externaltools.gnu-tools-for-stm32.12.3.rel1.win32_1.0.200.202406191623/tools/bin/../lib/gcc/arm-none-eabi/12.3.1/../../../../arm-none-eabi/lib/thumb/v7-m/nofp\libc_nano.a(libc_a-signalr.o)
                0x0800712c                _kill_r
 .text._getpid_r
                0x08007150        0x4 C:/ST/STM32CubeIDE_1.6.1/STM32CubeIDE/plugins/com.st.stm32cube.ide.mcu.externaltools.gnu-tools-for-stm32.12.3.rel1.win32_1.0.200.202406191623/tools/bin/../lib/gcc/arm-none-eabi/12.3.1/../../../../arm-none-eabi/lib/thumb/v7-m/nofp\libc_nano.a(libc_a-signalr.o)
                0x08007150                _getpid_r
 .text.memchr   0x08007154       0x1c C:/ST/STM32CubeIDE_1.6.1/STM32CubeIDE/plugins/com.st.stm32cube.ide.mcu.externaltools.gnu-tools-for-stm32.12.3.rel1.win32_1.0.200.202406191623/tools/bin/../lib/gcc/arm-none-eabi/12.3.1/../../../../arm-none-eabi/lib/thumb/v7-m/nofp\libc_nano.a(libc_a-memchr-stub.o)
                0x08007154                memchr
 .text.__swhatbuf_r
                0x08007170       0x4a C:/ST/STM32CubeIDE_1.6.1/STM32CubeIDE/plugins/com.st.stm32cube.ide.mcu.externaltools.gnu-tools-for-stm32.12.3.rel1.win32_1.0.200.202406191623/tools/bin/../lib/gcc/arm-none-eabi/12.3.1/../../../../arm-none-eabi/lib/thumb/v7-m/nofp\libc_nano.a(libc_a-makebuf.o)
                0x08007170                __swhatbuf_r
 .text.__smakebuf_r
                0x080071ba       0x78 C:/ST/STM32CubeIDE_1.6.1/STM32CubeIDE/plugins/com.st.stm32cube.ide.mcu.externaltools.gnu-tools-for-stm32.12.3.rel1.win32_1.0.200.202406191623/tools/bin/../lib/gcc/arm-none-eabi/12.3.1/../../../../arm-none-eabi/lib/thumb/v7-m/nofp\libc_nano.a(libc_a-makebuf.o)
                0x080071ba                __smakebuf_r
 *fill*         0x08007232        0x2 
 .text._fstat_r
                0x08007234       0x24 C:/ST/STM32CubeIDE_1.6.1/STM32CubeIDE/plugins/com.st.stm32cube.ide.mcu.externaltools.gnu-tools-for-stm32.12.3.rel1.win32_1.0.200.202406191623/tools/bin/../lib/gcc/arm-none-eabi/12.3.1/../../../../arm-none-eabi/lib/thumb/v7-m/nofp\libc_nano.a(libc_a-fstatr.o)
                0x08007234                _fstat_r
 .text._isatty_r
                0x08007258       0x20 C:/ST/STM32CubeIDE_1.6.1/STM32CubeIDE/plugins/com.st.stm32cube.ide.mcu.externaltools.gnu-tools-for-stm32.12.3.rel1.win32_1.0.200.202406191623/tools/bin/../lib/gcc/arm-none-eabi/12.3.1/../../../../arm-none-eabi/lib/thumb/v7-m/nofp\libc_nano.a(libc_a-isattyr.o)
                0x08007258                _isatty_r
 *(.glue_7)
 .glue_7        0x08007278        0x0 linker stubs
 *(.glue_7t)
 .glue_7t       0x08007278        0x0 linker stubs
 *(.eh_frame)
 .eh_frame      0x08007278        0x0 C:/ST/STM32CubeIDE_1.6.1/STM32CubeIDE/plugins/com.st.stm32cube.ide.mcu.externaltools.gnu-tools-for-stm32.12.3.rel1.win32_1.0.200.202406191623/tools/bin/../lib/gcc/arm-none-eabi/12.3.1/thumb/v7-m/nofp/crtbegin.o
 *(.init)
 .init          0x08007278        0x4 C:/ST/STM32CubeIDE_1.6.1/STM32CubeIDE/plugins/com.st.stm32cube.ide.mcu.externaltools.gnu-tools-for-stm32.12.3.rel1.win32_1.0.200.202406191623/tools/bin/../lib/gcc/arm-none-eabi/12.3.1/thumb/v7-m/nofp/crti.o
                0x08007278                _init
 .init          0x0800727c        0x8 C:/ST/STM32CubeIDE_1.6.1/STM32CubeIDE/plugins/com.st.stm32cube.ide.mcu.externaltools.gnu-tools-for-stm32.12.3.rel1.win32_1.0.200.202406191623/tools/bin/../lib/gcc/arm-none-eabi/12.3.1/thumb/v7-m/nofp/crtn.o
 *(.fini)
 .fini          0x08007284        0x4 C:/ST/STM32CubeIDE_1.6.1/STM32CubeIDE/plugins/com.st.stm32cube.ide.mcu.externaltools.gnu-tools-for-stm32.12.3.rel1.win32_1.0.200.202406191623/tools/bin/../lib/gcc/arm-none-eabi/12.3.1/thumb/v7-m/nofp/crti.o
                0x08007284                _fini
 .fini          0x08007288        0x8 C:/ST/STM32CubeIDE_1.6.1/STM32CubeIDE/plugins/com.st.stm32cube.ide.mcu.externaltools.gnu-tools-for-stm32.12.3.rel1.win32_1.0.200.202406191623/tools/bin/../lib/gcc/arm-none-eabi/12.3.1/thumb/v7-m/nofp/crtn.o
                0x08007290                        . = ALIGN (0x4)
                0x08007290                        _etext = .

.vfp11_veneer   0x08007290        0x0
 .vfp11_veneer  0x08007290        0x0 linker stubs

.v4_bx          0x08007290        0x0
 .v4_bx         0x08007290        0x0 linker stubs

.iplt           0x08007290        0x0
 .iplt          0x08007290        0x0 C:/ST/STM32CubeIDE_1.6.1/STM32CubeIDE/plugins/com.st.stm32cube.ide.mcu.externaltools.gnu-tools-for-stm32.12.3.rel1.win32_1.0.200.202406191623/tools/bin/../lib/gcc/arm-none-eabi/12.3.1/thumb/v7-m/nofp/crtbegin.o

.rodata         0x08007290     0x15d4
                0x08007290                        . = ALIGN (0x4)
 *(.rodata)
 .rodata        0x08007290       0x24 ./Core/Src/ftoa.o
 *(.rodata*)
 .rodata.Font11x18
                0x080072b4      0xd5c ./Core/Src/fonts.o
                0x080072b4                Font11x18
 .rodata.Font6x8
                0x08008010      0x5f0 ./Core/Src/fonts.o
                0x08008010                Font6x8
 .rodata.draw_graph.str1.1
                0x08008600        0x0 ./Core/Src/main.o
                                  0x3 (size before relaxing)
 .rodata.oled_wave_generator.str1.1
                0x08008600       0x5f ./Core/Src/main.o
                                 0x6a (size before relaxing)
 .rodata.oled_converter.str1.1
                0x0800865f       0x47 ./Core/Src/main.o
                                 0x4b (size before relaxing)
 .rodata.oled_parameters.str1.1
                0x080086a6       0x2e ./Core/Src/main.o
 .rodata.oled_hello.str1.1
                0x080086d4        0xf ./Core/Src/main.o
 .rodata.oled_indicator.str1.1
                0x080086e3        0x5 ./Core/Src/main.o
 .rodata.oled_graph.str1.1
                0x080086e8       0x22 ./Core/Src/main.o
 .rodata.oled_batt.str1.1
                0x0800870a        0xc ./Core/Src/main.o
 .rodata.oled_vcc_error.str1.1
                0x08008716        0xc ./Core/Src/main.o
 .rodata.APBPrescTable
                0x08008722        0x8 ./Core/Src/system_stm32f1xx.o
                0x08008722                APBPrescTable
 .rodata.AHBPrescTable
                0x0800872a       0x10 ./Core/Src/system_stm32f1xx.o
                0x0800872a                AHBPrescTable
 .rodata.aPredivFactorTable.0
                0x0800873a        0x2 ./Drivers/STM32F1xx_HAL_Driver/Src/stm32f1xx_hal_rcc.o
 .rodata.aPLLMULFactorTable.1
                0x0800873c       0x10 ./Drivers/STM32F1xx_HAL_Driver/Src/stm32f1xx_hal_rcc.o
 .rodata.aPredivFactorTable.0
                0x0800874c        0x2 ./Drivers/STM32F1xx_HAL_Driver/Src/stm32f1xx_hal_rcc_ex.o
 .rodata.aPLLMULFactorTable.1
                0x0800874e       0x10 ./Drivers/STM32F1xx_HAL_Driver/Src/stm32f1xx_hal_rcc_ex.o
 .rodata.srand.str1.1
                0x0800875e       0x6f C:/ST/STM32CubeIDE_1.6.1/STM32CubeIDE/plugins/com.st.stm32cube.ide.mcu.externaltools.gnu-tools-for-stm32.12.3.rel1.win32_1.0.200.202406191623/tools/bin/../lib/gcc/arm-none-eabi/12.3.1/../../../../arm-none-eabi/lib/thumb/v7-m/nofp\libc_nano.a(libc_a-rand.o)
 .rodata.__utoa.str1.1
                0x080087cd       0x25 C:/ST/STM32CubeIDE_1.6.1/STM32CubeIDE/plugins/com.st.stm32cube.ide.mcu.externaltools.gnu-tools-for-stm32.12.3.rel1.win32_1.0.200.202406191623/tools/bin/../lib/gcc/arm-none-eabi/12.3.1/../../../../arm-none-eabi/lib/thumb/v7-m/nofp\libc_nano.a(libc_a-utoa.o)
 .rodata.__assert_func.str1.1
                0x080087f2       0x3c C:/ST/STM32CubeIDE_1.6.1/STM32CubeIDE/plugins/com.st.stm32cube.ide.mcu.externaltools.gnu-tools-for-stm32.12.3.rel1.win32_1.0.200.202406191623/tools/bin/../lib/gcc/arm-none-eabi/12.3.1/../../../../arm-none-eabi/lib/thumb/v7-m/nofp\libc_nano.a(libc_a-assert.o)
                                 0x3d (size before relaxing)
 .rodata._vfprintf_r.str1.1
                0x0800882e       0x11 C:/ST/STM32CubeIDE_1.6.1/STM32CubeIDE/plugins/com.st.stm32cube.ide.mcu.externaltools.gnu-tools-for-stm32.12.3.rel1.win32_1.0.200.202406191623/tools/bin/../lib/gcc/arm-none-eabi/12.3.1/../../../../arm-none-eabi/lib/thumb/v7-m/nofp\libc_nano.a(libc_a-nano-vfprintf.o)
 .rodata._printf_i.str1.1
                0x0800883f       0x22 C:/ST/STM32CubeIDE_1.6.1/STM32CubeIDE/plugins/com.st.stm32cube.ide.mcu.externaltools.gnu-tools-for-stm32.12.3.rel1.win32_1.0.200.202406191623/tools/bin/../lib/gcc/arm-none-eabi/12.3.1/../../../../arm-none-eabi/lib/thumb/v7-m/nofp\libc_nano.a(libc_a-nano-vfprintf_i.o)
                0x08008864                        . = ALIGN (0x4)
 *fill*         0x08008861        0x3 

.ARM.extab      0x08008864        0x0
                0x08008864                        . = ALIGN (0x4)
 *(.ARM.extab* .gnu.linkonce.armextab.*)
                0x08008864                        . = ALIGN (0x4)

.ARM            0x08008864        0x8
                0x08008864                        . = ALIGN (0x4)
                0x08008864                        __exidx_start = .
 *(.ARM.exidx*)
 .ARM.exidx     0x08008864        0x8 C:/ST/STM32CubeIDE_1.6.1/STM32CubeIDE/plugins/com.st.stm32cube.ide.mcu.externaltools.gnu-tools-for-stm32.12.3.rel1.win32_1.0.200.202406191623/tools/bin/../lib/gcc/arm-none-eabi/12.3.1/thumb/v7-m/nofp\libgcc.a(_udivmoddi4.o)
                0x0800886c                        __exidx_end = .
                0x0800886c                        . = ALIGN (0x4)

.rel.dyn        0x0800886c        0x0
 .rel.iplt      0x0800886c        0x0 C:/ST/STM32CubeIDE_1.6.1/STM32CubeIDE/plugins/com.st.stm32cube.ide.mcu.externaltools.gnu-tools-for-stm32.12.3.rel1.win32_1.0.200.202406191623/tools/bin/../lib/gcc/arm-none-eabi/12.3.1/thumb/v7-m/nofp/crtbegin.o

.preinit_array  0x0800886c        0x0
                0x0800886c                        . = ALIGN (0x4)
                0x0800886c                        PROVIDE (__preinit_array_start = .)
 *(.preinit_array*)
                0x0800886c                        PROVIDE (__preinit_array_end = .)
                0x0800886c                        . = ALIGN (0x4)

.init_array     0x0800886c        0x4
                0x0800886c                        . = ALIGN (0x4)
                0x0800886c                        PROVIDE (__init_array_start = .)
 *(SORT_BY_NAME(.init_array.*))
 *(.init_array*)
 .init_array    0x0800886c        0x4 C:/ST/STM32CubeIDE_1.6.1/STM32CubeIDE/plugins/com.st.stm32cube.ide.mcu.externaltools.gnu-tools-for-stm32.12.3.rel1.win32_1.0.200.202406191623/tools/bin/../lib/gcc/arm-none-eabi/12.3.1/thumb/v7-m/nofp/crtbegin.o
                0x08008870                        PROVIDE (__init_array_end = .)
                0x08008870                        . = ALIGN (0x4)

.fini_array     0x08008870        0x4
                0x08008870                        . = ALIGN (0x4)
                [!provide]                        PROVIDE (__fini_array_start = .)
 *(SORT_BY_NAME(.fini_array.*))
 *(.fini_array*)
 .fini_array    0x08008870        0x4 C:/ST/STM32CubeIDE_1.6.1/STM32CubeIDE/plugins/com.st.stm32cube.ide.mcu.externaltools.gnu-tools-for-stm32.12.3.rel1.win32_1.0.200.202406191623/tools/bin/../lib/gcc/arm-none-eabi/12.3.1/thumb/v7-m/nofp/crtbegin.o
                [!provide]                        PROVIDE (__fini_array_end = .)
                0x08008874                        . = ALIGN (0x4)
                0x08008874                        _sidata = LOADADDR (.data)

.data           0x20000000       0x8c load address 0x08008874
                0x20000000                        . = ALIGN (0x4)
                0x20000000                        _sdata = .
 *(.data)
 *(.data*)
 .data.Font_11x18
                0x20000000        0x8 ./Core/Src/fonts.o
                0x20000000                Font_11x18
 .data.Font_6x8
                0x20000008        0x8 ./Core/Src/fonts.o
                0x20000008                Font_6x8
 .data.init_new_graph
                0x20000010        0x1 ./Core/Src/main.o
                0x20000010                init_new_graph
 *fill*         0x20000011        0x1 
 .data.screen_multiplier
                0x20000012        0x2 ./Core/Src/main.o
                0x20000012                screen_multiplier
 .data.screen_new
                0x20000014        0x1 ./Core/Src/main.o
                0x20000014                screen_new
 .data.encoder_switch_double_long_2
                0x20000015        0x1 ./Core/Src/main.o
                0x20000015                encoder_switch_double_long_2
 .data.encoder_switch_double_long_1
                0x20000016        0x1 ./Core/Src/main.o
                0x20000016                encoder_switch_double_long_1
 .data.encoder_switch_double_long
                0x20000017        0x1 ./Core/Src/main.o
                0x20000017                encoder_switch_double_long
 .data.dac_freq
                0x20000018        0x4 ./Core/Src/main.o
                0x20000018                dac_freq
 .data.conv_current_set
                0x2000001c        0x4 ./Core/Src/main.o
                0x2000001c                conv_current_set
 .data.conv_voltage_set
                0x20000020        0x4 ./Core/Src/main.o
                0x20000020                conv_voltage_set
 .data.SystemCoreClock
                0x20000024        0x4 ./Core/Src/system_stm32f1xx.o
                0x20000024                SystemCoreClock
 .data.uwTickFreq
                0x20000028        0x1 ./Drivers/STM32F1xx_HAL_Driver/Src/stm32f1xx_hal.o
                0x20000028                uwTickFreq
 *fill*         0x20000029        0x3 
 .data.uwTickPrio
                0x2000002c        0x4 ./Drivers/STM32F1xx_HAL_Driver/Src/stm32f1xx_hal.o
                0x2000002c                uwTickPrio
 .data.__sglue  0x20000030        0xc C:/ST/STM32CubeIDE_1.6.1/STM32CubeIDE/plugins/com.st.stm32cube.ide.mcu.externaltools.gnu-tools-for-stm32.12.3.rel1.win32_1.0.200.202406191623/tools/bin/../lib/gcc/arm-none-eabi/12.3.1/../../../../arm-none-eabi/lib/thumb/v7-m/nofp\libc_nano.a(libc_a-findfp.o)
                0x20000030                __sglue
 .data._impure_ptr
                0x2000003c        0x4 C:/ST/STM32CubeIDE_1.6.1/STM32CubeIDE/plugins/com.st.stm32cube.ide.mcu.externaltools.gnu-tools-for-stm32.12.3.rel1.win32_1.0.200.202406191623/tools/bin/../lib/gcc/arm-none-eabi/12.3.1/../../../../arm-none-eabi/lib/thumb/v7-m/nofp\libc_nano.a(libc_a-impure.o)
                0x2000003c                _impure_ptr
 .data._impure_data
                0x20000040       0x4c C:/ST/STM32CubeIDE_1.6.1/STM32CubeIDE/plugins/com.st.stm32cube.ide.mcu.externaltools.gnu-tools-for-stm32.12.3.rel1.win32_1.0.200.202406191623/tools/bin/../lib/gcc/arm-none-eabi/12.3.1/../../../../arm-none-eabi/lib/thumb/v7-m/nofp\libc_nano.a(libc_a-impure.o)
                0x20000040                _impure_data
 *(.RamFunc)
 *(.RamFunc*)
                0x2000008c                        . = ALIGN (0x4)
                0x2000008c                        _edata = .

.igot.plt       0x2000008c        0x0 load address 0x08008900
 .igot.plt      0x2000008c        0x0 C:/ST/STM32CubeIDE_1.6.1/STM32CubeIDE/plugins/com.st.stm32cube.ide.mcu.externaltools.gnu-tools-for-stm32.12.3.rel1.win32_1.0.200.202406191623/tools/bin/../lib/gcc/arm-none-eabi/12.3.1/thumb/v7-m/nofp/crtbegin.o
                0x2000008c                        . = ALIGN (0x4)

.bss            0x20000090      0xcd4 load address 0x08008900
                0x20000090                        _sbss = .
                0x20000090                        __bss_start__ = _sbss
 *(.bss)
 .bss           0x20000090       0x1c C:/ST/STM32CubeIDE_1.6.1/STM32CubeIDE/plugins/com.st.stm32cube.ide.mcu.externaltools.gnu-tools-for-stm32.12.3.rel1.win32_1.0.200.202406191623/tools/bin/../lib/gcc/arm-none-eabi/12.3.1/thumb/v7-m/nofp/crtbegin.o
 *(.bss*)
 .bss.WKNOWN    0x200000ac        0x1 ./Core/Src/AD9833.o
                0x200000ac                WKNOWN
 *fill*         0x200000ad        0x3 
 .bss.phaseVal  0x200000b0        0x4 ./Core/Src/AD9833.o
                0x200000b0                phaseVal
 .bss.FRQHW     0x200000b4        0x2 ./Core/Src/AD9833.o
                0x200000b4                FRQHW
 .bss.FRQLW     0x200000b6        0x2 ./Core/Src/AD9833.o
                0x200000b6                FRQLW
 .bss.hdma_adc1
                0x200000b8       0x44 ./Core/Src/adc.o
                0x200000b8                hdma_adc1
 .bss.hadc1     0x200000fc       0x30 ./Core/Src/adc.o
                0x200000fc                hadc1
 .bss.hi2c1     0x2000012c       0x54 ./Core/Src/i2c.o
                0x2000012c                hi2c1
 .bss.filterStruct_fast
                0x20000180       0xe0 ./Core/Src/main.o
                0x20000180                filterStruct_fast
 .bss.filterStruct_slow
                0x20000260      0x400 ./Core/Src/main.o
                0x20000260                filterStruct_slow
 .bss.graph_set_prev
                0x20000660        0x1 ./Core/Src/main.o
                0x20000660                graph_set_prev
 .bss.graph_set
                0x20000661        0x1 ./Core/Src/main.o
                0x20000661                graph_set
 *fill*         0x20000662        0x6 
 .bss.oy_last_value_graph
                0x20000668        0x8 ./Core/Src/main.o
                0x20000668                oy_last_value_graph
 .bss.ox_last_value_graph
                0x20000670        0x8 ./Core/Src/main.o
                0x20000670                ox_last_value_graph
 .bss.x_value_graph
                0x20000678        0x1 ./Core/Src/main.o
                0x20000678                x_value_graph
 .bss.screen_old_num
                0x20000679        0x1 ./Core/Src/main.o
                0x20000679                screen_old_num
 .bss.screen_cursor_config
                0x2000067a        0x3 ./Core/Src/main.o
                0x2000067a                screen_cursor_config
 .bss.screen_text_buff
                0x2000067d        0x6 ./Core/Src/main.o
                0x2000067d                screen_text_buff
 .bss.timer_3_counter_graph
                0x20000683        0x1 ./Core/Src/main.o
                0x20000683                timer_3_counter_graph
 .bss.timer_3_counter_error_check_delay
                0x20000684        0x1 ./Core/Src/main.o
                0x20000684                timer_3_counter_error_check_delay
 .bss.timer_3_counter_conv_sync
                0x20000685        0x1 ./Core/Src/main.o
                0x20000685                timer_3_counter_conv_sync
 .bss.timer_3_counter_encoder_sw
                0x20000686        0x1 ./Core/Src/main.o
                0x20000686                timer_3_counter_encoder_sw
 .bss.timer_3_counter_main
                0x20000687        0x1 ./Core/Src/main.o
                0x20000687                timer_3_counter_main
 .bss.encoder_rot_prev
                0x20000688        0x2 ./Core/Src/main.o
                0x20000688                encoder_rot_prev
 .bss.encoder_rot
                0x2000068a        0x2 ./Core/Src/main.o
                0x2000068a                encoder_rot
 *fill*         0x2000068c        0x4 
 .bss.encoder_switch_timer
                0x20000690        0x8 ./Core/Src/main.o
                0x20000690                encoder_switch_timer
 .bss.encoder_switch_long_2
                0x20000698        0x1 ./Core/Src/main.o
                0x20000698                encoder_switch_long_2
 .bss.encoder_switch_long_1
                0x20000699        0x1 ./Core/Src/main.o
                0x20000699                encoder_switch_long_1
 .bss.encoder_switch_long
                0x2000069a        0x1 ./Core/Src/main.o
                0x2000069a                encoder_switch_long
 .bss.encoder_switch_short_2
                0x2000069b        0x1 ./Core/Src/main.o
                0x2000069b                encoder_switch_short_2
 .bss.encoder_switch_short_1
                0x2000069c        0x1 ./Core/Src/main.o
                0x2000069c                encoder_switch_short_1
 .bss.encoder_switch_short
                0x2000069d        0x1 ./Core/Src/main.o
                0x2000069d                encoder_switch_short
 *fill*         0x2000069e        0x2 
 .bss.value_voltage
                0x200006a0       0x20 ./Core/Src/main.o
                0x200006a0                value_voltage
 .bss.adc_value_conv
                0x200006c0       0x10 ./Core/Src/main.o
                0x200006c0                adc_value_conv
 .bss.adc_raw_value
                0x200006d0       0x20 ./Core/Src/main.o
                0x200006d0                adc_raw_value
 .bss.neg_vdc_voltage_mes
                0x200006f0        0x4 ./Core/Src/main.o
                0x200006f0                neg_vdc_voltage_mes
 .bss.pos_vdc_voltage_mes
                0x200006f4        0x4 ./Core/Src/main.o
                0x200006f4                pos_vdc_voltage_mes
 .bss.power_error_state
                0x200006f8        0x1 ./Core/Src/main.o
                0x200006f8                power_error_state
 .bss.error_screen_delay
                0x200006f9        0x1 ./Core/Src/main.o
                0x200006f9                error_screen_delay
 .bss.batt_low_state
                0x200006fa        0x1 ./Core/Src/main.o
                0x200006fa                batt_low_state
 .bss.vcc_batt_soc
                0x200006fb        0x1 ./Core/Src/main.o
                0x200006fb                vcc_batt_soc
 .bss.vcc_voltage_batt_mes
                0x200006fc        0x4 ./Core/Src/main.o
                0x200006fc                vcc_voltage_batt_mes
 .bss.wg_cal_out
                0x20000700        0x4 ./Core/Src/main.o
                0x20000700                wg_cal_out
 .bss.wg_out_ovr
                0x20000704        0x1 ./Core/Src/main.o
                0x20000704                wg_out_ovr
 .bss.wg_offset_ovr
                0x20000705        0x1 ./Core/Src/main.o
                0x20000705                wg_offset_ovr
 *fill*         0x20000706        0x2 
 .bss.wg_raw_amplitude
                0x20000708        0x4 ./Core/Src/main.o
                0x20000708                wg_raw_amplitude
 .bss.wg_gain   0x2000070c        0x4 ./Core/Src/main.o
                0x2000070c                wg_gain
 .bss.wg_wave_mode
                0x20000710        0x1 ./Core/Src/main.o
                0x20000710                wg_wave_mode
 .bss.wg_sw_start
                0x20000711        0x1 ./Core/Src/main.o
                0x20000711                wg_sw_start
 *fill*         0x20000712        0x2 
 .bss.wg_offset_raw
                0x20000714        0x4 ./Core/Src/main.o
                0x20000714                wg_offset_raw
 .bss.wg_offset_set
                0x20000718        0x4 ./Core/Src/main.o
                0x20000718                wg_offset_set
 .bss.conv_actual_voltage_diff
                0x2000071c        0x4 ./Core/Src/main.o
                0x2000071c                conv_actual_voltage_diff
 .bss.conv_prev_voltage_diff
                0x20000720        0x4 ./Core/Src/main.o
                0x20000720                conv_prev_voltage_diff
 .bss.conv_sw_start_prev
                0x20000724        0x1 ./Core/Src/main.o
                0x20000724                conv_sw_start_prev
 .bss.conv_sw_start
                0x20000725        0x1 ./Core/Src/main.o
                0x20000725                conv_sw_start
 *fill*         0x20000726        0x2 
 .bss.conv_current_mes
                0x20000728        0x4 ./Core/Src/main.o
                0x20000728                conv_current_mes
 .bss.conv_voltage_mes
                0x2000072c        0x4 ./Core/Src/main.o
                0x2000072c                conv_voltage_mes
 .bss.conv_pwm_control
                0x20000730        0x2 ./Core/Src/main.o
                0x20000730                conv_pwm_control
 .bss.SSD1306   0x20000732        0x6 ./Core/Src/ssd1306.o
 .bss.SSD1306_Buffer
                0x20000738      0x400 ./Core/Src/ssd1306.o
 .bss.__sbrk_heap_end
                0x20000b38        0x4 ./Core/Src/sysmem.o
 .bss.htim4     0x20000b3c       0x48 ./Core/Src/tim.o
                0x20000b3c                htim4
 .bss.htim3     0x20000b84       0x48 ./Core/Src/tim.o
                0x20000b84                htim3
 .bss.htim2     0x20000bcc       0x48 ./Core/Src/tim.o
                0x20000bcc                htim2
 .bss.uwTick    0x20000c14        0x4 ./Drivers/STM32F1xx_HAL_Driver/Src/stm32f1xx_hal.o
                0x20000c14                uwTick
 .bss.__sf      0x20000c18      0x138 C:/ST/STM32CubeIDE_1.6.1/STM32CubeIDE/plugins/com.st.stm32cube.ide.mcu.externaltools.gnu-tools-for-stm32.12.3.rel1.win32_1.0.200.202406191623/tools/bin/../lib/gcc/arm-none-eabi/12.3.1/../../../../arm-none-eabi/lib/thumb/v7-m/nofp\libc_nano.a(libc_a-findfp.o)
                0x20000c18                __sf
 .bss.__stdio_exit_handler
                0x20000d50        0x4 C:/ST/STM32CubeIDE_1.6.1/STM32CubeIDE/plugins/com.st.stm32cube.ide.mcu.externaltools.gnu-tools-for-stm32.12.3.rel1.win32_1.0.200.202406191623/tools/bin/../lib/gcc/arm-none-eabi/12.3.1/../../../../arm-none-eabi/lib/thumb/v7-m/nofp\libc_nano.a(libc_a-findfp.o)
                0x20000d50                __stdio_exit_handler
 .bss.errno     0x20000d54        0x4 C:/ST/STM32CubeIDE_1.6.1/STM32CubeIDE/plugins/com.st.stm32cube.ide.mcu.externaltools.gnu-tools-for-stm32.12.3.rel1.win32_1.0.200.202406191623/tools/bin/../lib/gcc/arm-none-eabi/12.3.1/../../../../arm-none-eabi/lib/thumb/v7-m/nofp\libc_nano.a(libc_a-reent.o)
                0x20000d54                errno
 .bss.__lock___malloc_recursive_mutex
                0x20000d58        0x1 C:/ST/STM32CubeIDE_1.6.1/STM32CubeIDE/plugins/com.st.stm32cube.ide.mcu.externaltools.gnu-tools-for-stm32.12.3.rel1.win32_1.0.200.202406191623/tools/bin/../lib/gcc/arm-none-eabi/12.3.1/../../../../arm-none-eabi/lib/thumb/v7-m/nofp\libc_nano.a(libc_a-lock.o)
                0x20000d58                __lock___malloc_recursive_mutex
 .bss.__lock___sfp_recursive_mutex
                0x20000d59        0x1 C:/ST/STM32CubeIDE_1.6.1/STM32CubeIDE/plugins/com.st.stm32cube.ide.mcu.externaltools.gnu-tools-for-stm32.12.3.rel1.win32_1.0.200.202406191623/tools/bin/../lib/gcc/arm-none-eabi/12.3.1/../../../../arm-none-eabi/lib/thumb/v7-m/nofp\libc_nano.a(libc_a-lock.o)
                0x20000d59                __lock___sfp_recursive_mutex
 *fill*         0x20000d5a        0x2 
 .bss.__malloc_sbrk_start
                0x20000d5c        0x4 C:/ST/STM32CubeIDE_1.6.1/STM32CubeIDE/plugins/com.st.stm32cube.ide.mcu.externaltools.gnu-tools-for-stm32.12.3.rel1.win32_1.0.200.202406191623/tools/bin/../lib/gcc/arm-none-eabi/12.3.1/../../../../arm-none-eabi/lib/thumb/v7-m/nofp\libc_nano.a(libc_a-mallocr.o)
                0x20000d5c                __malloc_sbrk_start
 .bss.__malloc_free_list
                0x20000d60        0x4 C:/ST/STM32CubeIDE_1.6.1/STM32CubeIDE/plugins/com.st.stm32cube.ide.mcu.externaltools.gnu-tools-for-stm32.12.3.rel1.win32_1.0.200.202406191623/tools/bin/../lib/gcc/arm-none-eabi/12.3.1/../../../../arm-none-eabi/lib/thumb/v7-m/nofp\libc_nano.a(libc_a-mallocr.o)
                0x20000d60                __malloc_free_list
 *(COMMON)
                0x20000d64                        . = ALIGN (0x4)
                0x20000d64                        _ebss = .
                0x20000d64                        __bss_end__ = _ebss

._user_heap_stack
                0x20000d64      0x604 load address 0x08008900
                0x20000d68                        . = ALIGN (0x8)
 *fill*         0x20000d64        0x4 
                [!provide]                        PROVIDE (end = .)
                0x20000d68                        PROVIDE (_end = .)
                0x20000f68                        . = (. + _Min_Heap_Size)
 *fill*         0x20000d68      0x200 
                0x20001368                        . = (. + _Min_Stack_Size)
 *fill*         0x20000f68      0x400 
                0x20001368                        . = ALIGN (0x8)

/DISCARD/
 libc.a(*)
 libm.a(*)
 libgcc.a(*)

.ARM.attributes
                0x00000000       0x29
 *(.ARM.attributes)
 .ARM.attributes
                0x00000000       0x1d C:/ST/STM32CubeIDE_1.6.1/STM32CubeIDE/plugins/com.st.stm32cube.ide.mcu.externaltools.gnu-tools-for-stm32.12.3.rel1.win32_1.0.200.202406191623/tools/bin/../lib/gcc/arm-none-eabi/12.3.1/thumb/v7-m/nofp/crti.o
 .ARM.attributes
                0x0000001d       0x2d C:/ST/STM32CubeIDE_1.6.1/STM32CubeIDE/plugins/com.st.stm32cube.ide.mcu.externaltools.gnu-tools-for-stm32.12.3.rel1.win32_1.0.200.202406191623/tools/bin/../lib/gcc/arm-none-eabi/12.3.1/thumb/v7-m/nofp/crtbegin.o
 .ARM.attributes
                0x0000004a       0x2d ./Core/Src/AD9833.o
 .ARM.attributes
                0x00000077       0x2d ./Core/Src/adc.o
 .ARM.attributes
                0x000000a4       0x2d ./Core/Src/dma.o
 .ARM.attributes
                0x000000d1       0x2d ./Core/Src/fonts.o
 .ARM.attributes
                0x000000fe       0x2d ./Core/Src/ftoa.o
 .ARM.attributes
                0x0000012b       0x2d ./Core/Src/gpio.o
 .ARM.attributes
                0x00000158       0x2d ./Core/Src/i2c.o
 .ARM.attributes
                0x00000185       0x2d ./Core/Src/main.o
 .ARM.attributes
                0x000001b2       0x2d ./Core/Src/moving_average.o
 .ARM.attributes
                0x000001df       0x2d ./Core/Src/ssd1306.o
 .ARM.attributes
                0x0000020c       0x2d ./Core/Src/stm32f1xx_hal_msp.o
 .ARM.attributes
                0x00000239       0x2d ./Core/Src/stm32f1xx_it.o
 .ARM.attributes
                0x00000266       0x2d ./Core/Src/syscalls.o
 .ARM.attributes
                0x00000293       0x2d ./Core/Src/sysmem.o
 .ARM.attributes
                0x000002c0       0x2d ./Core/Src/system_stm32f1xx.o
 .ARM.attributes
                0x000002ed       0x2d ./Core/Src/tim.o
 .ARM.attributes
                0x0000031a       0x21 ./Core/Startup/startup_stm32f103c8tx.o
 .ARM.attributes
                0x0000033b       0x2d ./Drivers/STM32F1xx_HAL_Driver/Src/stm32f1xx_hal.o
 .ARM.attributes
                0x00000368       0x2d ./Drivers/STM32F1xx_HAL_Driver/Src/stm32f1xx_hal_adc.o
 .ARM.attributes
                0x00000395       0x2d ./Drivers/STM32F1xx_HAL_Driver/Src/stm32f1xx_hal_adc_ex.o
 .ARM.attributes
                0x000003c2       0x2d ./Drivers/STM32F1xx_HAL_Driver/Src/stm32f1xx_hal_cortex.o
 .ARM.attributes
                0x000003ef       0x2d ./Drivers/STM32F1xx_HAL_Driver/Src/stm32f1xx_hal_dma.o
 .ARM.attributes
                0x0000041c       0x2d ./Drivers/STM32F1xx_HAL_Driver/Src/stm32f1xx_hal_gpio.o
 .ARM.attributes
                0x00000449       0x2d ./Drivers/STM32F1xx_HAL_Driver/Src/stm32f1xx_hal_i2c.o
 .ARM.attributes
                0x00000476       0x2d ./Drivers/STM32F1xx_HAL_Driver/Src/stm32f1xx_hal_rcc.o
 .ARM.attributes
                0x000004a3       0x2d ./Drivers/STM32F1xx_HAL_Driver/Src/stm32f1xx_hal_rcc_ex.o
 .ARM.attributes
                0x000004d0       0x2d ./Drivers/STM32F1xx_HAL_Driver/Src/stm32f1xx_hal_tim.o
 .ARM.attributes
                0x000004fd       0x2d ./Drivers/STM32F1xx_HAL_Driver/Src/stm32f1xx_hal_tim_ex.o
 .ARM.attributes
                0x0000052a       0x2d C:/ST/STM32CubeIDE_1.6.1/STM32CubeIDE/plugins/com.st.stm32cube.ide.mcu.externaltools.gnu-tools-for-stm32.12.3.rel1.win32_1.0.200.202406191623/tools/bin/../lib/gcc/arm-none-eabi/12.3.1/../../../../arm-none-eabi/lib/thumb/v7-m/nofp\libc_nano.a(libc_a-itoa.o)
 .ARM.attributes
                0x00000557       0x2d C:/ST/STM32CubeIDE_1.6.1/STM32CubeIDE/plugins/com.st.stm32cube.ide.mcu.externaltools.gnu-tools-for-stm32.12.3.rel1.win32_1.0.200.202406191623/tools/bin/../lib/gcc/arm-none-eabi/12.3.1/../../../../arm-none-eabi/lib/thumb/v7-m/nofp\libc_nano.a(libc_a-rand.o)
 .ARM.attributes
                0x00000584       0x2d C:/ST/STM32CubeIDE_1.6.1/STM32CubeIDE/plugins/com.st.stm32cube.ide.mcu.externaltools.gnu-tools-for-stm32.12.3.rel1.win32_1.0.200.202406191623/tools/bin/../lib/gcc/arm-none-eabi/12.3.1/../../../../arm-none-eabi/lib/thumb/v7-m/nofp\libc_nano.a(libc_a-utoa.o)
 .ARM.attributes
                0x000005b1       0x2d C:/ST/STM32CubeIDE_1.6.1/STM32CubeIDE/plugins/com.st.stm32cube.ide.mcu.externaltools.gnu-tools-for-stm32.12.3.rel1.win32_1.0.200.202406191623/tools/bin/../lib/gcc/arm-none-eabi/12.3.1/../../../../arm-none-eabi/lib/thumb/v7-m/nofp\libc_nano.a(libc_a-findfp.o)
 .ARM.attributes
                0x000005de       0x2d C:/ST/STM32CubeIDE_1.6.1/STM32CubeIDE/plugins/com.st.stm32cube.ide.mcu.externaltools.gnu-tools-for-stm32.12.3.rel1.win32_1.0.200.202406191623/tools/bin/../lib/gcc/arm-none-eabi/12.3.1/../../../../arm-none-eabi/lib/thumb/v7-m/nofp\libc_nano.a(libc_a-fwalk.o)
 .ARM.attributes
                0x0000060b       0x2d C:/ST/STM32CubeIDE_1.6.1/STM32CubeIDE/plugins/com.st.stm32cube.ide.mcu.externaltools.gnu-tools-for-stm32.12.3.rel1.win32_1.0.200.202406191623/tools/bin/../lib/gcc/arm-none-eabi/12.3.1/../../../../arm-none-eabi/lib/thumb/v7-m/nofp\libc_nano.a(libc_a-stdio.o)
 .ARM.attributes
                0x00000638       0x2d C:/ST/STM32CubeIDE_1.6.1/STM32CubeIDE/plugins/com.st.stm32cube.ide.mcu.externaltools.gnu-tools-for-stm32.12.3.rel1.win32_1.0.200.202406191623/tools/bin/../lib/gcc/arm-none-eabi/12.3.1/../../../../arm-none-eabi/lib/thumb/v7-m/nofp\libc_nano.a(libc_a-memset.o)
 .ARM.attributes
                0x00000665       0x2d C:/ST/STM32CubeIDE_1.6.1/STM32CubeIDE/plugins/com.st.stm32cube.ide.mcu.externaltools.gnu-tools-for-stm32.12.3.rel1.win32_1.0.200.202406191623/tools/bin/../lib/gcc/arm-none-eabi/12.3.1/../../../../arm-none-eabi/lib/thumb/v7-m/nofp\libc_nano.a(libc_a-closer.o)
 .ARM.attributes
                0x00000692       0x2d C:/ST/STM32CubeIDE_1.6.1/STM32CubeIDE/plugins/com.st.stm32cube.ide.mcu.externaltools.gnu-tools-for-stm32.12.3.rel1.win32_1.0.200.202406191623/tools/bin/../lib/gcc/arm-none-eabi/12.3.1/../../../../arm-none-eabi/lib/thumb/v7-m/nofp\libc_nano.a(libc_a-reent.o)
 .ARM.attributes
                0x000006bf       0x2d C:/ST/STM32CubeIDE_1.6.1/STM32CubeIDE/plugins/com.st.stm32cube.ide.mcu.externaltools.gnu-tools-for-stm32.12.3.rel1.win32_1.0.200.202406191623/tools/bin/../lib/gcc/arm-none-eabi/12.3.1/../../../../arm-none-eabi/lib/thumb/v7-m/nofp\libc_nano.a(libc_a-impure.o)
 .ARM.attributes
                0x000006ec       0x2d C:/ST/STM32CubeIDE_1.6.1/STM32CubeIDE/plugins/com.st.stm32cube.ide.mcu.externaltools.gnu-tools-for-stm32.12.3.rel1.win32_1.0.200.202406191623/tools/bin/../lib/gcc/arm-none-eabi/12.3.1/../../../../arm-none-eabi/lib/thumb/v7-m/nofp\libc_nano.a(libc_a-lseekr.o)
 .ARM.attributes
                0x00000719       0x2d C:/ST/STM32CubeIDE_1.6.1/STM32CubeIDE/plugins/com.st.stm32cube.ide.mcu.externaltools.gnu-tools-for-stm32.12.3.rel1.win32_1.0.200.202406191623/tools/bin/../lib/gcc/arm-none-eabi/12.3.1/../../../../arm-none-eabi/lib/thumb/v7-m/nofp\libc_nano.a(libc_a-readr.o)
 .ARM.attributes
                0x00000746       0x2d C:/ST/STM32CubeIDE_1.6.1/STM32CubeIDE/plugins/com.st.stm32cube.ide.mcu.externaltools.gnu-tools-for-stm32.12.3.rel1.win32_1.0.200.202406191623/tools/bin/../lib/gcc/arm-none-eabi/12.3.1/../../../../arm-none-eabi/lib/thumb/v7-m/nofp\libc_nano.a(libc_a-writer.o)
 .ARM.attributes
                0x00000773       0x2d C:/ST/STM32CubeIDE_1.6.1/STM32CubeIDE/plugins/com.st.stm32cube.ide.mcu.externaltools.gnu-tools-for-stm32.12.3.rel1.win32_1.0.200.202406191623/tools/bin/../lib/gcc/arm-none-eabi/12.3.1/../../../../arm-none-eabi/lib/thumb/v7-m/nofp\libc_nano.a(libc_a-errno.o)
 .ARM.attributes
                0x000007a0       0x2d C:/ST/STM32CubeIDE_1.6.1/STM32CubeIDE/plugins/com.st.stm32cube.ide.mcu.externaltools.gnu-tools-for-stm32.12.3.rel1.win32_1.0.200.202406191623/tools/bin/../lib/gcc/arm-none-eabi/12.3.1/../../../../arm-none-eabi/lib/thumb/v7-m/nofp\libc_nano.a(libc_a-init.o)
 .ARM.attributes
                0x000007cd       0x2d C:/ST/STM32CubeIDE_1.6.1/STM32CubeIDE/plugins/com.st.stm32cube.ide.mcu.externaltools.gnu-tools-for-stm32.12.3.rel1.win32_1.0.200.202406191623/tools/bin/../lib/gcc/arm-none-eabi/12.3.1/../../../../arm-none-eabi/lib/thumb/v7-m/nofp\libc_nano.a(libc_a-lock.o)
 .ARM.attributes
                0x000007fa       0x2d C:/ST/STM32CubeIDE_1.6.1/STM32CubeIDE/plugins/com.st.stm32cube.ide.mcu.externaltools.gnu-tools-for-stm32.12.3.rel1.win32_1.0.200.202406191623/tools/bin/../lib/gcc/arm-none-eabi/12.3.1/../../../../arm-none-eabi/lib/thumb/v7-m/nofp\libc_nano.a(libc_a-assert.o)
 .ARM.attributes
                0x00000827       0x2d C:/ST/STM32CubeIDE_1.6.1/STM32CubeIDE/plugins/com.st.stm32cube.ide.mcu.externaltools.gnu-tools-for-stm32.12.3.rel1.win32_1.0.200.202406191623/tools/bin/../lib/gcc/arm-none-eabi/12.3.1/../../../../arm-none-eabi/lib/thumb/v7-m/nofp\libc_nano.a(libc_a-freer.o)
 .ARM.attributes
                0x00000854       0x2d C:/ST/STM32CubeIDE_1.6.1/STM32CubeIDE/plugins/com.st.stm32cube.ide.mcu.externaltools.gnu-tools-for-stm32.12.3.rel1.win32_1.0.200.202406191623/tools/bin/../lib/gcc/arm-none-eabi/12.3.1/../../../../arm-none-eabi/lib/thumb/v7-m/nofp\libc_nano.a(libc_a-malloc.o)
 .ARM.attributes
                0x00000881       0x2d C:/ST/STM32CubeIDE_1.6.1/STM32CubeIDE/plugins/com.st.stm32cube.ide.mcu.externaltools.gnu-tools-for-stm32.12.3.rel1.win32_1.0.200.202406191623/tools/bin/../lib/gcc/arm-none-eabi/12.3.1/../../../../arm-none-eabi/lib/thumb/v7-m/nofp\libc_nano.a(libc_a-mallocr.o)
 .ARM.attributes
                0x000008ae       0x2d C:/ST/STM32CubeIDE_1.6.1/STM32CubeIDE/plugins/com.st.stm32cube.ide.mcu.externaltools.gnu-tools-for-stm32.12.3.rel1.win32_1.0.200.202406191623/tools/bin/../lib/gcc/arm-none-eabi/12.3.1/../../../../arm-none-eabi/lib/thumb/v7-m/nofp\libc_nano.a(libc_a-mlock.o)
 .ARM.attributes
                0x000008db       0x2d C:/ST/STM32CubeIDE_1.6.1/STM32CubeIDE/plugins/com.st.stm32cube.ide.mcu.externaltools.gnu-tools-for-stm32.12.3.rel1.win32_1.0.200.202406191623/tools/bin/../lib/gcc/arm-none-eabi/12.3.1/../../../../arm-none-eabi/lib/thumb/v7-m/nofp\libc_nano.a(libc_a-fflush.o)
 .ARM.attributes
                0x00000908       0x2d C:/ST/STM32CubeIDE_1.6.1/STM32CubeIDE/plugins/com.st.stm32cube.ide.mcu.externaltools.gnu-tools-for-stm32.12.3.rel1.win32_1.0.200.202406191623/tools/bin/../lib/gcc/arm-none-eabi/12.3.1/../../../../arm-none-eabi/lib/thumb/v7-m/nofp\libc_nano.a(libc_a-fprintf.o)
 .ARM.attributes
                0x00000935       0x2d C:/ST/STM32CubeIDE_1.6.1/STM32CubeIDE/plugins/com.st.stm32cube.ide.mcu.externaltools.gnu-tools-for-stm32.12.3.rel1.win32_1.0.200.202406191623/tools/bin/../lib/gcc/arm-none-eabi/12.3.1/../../../../arm-none-eabi/lib/thumb/v7-m/nofp\libc_nano.a(libc_a-sbrkr.o)
 .ARM.attributes