../Core/Src/main.c:98:6:map	8	static
../Core/Src/main.c:111:7:map_f	24	static
../Core/Src/main.c:125:9:constrain	12	static
../Core/Src/main.c:147:7:constrain_f	16	static
../Core/Src/main.c:169:9:scroll_value	12	static
../Core/Src/main.c:194:7:scroll_value_f	16	static
../Core/Src/main.c:219:9:random_number	24	static
../Core/Src/main.c:242:6:moving_average	48	static
../Core/Src/main.c:262:7:adc_read	56	static
../Core/Src/main.c:337:9:encoder_managment	20	static
../Core/Src/main.c:379:7:encoder_managment_f	32	static
../Core/Src/main.c:422:6:oled_converter	40	static
../Core/Src/main.c:510:6:oled_solder_station	40	static
../Core/Src/main.c:587:6:oled_hello	8	static
../Core/Src/main.c:599:6:oled_debug	32	static
../Core/Src/main.c:616:6:interface_task	56	static
../Core/Src/main.c:967:6:SystemClock_Config	80	static,ignoring_inline_asm
../Core/Src/main.c:898:5:main	104	static,ignoring_inline_asm
../Core/Src/main.c:1319:6:Error_Handler	0	static,ignoring_inline_asm
