../Core/Src/main.c:98:6:map	1
../Core/Src/main.c:111:7:map_f	1
../Core/Src/main.c:125:9:constrain	7
../Core/Src/main.c:147:7:constrain_f	3
../Core/Src/main.c:169:9:scroll_value	7
../Core/Src/main.c:194:7:scroll_value_f	3
../Core/Src/main.c:219:9:random_number	5
../Core/Src/main.c:242:6:moving_average	5
../Core/Src/main.c:262:7:adc_read	8
../Core/Src/main.c:337:9:encoder_managment	12
../Core/Src/main.c:379:7:encoder_managment_f	8
../Core/Src/main.c:422:6:oled_converter	5
../Core/Src/main.c:510:6:oled_solder_station	6
../Core/Src/main.c:587:6:oled_hello	1
../Core/Src/main.c:599:6:oled_debug	1
../Core/Src/main.c:616:6:interface_task	44
../Core/Src/main.c:967:6:SystemClock_Config	3
../Core/Src/main.c:898:5:main	14
../Core/Src/main.c:1319:6:Error_Handler	1
