../Core/Src/stm32g0xx_hal_msp.c:66:6:HAL_MspInit	8	static
../Core/Src/stm32g0xx_hal_msp.c:89:6:HAL_ADC_MspInit	48	static
../Core/Src/stm32g0xx_hal_msp.c:144:6:HAL_ADC_MspDeInit	8	static
../Core/Src/stm32g0xx_hal_msp.c:177:6:HAL_I2C_MspInit	64	static
../Core/Src/stm32g0xx_hal_msp.c:224:6:HAL_I2C_MspDeInit	8	static
../Core/Src/stm32g0xx_hal_msp.c:255:6:HAL_TIM_Encoder_MspInit	40	static
../Core/Src/stm32g0xx_hal_msp.c:295:6:HAL_TIM_Base_MspInit	8	static
../Core/Src/stm32g0xx_hal_msp.c:312:6:HAL_TIM_MspPostInit	32	static
../Core/Src/stm32g0xx_hal_msp.c:344:6:HAL_TIM_Encoder_MspDeInit	8	static
../Core/Src/stm32g0xx_hal_msp.c:375:6:HAL_TIM_Base_MspDeInit	0	static
