Archive member included because of file (symbol)

c:/users/jacek/documents/mkclipse/avr toolchain/bin/../lib/gcc/avr/5.4.0/avr25/tiny-stack\libgcc.a(_mulhi3.o)
                              Release/main.o (__mulhi3)
c:/users/jacek/documents/mkclipse/avr toolchain/bin/../lib/gcc/avr/5.4.0/avr25/tiny-stack\libgcc.a(_mulsi3.o)
                              Release/pid.o (__mulsi3)
c:/users/jacek/documents/mkclipse/avr toolchain/bin/../lib/gcc/avr/5.4.0/avr25/tiny-stack\libgcc.a(_udivmodhi4.o)
                              Release/main.o (__udivmodhi4)
c:/users/jacek/documents/mkclipse/avr toolchain/bin/../lib/gcc/avr/5.4.0/avr25/tiny-stack\libgcc.a(_divmodhi4.o)
                              Release/pid.o (__divmodhi4)
c:/users/jacek/documents/mkclipse/avr toolchain/bin/../lib/gcc/avr/5.4.0/avr25/tiny-stack\libgcc.a(_divmodsi4.o)
                              Release/pid.o (__divmodsi4)
c:/users/jacek/documents/mkclipse/avr toolchain/bin/../lib/gcc/avr/5.4.0/avr25/tiny-stack\libgcc.a(_negsi2.o)
                              c:/users/jacek/documents/mkclipse/avr toolchain/bin/../lib/gcc/avr/5.4.0/avr25/tiny-stack\libgcc.a(_divmodsi4.o) (__negsi2)
c:/users/jacek/documents/mkclipse/avr toolchain/bin/../lib/gcc/avr/5.4.0/avr25/tiny-stack\libgcc.a(_exit.o)
                              c:/users/jacek/documents/mkclipse/avr toolchain/bin/../lib/gcc/avr/5.4.0/../../../../avr/lib/avr25/tiny-stack/crtattiny13a.o (exit)
c:/users/jacek/documents/mkclipse/avr toolchain/bin/../lib/gcc/avr/5.4.0/avr25/tiny-stack\libgcc.a(_clear_bss.o)
                              Release/main.o (__do_clear_bss)
c:/users/jacek/documents/mkclipse/avr toolchain/bin/../lib/gcc/avr/5.4.0/avr25/tiny-stack\libgcc.a(_udivmodsi4.o)
                              c:/users/jacek/documents/mkclipse/avr toolchain/bin/../lib/gcc/avr/5.4.0/avr25/tiny-stack\libgcc.a(_divmodsi4.o) (__udivmodsi4)

Allocating common symbols
Common symbol       size              file

pidData             0x12              Release/main.o

Discarded input sections

 .data          0x00000000        0x0 c:/users/jacek/documents/mkclipse/avr toolchain/bin/../lib/gcc/avr/5.4.0/../../../../avr/lib/avr25/tiny-stack/crtattiny13a.o
 .bss           0x00000000        0x0 c:/users/jacek/documents/mkclipse/avr toolchain/bin/../lib/gcc/avr/5.4.0/../../../../avr/lib/avr25/tiny-stack/crtattiny13a.o
 .text          0x00000000        0x0 Release/main.o
 .data          0x00000000        0x0 Release/main.o
 .bss           0x00000000        0x0 Release/main.o
 .text.delay_us
                0x00000000       0x1a Release/main.o
 .text.delay_ms
                0x00000000       0x1e Release/main.o
 .text.pwm_write
                0x00000000        0x4 Release/main.o
 .text.map      0x00000000       0x28 Release/main.o
 .text.constrain
                0x00000000       0x14 Release/main.o
 .text          0x00000000        0x0 Release/mk_build.o
 .data          0x00000000        0x0 Release/mk_build.o
 .bss           0x00000000        0x0 Release/mk_build.o
 .text          0x00000000        0x0 Release/pid.o
 .data          0x00000000        0x0 Release/pid.o
 .bss           0x00000000        0x0 Release/pid.o
 .text.pid_Reset_Integrator
                0x00000000        0xc Release/pid.o
 .text          0x00000000        0x0 c:/users/jacek/documents/mkclipse/avr toolchain/bin/../lib/gcc/avr/5.4.0/avr25/tiny-stack\libgcc.a(_mulhi3.o)
 .data          0x00000000        0x0 c:/users/jacek/documents/mkclipse/avr toolchain/bin/../lib/gcc/avr/5.4.0/avr25/tiny-stack\libgcc.a(_mulhi3.o)
 .bss           0x00000000        0x0 c:/users/jacek/documents/mkclipse/avr toolchain/bin/../lib/gcc/avr/5.4.0/avr25/tiny-stack\libgcc.a(_mulhi3.o)
 .text.libgcc.div
                0x00000000        0x0 c:/users/jacek/documents/mkclipse/avr toolchain/bin/../lib/gcc/avr/5.4.0/avr25/tiny-stack\libgcc.a(_mulhi3.o)
 .text.libgcc   0x00000000        0x0 c:/users/jacek/documents/mkclipse/avr toolchain/bin/../lib/gcc/avr/5.4.0/avr25/tiny-stack\libgcc.a(_mulhi3.o)
 .text.libgcc.prologue
                0x00000000        0x0 c:/users/jacek/documents/mkclipse/avr toolchain/bin/../lib/gcc/avr/5.4.0/avr25/tiny-stack\libgcc.a(_mulhi3.o)
 .text.libgcc.builtins
                0x00000000        0x0 c:/users/jacek/documents/mkclipse/avr toolchain/bin/../lib/gcc/avr/5.4.0/avr25/tiny-stack\libgcc.a(_mulhi3.o)
 .text.libgcc.fmul
                0x00000000        0x0 c:/users/jacek/documents/mkclipse/avr toolchain/bin/../lib/gcc/avr/5.4.0/avr25/tiny-stack\libgcc.a(_mulhi3.o)
 .text.libgcc.fixed
                0x00000000        0x0 c:/users/jacek/documents/mkclipse/avr toolchain/bin/../lib/gcc/avr/5.4.0/avr25/tiny-stack\libgcc.a(_mulhi3.o)
 .text          0x00000000        0x0 c:/users/jacek/documents/mkclipse/avr toolchain/bin/../lib/gcc/avr/5.4.0/avr25/tiny-stack\libgcc.a(_mulsi3.o)
 .data          0x00000000        0x0 c:/users/jacek/documents/mkclipse/avr toolchain/bin/../lib/gcc/avr/5.4.0/avr25/tiny-stack\libgcc.a(_mulsi3.o)
 .bss           0x00000000        0x0 c:/users/jacek/documents/mkclipse/avr toolchain/bin/../lib/gcc/avr/5.4.0/avr25/tiny-stack\libgcc.a(_mulsi3.o)
 .text.libgcc.div
                0x00000000        0x0 c:/users/jacek/documents/mkclipse/avr toolchain/bin/../lib/gcc/avr/5.4.0/avr25/tiny-stack\libgcc.a(_mulsi3.o)
 .text.libgcc   0x00000000        0x0 c:/users/jacek/documents/mkclipse/avr toolchain/bin/../lib/gcc/avr/5.4.0/avr25/tiny-stack\libgcc.a(_mulsi3.o)
 .text.libgcc.prologue
                0x00000000        0x0 c:/users/jacek/documents/mkclipse/avr toolchain/bin/../lib/gcc/avr/5.4.0/avr25/tiny-stack\libgcc.a(_mulsi3.o)
 .text.libgcc.builtins
                0x00000000        0x0 c:/users/jacek/documents/mkclipse/avr toolchain/bin/../lib/gcc/avr/5.4.0/avr25/tiny-stack\libgcc.a(_mulsi3.o)
 .text.libgcc.fmul
                0x00000000        0x0 c:/users/jacek/documents/mkclipse/avr toolchain/bin/../lib/gcc/avr/5.4.0/avr25/tiny-stack\libgcc.a(_mulsi3.o)
 .text.libgcc.fixed
                0x00000000        0x0 c:/users/jacek/documents/mkclipse/avr toolchain/bin/../lib/gcc/avr/5.4.0/avr25/tiny-stack\libgcc.a(_mulsi3.o)
 .text          0x00000000        0x0 c:/users/jacek/documents/mkclipse/avr toolchain/bin/../lib/gcc/avr/5.4.0/avr25/tiny-stack\libgcc.a(_udivmodhi4.o)
 .data          0x00000000        0x0 c:/users/jacek/documents/mkclipse/avr toolchain/bin/../lib/gcc/avr/5.4.0/avr25/tiny-stack\libgcc.a(_udivmodhi4.o)
 .bss           0x00000000        0x0 c:/users/jacek/documents/mkclipse/avr toolchain/bin/../lib/gcc/avr/5.4.0/avr25/tiny-stack\libgcc.a(_udivmodhi4.o)
 .text.libgcc.mul
                0x00000000        0x0 c:/users/jacek/documents/mkclipse/avr toolchain/bin/../lib/gcc/avr/5.4.0/avr25/tiny-stack\libgcc.a(_udivmodhi4.o)
 .text.libgcc   0x00000000        0x0 c:/users/jacek/documents/mkclipse/avr toolchain/bin/../lib/gcc/avr/5.4.0/avr25/tiny-stack\libgcc.a(_udivmodhi4.o)
 .text.libgcc.prologue
                0x00000000        0x0 c:/users/jacek/documents/mkclipse/avr toolchain/bin/../lib/gcc/avr/5.4.0/avr25/tiny-stack\libgcc.a(_udivmodhi4.o)
 .text.libgcc.builtins
                0x00000000        0x0 c:/users/jacek/documents/mkclipse/avr toolchain/bin/../lib/gcc/avr/5.4.0/avr25/tiny-stack\libgcc.a(_udivmodhi4.o)
 .text.libgcc.fmul
                0x00000000        0x0 c:/users/jacek/documents/mkclipse/avr toolchain/bin/../lib/gcc/avr/5.4.0/avr25/tiny-stack\libgcc.a(_udivmodhi4.o)
 .text.libgcc.fixed
                0x00000000        0x0 c:/users/jacek/documents/mkclipse/avr toolchain/bin/../lib/gcc/avr/5.4.0/avr25/tiny-stack\libgcc.a(_udivmodhi4.o)
 .text          0x00000000        0x0 c:/users/jacek/documents/mkclipse/avr toolchain/bin/../lib/gcc/avr/5.4.0/avr25/tiny-stack\libgcc.a(_divmodhi4.o)
 .data          0x00000000        0x0 c:/users/jacek/documents/mkclipse/avr toolchain/bin/../lib/gcc/avr/5.4.0/avr25/tiny-stack\libgcc.a(_divmodhi4.o)
 .bss           0x00000000        0x0 c:/users/jacek/documents/mkclipse/avr toolchain/bin/../lib/gcc/avr/5.4.0/avr25/tiny-stack\libgcc.a(_divmodhi4.o)
 .text.libgcc.mul
                0x00000000        0x0 c:/users/jacek/documents/mkclipse/avr toolchain/bin/../lib/gcc/avr/5.4.0/avr25/tiny-stack\libgcc.a(_divmodhi4.o)
 .text.libgcc   0x00000000        0x0 c:/users/jacek/documents/mkclipse/avr toolchain/bin/../lib/gcc/avr/5.4.0/avr25/tiny-stack\libgcc.a(_divmodhi4.o)
 .text.libgcc.prologue
                0x00000000        0x0 c:/users/jacek/documents/mkclipse/avr toolchain/bin/../lib/gcc/avr/5.4.0/avr25/tiny-stack\libgcc.a(_divmodhi4.o)
 .text.libgcc.builtins
                0x00000000        0x0 c:/users/jacek/documents/mkclipse/avr toolchain/bin/../lib/gcc/avr/5.4.0/avr25/tiny-stack\libgcc.a(_divmodhi4.o)
 .text.libgcc.fmul
                0x00000000        0x0 c:/users/jacek/documents/mkclipse/avr toolchain/bin/../lib/gcc/avr/5.4.0/avr25/tiny-stack\libgcc.a(_divmodhi4.o)
 .text.libgcc.fixed
                0x00000000        0x0 c:/users/jacek/documents/mkclipse/avr toolchain/bin/../lib/gcc/avr/5.4.0/avr25/tiny-stack\libgcc.a(_divmodhi4.o)
 .text          0x00000000        0x0 c:/users/jacek/documents/mkclipse/avr toolchain/bin/../lib/gcc/avr/5.4.0/avr25/tiny-stack\libgcc.a(_divmodsi4.o)
 .data          0x00000000        0x0 c:/users/jacek/documents/mkclipse/avr toolchain/bin/../lib/gcc/avr/5.4.0/avr25/tiny-stack\libgcc.a(_divmodsi4.o)
 .bss           0x00000000        0x0 c:/users/jacek/documents/mkclipse/avr toolchain/bin/../lib/gcc/avr/5.4.0/avr25/tiny-stack\libgcc.a(_divmodsi4.o)
 .text.libgcc.mul
                0x00000000        0x0 c:/users/jacek/documents/mkclipse/avr toolchain/bin/../lib/gcc/avr/5.4.0/avr25/tiny-stack\libgcc.a(_divmodsi4.o)
 .text.libgcc   0x00000000        0x0 c:/users/jacek/documents/mkclipse/avr toolchain/bin/../lib/gcc/avr/5.4.0/avr25/tiny-stack\libgcc.a(_divmodsi4.o)
 .text.libgcc.prologue
                0x00000000        0x0 c:/users/jacek/documents/mkclipse/avr toolchain/bin/../lib/gcc/avr/5.4.0/avr25/tiny-stack\libgcc.a(_divmodsi4.o)
 .text.libgcc.builtins
                0x00000000        0x0 c:/users/jacek/documents/mkclipse/avr toolchain/bin/../lib/gcc/avr/5.4.0/avr25/tiny-stack\libgcc.a(_divmodsi4.o)
 .text.libgcc.fmul
                0x00000000        0x0 c:/users/jacek/documents/mkclipse/avr toolchain/bin/../lib/gcc/avr/5.4.0/avr25/tiny-stack\libgcc.a(_divmodsi4.o)
 .text.libgcc.fixed
                0x00000000        0x0 c:/users/jacek/documents/mkclipse/avr toolchain/bin/../lib/gcc/avr/5.4.0/avr25/tiny-stack\libgcc.a(_divmodsi4.o)
 .text          0x00000000        0x0 c:/users/jacek/documents/mkclipse/avr toolchain/bin/../lib/gcc/avr/5.4.0/avr25/tiny-stack\libgcc.a(_negsi2.o)
 .data          0x00000000        0x0 c:/users/jacek/documents/mkclipse/avr toolchain/bin/../lib/gcc/avr/5.4.0/avr25/tiny-stack\libgcc.a(_negsi2.o)
 .bss           0x00000000        0x0 c:/users/jacek/documents/mkclipse/avr toolchain/bin/../lib/gcc/avr/5.4.0/avr25/tiny-stack\libgcc.a(_negsi2.o)
 .text.libgcc.mul
                0x00000000        0x0 c:/users/jacek/documents/mkclipse/avr toolchain/bin/../lib/gcc/avr/5.4.0/avr25/tiny-stack\libgcc.a(_negsi2.o)
 .text.libgcc   0x00000000        0x0 c:/users/jacek/documents/mkclipse/avr toolchain/bin/../lib/gcc/avr/5.4.0/avr25/tiny-stack\libgcc.a(_negsi2.o)
 .text.libgcc.prologue
                0x00000000        0x0 c:/users/jacek/documents/mkclipse/avr toolchain/bin/../lib/gcc/avr/5.4.0/avr25/tiny-stack\libgcc.a(_negsi2.o)
 .text.libgcc.builtins
                0x00000000        0x0 c:/users/jacek/documents/mkclipse/avr toolchain/bin/../lib/gcc/avr/5.4.0/avr25/tiny-stack\libgcc.a(_negsi2.o)
 .text.libgcc.fmul
                0x00000000        0x0 c:/users/jacek/documents/mkclipse/avr toolchain/bin/../lib/gcc/avr/5.4.0/avr25/tiny-stack\libgcc.a(_negsi2.o)
 .text.libgcc.fixed
                0x00000000        0x0 c:/users/jacek/documents/mkclipse/avr toolchain/bin/../lib/gcc/avr/5.4.0/avr25/tiny-stack\libgcc.a(_negsi2.o)
 .text          0x00000000        0x0 c:/users/jacek/documents/mkclipse/avr toolchain/bin/../lib/gcc/avr/5.4.0/avr25/tiny-stack\libgcc.a(_exit.o)
 .data          0x00000000        0x0 c:/users/jacek/documents/mkclipse/avr toolchain/bin/../lib/gcc/avr/5.4.0/avr25/tiny-stack\libgcc.a(_exit.o)
 .bss           0x00000000        0x0 c:/users/jacek/documents/mkclipse/avr toolchain/bin/../lib/gcc/avr/5.4.0/avr25/tiny-stack\libgcc.a(_exit.o)
 .text.libgcc.mul
                0x00000000        0x0 c:/users/jacek/documents/mkclipse/avr toolchain/bin/../lib/gcc/avr/5.4.0/avr25/tiny-stack\libgcc.a(_exit.o)
 .text.libgcc.div
                0x00000000        0x0 c:/users/jacek/documents/mkclipse/avr toolchain/bin/../lib/gcc/avr/5.4.0/avr25/tiny-stack\libgcc.a(_exit.o)
 .text.libgcc   0x00000000        0x0 c:/users/jacek/documents/mkclipse/avr toolchain/bin/../lib/gcc/avr/5.4.0/avr25/tiny-stack\libgcc.a(_exit.o)
 .text.libgcc.prologue
                0x00000000        0x0 c:/users/jacek/documents/mkclipse/avr toolchain/bin/../lib/gcc/avr/5.4.0/avr25/tiny-stack\libgcc.a(_exit.o)
 .text.libgcc.builtins
                0x00000000        0x0 c:/users/jacek/documents/mkclipse/avr toolchain/bin/../lib/gcc/avr/5.4.0/avr25/tiny-stack\libgcc.a(_exit.o)
 .text.libgcc.fmul
                0x00000000        0x0 c:/users/jacek/documents/mkclipse/avr toolchain/bin/../lib/gcc/avr/5.4.0/avr25/tiny-stack\libgcc.a(_exit.o)
 .text.libgcc.fixed
                0x00000000        0x0 c:/users/jacek/documents/mkclipse/avr toolchain/bin/../lib/gcc/avr/5.4.0/avr25/tiny-stack\libgcc.a(_exit.o)
 .text          0x00000000        0x0 c:/users/jacek/documents/mkclipse/avr toolchain/bin/../lib/gcc/avr/5.4.0/avr25/tiny-stack\libgcc.a(_clear_bss.o)
 .data          0x00000000        0x0 c:/users/jacek/documents/mkclipse/avr toolchain/bin/../lib/gcc/avr/5.4.0/avr25/tiny-stack\libgcc.a(_clear_bss.o)
 .bss           0x00000000        0x0 c:/users/jacek/documents/mkclipse/avr toolchain/bin/../lib/gcc/avr/5.4.0/avr25/tiny-stack\libgcc.a(_clear_bss.o)
 .text.libgcc.mul
                0x00000000        0x0 c:/users/jacek/documents/mkclipse/avr toolchain/bin/../lib/gcc/avr/5.4.0/avr25/tiny-stack\libgcc.a(_clear_bss.o)
 .text.libgcc.div
                0x00000000        0x0 c:/users/jacek/documents/mkclipse/avr toolchain/bin/../lib/gcc/avr/5.4.0/avr25/tiny-stack\libgcc.a(_clear_bss.o)
 .text.libgcc   0x00000000        0x0 c:/users/jacek/documents/mkclipse/avr toolchain/bin/../lib/gcc/avr/5.4.0/avr25/tiny-stack\libgcc.a(_clear_bss.o)
 .text.libgcc.prologue
                0x00000000        0x0 c:/users/jacek/documents/mkclipse/avr toolchain/bin/../lib/gcc/avr/5.4.0/avr25/tiny-stack\libgcc.a(_clear_bss.o)
 .text.libgcc.builtins
                0x00000000        0x0 c:/users/jacek/documents/mkclipse/avr toolchain/bin/../lib/gcc/avr/5.4.0/avr25/tiny-stack\libgcc.a(_clear_bss.o)
 .text.libgcc.fmul
                0x00000000        0x0 c:/users/jacek/documents/mkclipse/avr toolchain/bin/../lib/gcc/avr/5.4.0/avr25/tiny-stack\libgcc.a(_clear_bss.o)
 .text.libgcc.fixed
                0x00000000        0x0 c:/users/jacek/documents/mkclipse/avr toolchain/bin/../lib/gcc/avr/5.4.0/avr25/tiny-stack\libgcc.a(_clear_bss.o)
 .text          0x00000000        0x0 c:/users/jacek/documents/mkclipse/avr toolchain/bin/../lib/gcc/avr/5.4.0/avr25/tiny-stack\libgcc.a(_udivmodsi4.o)
 .data          0x00000000        0x0 c:/users/jacek/documents/mkclipse/avr toolchain/bin/../lib/gcc/avr/5.4.0/avr25/tiny-stack\libgcc.a(_udivmodsi4.o)
 .bss           0x00000000        0x0 c:/users/jacek/documents/mkclipse/avr toolchain/bin/../lib/gcc/avr/5.4.0/avr25/tiny-stack\libgcc.a(_udivmodsi4.o)
 .text.libgcc.mul
                0x00000000        0x0 c:/users/jacek/documents/mkclipse/avr toolchain/bin/../lib/gcc/avr/5.4.0/avr25/tiny-stack\libgcc.a(_udivmodsi4.o)
 .text.libgcc   0x00000000        0x0 c:/users/jacek/documents/mkclipse/avr toolchain/bin/../lib/gcc/avr/5.4.0/avr25/tiny-stack\libgcc.a(_udivmodsi4.o)
 .text.libgcc.prologue
                0x00000000        0x0 c:/users/jacek/documents/mkclipse/avr toolchain/bin/../lib/gcc/avr/5.4.0/avr25/tiny-stack\libgcc.a(_udivmodsi4.o)
 .text.libgcc.builtins
                0x00000000        0x0 c:/users/jacek/documents/mkclipse/avr toolchain/bin/../lib/gcc/avr/5.4.0/avr25/tiny-stack\libgcc.a(_udivmodsi4.o)
 .text.libgcc.fmul
                0x00000000        0x0 c:/users/jacek/documents/mkclipse/avr toolchain/bin/../lib/gcc/avr/5.4.0/avr25/tiny-stack\libgcc.a(_udivmodsi4.o)
 .text.libgcc.fixed
                0x00000000        0x0 c:/users/jacek/documents/mkclipse/avr toolchain/bin/../lib/gcc/avr/5.4.0/avr25/tiny-stack\libgcc.a(_udivmodsi4.o)

Memory Configuration

Name             Origin             Length             Attributes
text             0x00000000         0x00002000         xr
data             0x00800060         0x0000ffa0         rw !x
eeprom           0x00810000         0x00010000         rw !x
fuse             0x00820000         0x00000400         rw !x
lock             0x00830000         0x00000400         rw !x
signature        0x00840000         0x00000400         rw !x
user_signatures  0x00850000         0x00000400         rw !x
*default*        0x00000000         0xffffffff

Linker script and memory map

LOAD c:/users/jacek/documents/mkclipse/avr toolchain/bin/../lib/gcc/avr/5.4.0/../../../../avr/lib/avr25/tiny-stack/crtattiny13a.o
Address of section .text set to 0x0
LOAD Release/main.o
LOAD Release/mk_build.o
LOAD Release/pid.o
START GROUP
LOAD c:/users/jacek/documents/mkclipse/avr toolchain/bin/../lib/gcc/avr/5.4.0/avr25/tiny-stack\libgcc.a
LOAD c:/users/jacek/documents/mkclipse/avr toolchain/bin/../lib/gcc/avr/5.4.0/../../../../avr/lib/avr25/tiny-stack\libm.a
LOAD c:/users/jacek/documents/mkclipse/avr toolchain/bin/../lib/gcc/avr/5.4.0/../../../../avr/lib/avr25/tiny-stack\libc.a
LOAD c:/users/jacek/documents/mkclipse/avr toolchain/bin/../lib/gcc/avr/5.4.0/../../../../avr/lib/avr25/tiny-stack\libattiny13a.a
END GROUP

.hash
 *(.hash)

.dynsym
 *(.dynsym)

.dynstr
 *(.dynstr)

.gnu.version
 *(.gnu.version)

.gnu.version_d
 *(.gnu.version_d)

.gnu.version_r
 *(.gnu.version_r)

.rel.init
 *(.rel.init)

.rela.init
 *(.rela.init)

.rel.text
 *(.rel.text)
 *(.rel.text.*)
 *(.rel.gnu.linkonce.t*)

.rela.text
 *(.rela.text)
 *(.rela.text.*)
 *(.rela.gnu.linkonce.t*)

.rel.fini
 *(.rel.fini)

.rela.fini
 *(.rela.fini)

.rel.rodata
 *(.rel.rodata)
 *(.rel.rodata.*)
 *(.rel.gnu.linkonce.r*)

.rela.rodata
 *(.rela.rodata)
 *(.rela.rodata.*)
 *(.rela.gnu.linkonce.r*)

.rel.data
 *(.rel.data)
 *(.rel.data.*)
 *(.rel.gnu.linkonce.d*)

.rela.data
 *(.rela.data)
 *(.rela.data.*)
 *(.rela.gnu.linkonce.d*)

.rel.ctors
 *(.rel.ctors)

.rela.ctors
 *(.rela.ctors)

.rel.dtors
 *(.rel.dtors)

.rela.dtors
 *(.rela.dtors)

.rel.got
 *(.rel.got)

.rela.got
 *(.rela.got)

.rel.bss
 *(.rel.bss)

.rela.bss
 *(.rela.bss)

.rel.plt
 *(.rel.plt)

.rela.plt
 *(.rela.plt)

.text           0x00000000      0x3c8
 *(.vectors)
 .vectors       0x00000000       0x14 c:/users/jacek/documents/mkclipse/avr toolchain/bin/../lib/gcc/avr/5.4.0/../../../../avr/lib/avr25/tiny-stack/crtattiny13a.o
                0x00000000                __vector_default
                0x00000000                __vectors
 *(.vectors)
 *(.progmem.gcc*)
                0x00000014                . = ALIGN (0x2)
                0x00000014                __trampolines_start = .
 *(.trampolines)
 .trampolines   0x00000014        0x0 linker stubs
 *(.trampolines*)
                0x00000014                __trampolines_end = .
 *(.progmem*)
 .progmem.data.MkBuildTime
                0x00000014        0x9 Release/mk_build.o
                0x00000014                MkBuildTime
 .progmem.data.MkBuildDate
                0x0000001d        0xb Release/mk_build.o
                0x0000001d                MkBuildDate
 .progmem.data.MkBuildNumber
                0x00000028        0x4 Release/mk_build.o
                0x00000028                MkBuildNumber
 .progmem.data.MkBuildVersion
                0x0000002c        0x6 Release/mk_build.o
                0x0000002c                MkBuildVersion
                0x00000032                . = ALIGN (0x2)
 *(.jumptables)
 *(.jumptables*)
 *(.lowtext)
 *(.lowtext*)
                0x00000032                __ctors_start = .
 *(.ctors)
                0x00000032                __ctors_end = .
                0x00000032                __dtors_start = .
 *(.dtors)
                0x00000032                __dtors_end = .
 SORT(*)(.ctors)
 SORT(*)(.dtors)
 *(.init0)
 .init0         0x00000032        0x0 c:/users/jacek/documents/mkclipse/avr toolchain/bin/../lib/gcc/avr/5.4.0/../../../../avr/lib/avr25/tiny-stack/crtattiny13a.o
                0x00000032                __init
 *(.init0)
 *(.init1)
 *(.init1)
 *(.init2)
 .init2         0x00000032        0x8 c:/users/jacek/documents/mkclipse/avr toolchain/bin/../lib/gcc/avr/5.4.0/../../../../avr/lib/avr25/tiny-stack/crtattiny13a.o
 *(.init2)
 *(.init3)
 *(.init3)
 *(.init4)
 .init4         0x0000003a       0x10 c:/users/jacek/documents/mkclipse/avr toolchain/bin/../lib/gcc/avr/5.4.0/avr25/tiny-stack\libgcc.a(_clear_bss.o)
                0x0000003a                __do_clear_bss
 *(.init4)
 *(.init5)
 *(.init5)
 *(.init6)
 *(.init6)
 *(.init7)
 *(.init7)
 *(.init8)
 *(.init8)
 *(.init9)
 .init9         0x0000004a        0x4 c:/users/jacek/documents/mkclipse/avr toolchain/bin/../lib/gcc/avr/5.4.0/../../../../avr/lib/avr25/tiny-stack/crtattiny13a.o
 *(.init9)
 *(.text)
 .text          0x0000004e        0x2 c:/users/jacek/documents/mkclipse/avr toolchain/bin/../lib/gcc/avr/5.4.0/../../../../avr/lib/avr25/tiny-stack/crtattiny13a.o
                0x0000004e                __vector_1
                0x0000004e                __bad_interrupt
                0x0000004e                __vector_6
                0x0000004e                __vector_3
                0x0000004e                __vector_7
                0x0000004e                __vector_5
                0x0000004e                __vector_4
                0x0000004e                __vector_9
                0x0000004e                __vector_2
                0x0000004e                __vector_8
                0x00000050                . = ALIGN (0x2)
 *(.text.*)
 .text.adc_setup
                0x00000050       0x12 Release/main.o
                0x00000050                adc_setup
 .text.adc_read
                0x00000062        0xc Release/main.o
                0x00000062                adc_read
 .text.pwm_setup
                0x0000006e       0x16 Release/main.o
                0x0000006e                pwm_setup
 .text.startup.main
                0x00000084       0x72 Release/main.o
                0x00000084                main
 .text.pid_Init
                0x000000f6       0x56 Release/pid.o
                0x000000f6                pid_Init
 .text.pid_Controller
                0x0000014c      0x15a Release/pid.o
                0x0000014c                pid_Controller
 .text.libgcc.mul
                0x000002a6       0x22 c:/users/jacek/documents/mkclipse/avr toolchain/bin/../lib/gcc/avr/5.4.0/avr25/tiny-stack\libgcc.a(_mulhi3.o)
                0x000002a6                __mulhi3
 .text.libgcc.mul
                0x000002c8       0x32 c:/users/jacek/documents/mkclipse/avr toolchain/bin/../lib/gcc/avr/5.4.0/avr25/tiny-stack\libgcc.a(_mulsi3.o)
                0x000002c8                __mulsi3
                0x000002cc                __mulsi3_helper
 .text.libgcc.div
                0x000002fa       0x28 c:/users/jacek/documents/mkclipse/avr toolchain/bin/../lib/gcc/avr/5.4.0/avr25/tiny-stack\libgcc.a(_udivmodhi4.o)
                0x000002fa                __udivmodhi4
 .text.libgcc.div
                0x00000322       0x26 c:/users/jacek/documents/mkclipse/avr toolchain/bin/../lib/gcc/avr/5.4.0/avr25/tiny-stack\libgcc.a(_divmodhi4.o)
                0x00000322                _div
                0x00000322                __divmodhi4
 .text.libgcc.div
                0x00000348       0x28 c:/users/jacek/documents/mkclipse/avr toolchain/bin/../lib/gcc/avr/5.4.0/avr25/tiny-stack\libgcc.a(_divmodsi4.o)
                0x00000348                __divmodsi4
 .text.libgcc.div
                0x00000370       0x10 c:/users/jacek/documents/mkclipse/avr toolchain/bin/../lib/gcc/avr/5.4.0/avr25/tiny-stack\libgcc.a(_negsi2.o)
                0x00000370                __negsi2
 .text.libgcc.div
                0x00000380       0x44 c:/users/jacek/documents/mkclipse/avr toolchain/bin/../lib/gcc/avr/5.4.0/avr25/tiny-stack\libgcc.a(_udivmodsi4.o)
                0x00000380                __udivmodsi4
                0x000003c4                . = ALIGN (0x2)
 *(.fini9)
 .fini9         0x000003c4        0x0 c:/users/jacek/documents/mkclipse/avr toolchain/bin/../lib/gcc/avr/5.4.0/avr25/tiny-stack\libgcc.a(_exit.o)
                0x000003c4                _exit
                0x000003c4                exit
 *(.fini9)
 *(.fini8)
 *(.fini8)
 *(.fini7)
 *(.fini7)
 *(.fini6)
 *(.fini6)
 *(.fini5)
 *(.fini5)
 *(.fini4)
 *(.fini4)
 *(.fini3)
 *(.fini3)
 *(.fini2)
 *(.fini2)
 *(.fini1)
 *(.fini1)
 *(.fini0)
 .fini0         0x000003c4        0x4 c:/users/jacek/documents/mkclipse/avr toolchain/bin/../lib/gcc/avr/5.4.0/avr25/tiny-stack\libgcc.a(_exit.o)
 *(.fini0)
                0x000003c8                _etext = .

.data           0x00800060        0x0 load address 0x000003c8
                0x00800060                PROVIDE (__data_start, .)
 *(.data)
 *(.data*)
 *(.rodata)
 *(.rodata*)
 *(.gnu.linkonce.d*)
                0x00800060                . = ALIGN (0x2)
                0x00800060                _edata = .
                0x00800060                PROVIDE (__data_end, .)

.bss            0x00800060       0x16
                0x00800060                PROVIDE (__bss_start, .)
 *(.bss)
 *(.bss*)
 .bss.ADC_DATA  0x00800060        0x2 Release/main.o
                0x00800060                ADC_DATA
 .bss.DUTY      0x00800062        0x2 Release/main.o
                0x00800062                DUTY
 *(COMMON)
 COMMON         0x00800064       0x12 Release/main.o
                0x00800064                pidData
                0x00800076                PROVIDE (__bss_end, .)
                0x000003c8                __data_load_start = LOADADDR (.data)
                0x000003c8                __data_load_end = (__data_load_start + SIZEOF (.data))

.noinit         0x00800076        0x0
                0x00800076                PROVIDE (__noinit_start, .)
 *(.noinit*)
                0x00800076                PROVIDE (__noinit_end, .)
                0x00800076                _end = .
                0x00800076                PROVIDE (__heap_start, .)

.eeprom         0x00810000        0x0
 *(.eeprom*)
                0x00810000                __eeprom_end = .

.fuse
 *(.fuse)
 *(.lfuse)
 *(.hfuse)
 *(.efuse)

.lock
 *(.lock*)

.signature
 *(.signature*)

.user_signatures
 *(.user_signatures*)

.stab
 *(.stab)

.stabstr
 *(.stabstr)

.stab.excl
 *(.stab.excl)

.stab.exclstr
 *(.stab.exclstr)

.stab.index
 *(.stab.index)

.stab.indexstr
 *(.stab.indexstr)

.comment        0x00000000       0x30
 *(.comment)
 .comment       0x00000000       0x30 Release/main.o
                                 0x31 (size before relaxing)
 .comment       0x00000000       0x31 Release/mk_build.o
 .comment       0x00000000       0x31 Release/pid.o

.note.gnu.avr.deviceinfo
                0x00000000       0x3c
 .note.gnu.avr.deviceinfo
                0x00000000       0x3c c:/users/jacek/documents/mkclipse/avr toolchain/bin/../lib/gcc/avr/5.4.0/../../../../avr/lib/avr25/tiny-stack/crtattiny13a.o

.note.gnu.build-id
 *(.note.gnu.build-id)

.debug
 *(.debug)

.line
 *(.line)

.debug_srcinfo
 *(.debug_srcinfo)

.debug_sfnames
 *(.debug_sfnames)

.debug_aranges
 *(.debug_aranges)

.debug_pubnames
 *(.debug_pubnames)

.debug_info     0x00000000      0x2dc
 *(.debug_info .gnu.linkonce.wi.*)
 .debug_info    0x00000000      0x2dc c:/users/jacek/documents/mkclipse/avr toolchain/bin/../lib/gcc/avr/5.4.0/../../../../avr/lib/avr25/tiny-stack/crtattiny13a.o

.debug_abbrev   0x00000000      0x2b6
 *(.debug_abbrev)
 .debug_abbrev  0x00000000      0x2b6 c:/users/jacek/documents/mkclipse/avr toolchain/bin/../lib/gcc/avr/5.4.0/../../../../avr/lib/avr25/tiny-stack/crtattiny13a.o

.debug_line     0x00000000       0x1a
 *(.debug_line .debug_line.* .debug_line_end)
 .debug_line    0x00000000       0x1a c:/users/jacek/documents/mkclipse/avr toolchain/bin/../lib/gcc/avr/5.4.0/../../../../avr/lib/avr25/tiny-stack/crtattiny13a.o

.debug_frame
 *(.debug_frame)

.debug_str      0x00000000      0x100
 *(.debug_str)
 .debug_str     0x00000000      0x100 c:/users/jacek/documents/mkclipse/avr toolchain/bin/../lib/gcc/avr/5.4.0/../../../../avr/lib/avr25/tiny-stack/crtattiny13a.o

.debug_loc
 *(.debug_loc)

.debug_macinfo
 *(.debug_macinfo)

.debug_weaknames
 *(.debug_weaknames)

.debug_funcnames
 *(.debug_funcnames)

.debug_typenames
 *(.debug_typenames)

.debug_varnames
 *(.debug_varnames)

.debug_pubtypes
 *(.debug_pubtypes)

.debug_ranges
 *(.debug_ranges)

.debug_macro
 *(.debug_macro)
OUTPUT(Release/026.MP.JW_01-ATTINY13_v2-PID_WORK.elf elf32-avr)
LOAD linker stubs
